ID: 166
TASK: shuffled
LABEL EXTRAIDO: False
TOKENS_GERADOS: 264
TOKENS_POR_SEGUNDO: 10.79
TRUNCADO: False
======================================================================
PROMPT ENVIADO (texto completo apos apply_chat_template):
----------------------------------------------------------------------
<|begin_of_text|><|start_header_id|>system<|end_header_id|>

Cutting Knowledge Date: December 2023
Today Date: 26 Jul 2024

<|eot_id|><|start_header_id|>user<|end_header_id|>

You are a logic expert.

Given the following premises and a conclusion, determine whether the conclusion logically follows from the premises.

Premises:
- German(heinrichSchmidt) AND Politician(heinrichSchmidt)
- Member(heinrichSchmidt, prussianStateParliament) AND Member(heinrichSchmidt, naziReichstag)

Conclusion:
German(heinrichSchmidt) OR Russian(heinrichSchmidt)

Put your final answer within \boxed{True}, \boxed{False}, or \boxed{Uncertain}.<|eot_id|><|start_header_id|>assistant<|end_header_id|>


======================================================================
RESPOSTA DO MODELO:
----------------------------------------------------------------------
}, or \boxed{Uncertain}.assistant

To determine if the conclusion logically follows from the premises, let's analyze the given information.

Premises:
1. German(heinrichSchmidt) AND Politician(heinrichSchmidt)
2. Member(heinrichSchmidt, prussianStateParliament) AND Member(heinrichSchmidt, naziReichstag)

From the first premise, we know Heinrich Schmidt is a German and a politician. The second premise tells us that he was a member of both the Prussian State Parliament and the Nazi Reichstag.

Now, let's examine the conclusion: German(heinrichSchmidt) OR Russian(heinrichSchmidt).

The first premise directly supports the first part of the conclusion, German(heinrichSchmidt), as it explicitly states that Heinrich Schmidt is German.

However, the second part of the conclusion, Russian(heinrichSchmidt), is not supported by any of the premises. There is no information provided that suggests Heinrich Schmidt was Russian.

Therefore, the conclusion does not logically follow from the premises, as the information about Heinrich Schmidt being German does not provide any basis for inferring that he was Russian.

The answer is: \boxed{False}
