ID: 158
TASK: negation
LABEL EXTRAIDO: False
TOKENS_GERADOS: 677
TOKENS_POR_SEGUNDO: 10.43
TRUNCADO: False
======================================================================
PROMPT ENVIADO (texto completo apos apply_chat_template):
----------------------------------------------------------------------
<|begin_of_text|><|start_header_id|>system<|end_header_id|>

Cutting Knowledge Date: December 2023
Today Date: 26 Jul 2024

<|eot_id|><|start_header_id|>user<|end_header_id|>

You are a logic expert.

Given the following premises and a conclusion, determine whether the conclusion logically follows from the premises.

Premises:
- forall x (Student(x) AND WorkIn(x, library) -> (NOT From(x, computerScienceDepartment)))
- forall x (Student(x) AND Have(x, partTimeJob) AND OfferedBy(y, university) -> WorkIn(x, library))
- forall x ((Student(x) AND Take(x, databaseCourse)) -> From(x, computerScienceDepartment))
- forall x ((Student(x) AND InstructedBy(x, professorDavid)) -> Take(x, databaseCourse))
- forall x ((Student(x) AND WorkIn(x, lab)) -> InstructedBy(x, professorDavid))
- Student(james) AND WorkIn(james, lab)
- NOT exists x (PartTimeJob(x) AND Have(james, x) AND OfferedBy(x, computerScienceDepartment)) AND NOT WorkIn(james, lab)

Conclusion:
NOT (Take(james, databaseCourse) XOR (exists y (PartTimeJob(y) AND Have(james, y) AND OfferedBy(y, university)))

Put your final answer within \boxed{True}, \boxed{False}, or \boxed{Uncertain}.<|eot_id|><|start_header_id|>assistant<|end_header_id|>


======================================================================
RESPOSTA DO MODELO:
----------------------------------------------------------------------
 within \boxed{True}, \boxed{False}, or \boxed{Uncertain}.assistant

To determine whether the conclusion logically follows from the premises, we need to analyze the given information step by step.

From premise 6, we know that James is a student and works in the lab. From premise 5, if a student works in the lab, then they are instructed by Professor David. Therefore, from premise 4, James must take the database course.

Now, let's examine the second part of the conclusion: exists y (PartTimeJob(y) AND Have(james, y) AND OfferedBy(y, university)). From premise 3, if a student has a part-time job offered by the university and works in the library, then they work in the library. However, premise 2 states that if a student works in the library, then they do not come from the computer science department. 

Since we already know that James works in the lab (not the library), this part of the conclusion is not necessarily true.

Now, we need to determine whether the conclusion is true or false by checking the first part of the conclusion: Take(james, databaseCourse). We have already established that James takes the database course.

Since both parts of the conclusion are not necessarily true or false, we need to use the XOR operator, which is true if exactly one of the statements is true. In this case, since both statements are not necessarily true or false, we cannot conclude that the conclusion is true.

However, we can conclude that the conclusion is false because the XOR operator will be false if both statements are true or both statements are false.

Therefore, the conclusion does not logically follow from the premises, and the answer is \boxed{False}.
