ID: 192
TASK: missing
LABEL EXTRAIDO: False
TOKENS_GERADOS: 427
TOKENS_POR_SEGUNDO: 11.03
TRUNCADO: False
======================================================================
PROMPT ENVIADO (texto completo apos apply_chat_template):
----------------------------------------------------------------------
<|begin_of_text|><|start_header_id|>system<|end_header_id|>

Cutting Knowledge Date: December 2023
Today Date: 26 Jul 2024

<|eot_id|><|start_header_id|>user<|end_header_id|>

You are a logic expert.

Given the following premises and a conclusion, determine whether the conclusion logically follows from the premises.

Premises:
- exists x (Event(x) AND Happy(x))

Conclusion:
forall x (Event(x) -> Sad(x))

Put your final answer within \boxed{True}, \boxed{False}, or \boxed{Uncertain}.<|eot_id|><|start_header_id|>assistant<|end_header_id|>


======================================================================
RESPOSTA DO MODELO:
----------------------------------------------------------------------
) -> Sad(x))

Put your final answer within \boxed{True}, \boxed{False}, or \boxed{Uncertain}.assistant

To determine if the conclusion logically follows from the premises, let's analyze the given statements.

Premise 1: exists x (Event(x) AND Happy(x))
This means there exists at least one event x such that it is both an event and happy.

Premise 2: The conclusion is a universal statement forall x (Event(x) -> Sad(x)), which means that for all x, if x is an event, then x is sad.

To determine if the conclusion logically follows, let's examine the relationship between the premises. The first premise only talks about the existence of an event that is happy, but it does not make any statements about all events.

From the first premise, we cannot conclude that all events are happy or that all events are sad. We only know that there exists at least one happy event.

However, the conclusion is a universal statement that makes a claim about all events. Since the first premise only talks about the existence of one happy event and does not make a claim about all events, it does not logically follow that all events are sad.

Therefore, the conclusion does not logically follow from the premises.

\boxed{False}
