ID: 192
TASK: junto
LABEL EXTRAIDO: False
TOKENS_GERADOS: 263
TOKENS_POR_SEGUNDO: 10.58
TRUNCADO: False
======================================================================
PROMPT ENVIADO (texto completo apos apply_chat_template):
----------------------------------------------------------------------
<|begin_of_text|><|start_header_id|>system<|end_header_id|>

Cutting Knowledge Date: December 2023
Today Date: 26 Jul 2024

<|eot_id|><|start_header_id|>user<|end_header_id|>

You are a logic expert.

Given the following premises and a conclusion, determine whether the conclusion logically follows from the premises.

Premises:
(forall x (Event(x) -> Happy(x) XOR Sad(x))) AND (exists x (Event(x) AND Happy(x)))

Conclusion:
forall x (Event(x) -> Sad(x))

Put your final answer within \boxed{True}, \boxed{False}, or \boxed{Uncertain}.<|eot_id|><|start_header_id|>assistant<|end_header_id|>


======================================================================
RESPOSTA DO MODELO:
----------------------------------------------------------------------
Uncertain}.assistant

To determine whether the conclusion logically follows from the premises, let's analyze the given statements.

Premise 1: (forall x (Event(x) -> Happy(x) XOR Sad(x)))
This means that for all x, if x is an event, then x is either happy or sad, but not both.

Premise 2: (exists x (Event(x) AND Happy(x)))
This means that there exists an event x for which x is both an event and happy.

From Premise 2, we know there is at least one event that is happy. Since we also know from Premise 1 that an event is either happy or sad, it follows that there must also be an event that is sad.

Now, let's analyze the conclusion: 

Conclusion: forall x (Event(x) -> Sad(x))
This means that for all x, if x is an event, then x is sad.

However, we know from Premise 2 that there is at least one event that is happy. This contradicts the conclusion, which states that all events are sad.

Therefore, the conclusion does not logically follow from the premises.

The answer is: \boxed{False}
