ID: 158
TASK: missing
LABEL EXTRAIDO: True
TOKENS_GERADOS: 692
TOKENS_POR_SEGUNDO: 10.66
TRUNCADO: False
======================================================================
PROMPT ENVIADO (texto completo apos apply_chat_template):
----------------------------------------------------------------------
<|begin_of_text|><|start_header_id|>system<|end_header_id|>

Cutting Knowledge Date: December 2023
Today Date: 26 Jul 2024

<|eot_id|><|start_header_id|>user<|end_header_id|>

You are a logic expert.

Given the following premises and a conclusion, determine whether the conclusion logically follows from the premises.

Premises:
- forall x (Student(x) AND WorkIn(x, library) -> (NOT From(x, computerScienceDepartment)))
- forall x (Student(x) AND Have(x, partTimeJob) AND OfferedBy(y, university) -> WorkIn(x, library))
- forall x ((Student(x) AND Take(x, databaseCourse)) -> From(x, computerScienceDepartment))
- forall x ((Student(x) AND InstructedBy(x, professorDavid)) -> Take(x, databaseCourse))
- forall x ((Student(x) AND WorkIn(x, lab)) -> InstructedBy(x, professorDavid))
- NOT exists x (PartTimeJob(x) AND Have(james, x) AND OfferedBy(x, computerScienceDepartment)) AND NOT WorkIn(james, lab)

Conclusion:
Take(james, databaseCourse) XOR (exists y (PartTimeJob(y) AND Have(james, y) AND OfferedBy(y, university))

Put your final answer within \boxed{True}, \boxed{False}, or \boxed{Uncertain}.<|eot_id|><|start_header_id|>assistant<|end_header_id|>


======================================================================
RESPOSTA DO MODELO:
----------------------------------------------------------------------
ames, y) AND OfferedBy(y, university))

Put your final answer within \boxed{True}, \boxed{False}, or \boxed{Uncertain}.assistant

To determine whether the conclusion logically follows from the premises, we need to analyze the given statements.

From premise 4, we know that if a student is instructed by professor David, then they take the database course. 

From premise 5, we know that if a student works in the lab, they are instructed by professor David. 

From premise 6, we can deduce that James does not work in the lab, but we cannot conclude that he is instructed by professor David. However, we cannot deduce that he is not instructed by professor David either.

From premise 4, we can deduce that if James is instructed by professor David, then he takes the database course. 

From premise 1, we know that if a student works in the library, they are not from the computer science department. From premise 2, we know that if a student has a part-time job offered by the university and works in the library, then they are a student. However, we cannot conclude that James works in the library.

From premise 3, we know that if a student takes the database course, then they are from the computer science department.

From premise 6, we know that James does not work in the lab, and we can deduce that he does not have a part-time job offered by the computer science department (because if he did, it would contradict the statement that he does not work in the lab).

From premise 6, we know that James does not work in the lab, but we cannot deduce that he works in the library. However, we can deduce that he either works in the library or he does not work in the library.

Combining the information, we can conclude that James either takes the database course or does not take the database course.

Now, let's consider the second part of the conclusion: exists y (PartTimeJob(y) AND Have(james, y) AND OfferedBy(y, university)). From premise 2, we know that if James has a part-time job offered by the university and works in the library, then he is a student. However, we cannot conclude that James works in the library. We can only conclude that he either has a part-time job offered by the university or he does not have a part-time job offered by the university.

Combining the information, we can conclude that James either has a part-time job offered by the university or he does not have a part-time job offered by the university.

The conclusion is a XOR (exclusive or) statement, which means it is true if and only if exactly one of the two statements is true.

We can conclude that James either takes the database course or does not take the database course, and we can conclude that James either has a part-time job offered by the university or he does not have a part-time job offered by the university.

However, we cannot conclude that James takes the database course and has a part-time job offered by the university at the same time, or that James does not take the database course and does not have a part-time job offered by the university at the same time. 

Therefore, the conclusion logically follows from the premises, and the answer is \boxed{True}.
