ID: 126
TASK: contradiction
LABEL EXTRAIDO: Uncertain
TOKENS_GERADOS: 743
TOKENS_POR_SEGUNDO: 10.11
TRUNCADO: False
======================================================================
PROMPT ENVIADO (texto completo apos apply_chat_template):
----------------------------------------------------------------------
<|begin_of_text|><|start_header_id|>system<|end_header_id|>

Cutting Knowledge Date: December 2023
Today Date: 26 Jul 2024

<|eot_id|><|start_header_id|>user<|end_header_id|>

You are a logic expert.

Given the following premises and a conclusion, determine whether the conclusion logically follows from the premises.

Premises:
- forall x (Bird(x) -> CanFly(x))
- CanFly(rock) OR Bird(rock) OR NOT Breathe(rock)
- forall x (Monkey(x) -> Mammal(x))
- forall x (PetersPet(x) AND CanFly(x) -> exists y exists z (NOT (y=z) AND Wing(y) AND Wing(z) AND Have(x, y) AND Have(x, z)))
- forall x (PetersPet(x) -> Monkey(x) XOR Bird(x))
- forall x (PetersPet(x) AND Mammal(x) -> Animal(x))
- forall x (PetersPet(x) AND Animal(x) -> Breathe(x))
- PeterSPet(rock)
- NOT (PeterSPet(rock))

Conclusion:
NOT (exists y exists z (NOT (y=z) AND Wing(y) AND Wing(z) AND Have(rock, y) AND Have(rock, z)))

Put your final answer within \boxed{True}, \boxed{False}, or \boxed{Uncertain}.<|eot_id|><|start_header_id|>assistant<|end_header_id|>


======================================================================
RESPOSTA DO MODELO:
----------------------------------------------------------------------
To determine whether the conclusion logically follows from the premises, we need to analyze the given statements and use logical deductions.

Given:

1.  forall x (Bird(x) -> CanFly(x)) - This means if something is a bird, it can fly.
2.  CanFly(rock) OR Bird(rock) OR NOT Breathe(rock) - This statement implies that rock can fly, is a bird, or does not breathe.
3.  forall x (Monkey(x) -> Mammal(x)) - This means if something is a monkey, it is a mammal.
4.  forall x (PetersPet(x) AND CanFly(x) -> exists y exists z (NOT (y=z) AND Wing(y) AND Wing(z) AND Have(x, y) AND Have(x, z))) - This statement implies that if something is Peter's pet and can fly, then there exist two wings that Peter has that are not the same.
5.  forall x (PetersPet(x) -> Monkey(x) XOR Bird(x)) - This means if something is Peter's pet, it is either a monkey or a bird.
6.  forall x (PetersPet(x) AND Mammal(x) -> Animal(x)) - This statement implies that if something is Peter's pet and a mammal, it is an animal.
7.  forall x (PetersPet(x) AND Animal(x) -> Breathe(x)) - This means if something is Peter's pet and an animal, it breathes.
8.  PeterSPet(rock) - This means rock is Peter's pet.
9.  NOT (PeterSPet(rock)) - This statement contradicts the previous statement.

Since statement 8 and 9 are contradictory, we cannot use any of the premises that involve rock being Peter's pet, as this is a contradiction. 

However, we can use the fact that rock is not Peter's pet to deduce the conclusion.

Given that we cannot use the premises involving rock being Peter's pet, the conclusion becomes uncertain because we cannot directly apply the premises to rock. 

Therefore, the final answer is \boxed{Uncertain}.
