ID: 166
TASK: complex
LABEL EXTRAIDO: False
TOKENS_GERADOS: 404
TOKENS_POR_SEGUNDO: 10.25
TRUNCADO: False
======================================================================
PROMPT ENVIADO (texto completo apos apply_chat_template):
----------------------------------------------------------------------
<|begin_of_text|><|start_header_id|>system<|end_header_id|>

Cutting Knowledge Date: December 2023
Today Date: 26 Jul 2024

<|eot_id|><|start_header_id|>user<|end_header_id|>

You are a logic expert.

Given the following premises and a conclusion, determine whether the conclusion logically follows from the premises.

Premises:
- German(heinrichSchmidt) AND Politician(heinrichSchmidt)
- Member(heinrichSchmidt, prussianStateParliament) AND Member(heinrichSchmidt, naziReichstag)
- German(heinrichSchmidt) AND Politician(heinrichSchmidt)
- German(heinrichSchmidt) AND Politician(heinrichSchmidt)

Conclusion:
German(heinrichSchmidt) OR Russian(heinrichSchmidt)

Put your final answer within \boxed{True}, \boxed{False}, or \boxed{Uncertain}.<|eot_id|><|start_header_id|>assistant<|end_header_id|>


======================================================================
RESPOSTA DO MODELO:
----------------------------------------------------------------------
To determine whether the conclusion logically follows from the premises, let's analyze the given statements.

The first and fourth premises are identical and only provide redundant information. The second premise states that Heinrich Schmidt is a member of both the Prussian State Parliament and the Nazi Reichstag. 

The conclusion is trying to determine whether Heinrich Schmidt is German or Russian. The premises do not provide any information about Heinrich Schmidt's nationality other than being German. 

There is no evidence in the premises that suggests Heinrich Schmidt is Russian. The conclusion attempts to introduce a new possibility (Russian) that is not supported by the given information. 

Therefore, the conclusion does not logically follow from the premises, and the answer is:

\boxed{False}
