ID: 126
TASK: original
LABEL EXTRAIDO: Uncertain
TOKENS_GERADOS: 882
TOKENS_POR_SEGUNDO: 10.41
TRUNCADO: False
======================================================================
PROMPT ENVIADO (texto completo apos apply_chat_template):
----------------------------------------------------------------------
<|begin_of_text|><|start_header_id|>system<|end_header_id|>

Cutting Knowledge Date: December 2023
Today Date: 26 Jul 2024

<|eot_id|><|start_header_id|>user<|end_header_id|>

You are a logic expert.

Given the following premises and a conclusion, determine whether the conclusion logically follows from the premises.

Premises:
- forall x (PetersPet(x) AND Mammal(x) -> Animal(x))
- forall x (Monkey(x) -> Mammal(x))
- forall x (PetersPet(x) -> Monkey(x) XOR Bird(x))
- forall x (Bird(x) -> CanFly(x))
- forall x (PetersPet(x) AND Animal(x) -> Breathe(x))
- forall x (PetersPet(x) AND CanFly(x) -> exists y exists z (NOT (y=z) AND Wing(y) AND Wing(z) AND Have(x, y) AND Have(x, z)))
- PeterSPet(rock)
- CanFly(rock) OR Bird(rock) OR NOT Breathe(rock)

Conclusion:
NOT (exists y exists z (NOT (y=z) AND Wing(y) AND Wing(z) AND Have(rock, y) AND Have(rock, z)))

Put your final answer within \boxed{True}, \boxed{False}, or \boxed{Uncertain}.<|eot_id|><|start_header_id|>assistant<|end_header_id|>


======================================================================
RESPOSTA DO MODELO:
----------------------------------------------------------------------
 your final answer within \boxed{True}, \boxed{False}, or \boxed{Uncertain}.assistant

To determine whether the conclusion logically follows from the premises, we'll analyze each step.

1. Given the premise: `forall x (PetersPet(x) AND Mammal(x) -> Animal(x))`
   This tells us that if something is Peter's pet and a mammal, it's an animal.

2. Given `forall x (Monkey(x) -> Mammal(x))`
   This tells us that if something is a monkey, it's a mammal.

3. Given `forall x (PetersPet(x) -> Monkey(x) XOR Bird(x))`
   This tells us that if something is Peter's pet, it's either a monkey or a bird.

4. Given `forall x (Bird(x) -> CanFly(x))`
   This tells us that if something is a bird, it can fly.

5. Given `forall x (PetersPet(x) AND Animal(x) -> Breathe(x))`
   This tells us that if something is Peter's pet and an animal, it breathes.

6. Given `forall x (PetersPet(x) AND CanFly(x) -> exists y exists z (NOT (y=z) AND Wing(y) AND Wing(z) AND Have(x, y) AND Have(x, z)))`
   This tells us that if something is Peter's pet and can fly, then there exist two distinct wings that it has.

7. Given `PeterSPet(rock)`
   This tells us that rock is Peter's pet.

8. Given `CanFly(rock) OR Bird(rock) OR NOT Breathe(rock)`
   This tells us that rock can fly, is a bird, or does not breathe.

Now, let's analyze the conclusion: `NOT (exists y exists z (NOT (y=z) AND Wing(y) AND Wing(z) AND Have(rock, y) AND Have(rock, z)))`

If rock is a bird, then it has two wings, so there exist two distinct wings that it has (y and z), making the conclusion false.

However, we know that `CanFly(rock) OR Bird(rock)` from the premises. So, if rock is a bird, the conclusion is false. 

But if rock does not fly, then we know `NOT Breathe(rock)` from the premises. Given `forall x (PetersPet(x) AND Animal(x) -> Breathe(x))`, this means that rock is not an animal, which implies that `NOT Animal(rock)`.

Using the first premise, `forall x (PetersPet(x) AND Mammal(x) -> Animal(x))`, we can deduce that `NOT (PetersPet(rock) AND Mammal(rock))`. Since `PetersPet(rock)` is true, we know `NOT Mammal(rock)`.

From the second premise, `forall x (Monkey(x) -> Mammal(x))`, we can deduce that `NOT Monkey(rock)`.

From the third premise, `forall x (PetersPet(x) -> Monkey(x) XOR Bird(x))`, we can deduce that `NOT (Monkey(rock) XOR Bird(rock))`, which is equivalent to `Monkey(rock) AND Bird(rock)`. However, we already know `NOT Monkey(rock)`, so we have a contradiction, which means that our assumption that `NOT Breathe(rock)` is true is incorrect.

Therefore, we know `Breathe(rock)` and `CanFly(rock)` from the premises.

Using the sixth premise, `forall x (PetersPet(x) AND CanFly(x) -> exists y exists z (NOT (y=z) AND Wing(y) AND Wing(z) AND Have(x, y) AND Have(x, z)))`, we can deduce that there exist two distinct wings that rock has. This means that the conclusion is false.

Therefore, the conclusion `NOT (exists y exists z (NOT (y=z) AND Wing(y) AND Wing(z) AND Have(rock, y) AND Have(rock, z)))` does not logically follow from the premises.
