ID: 166
TASK: negation
LABEL EXTRAIDO: Uncertain
TOKENS_GERADOS: 281
TOKENS_POR_SEGUNDO: 10.97
TRUNCADO: False
======================================================================
PROMPT ENVIADO (texto completo apos apply_chat_template):
----------------------------------------------------------------------
<|begin_of_text|><|start_header_id|>system<|end_header_id|>

Cutting Knowledge Date: December 2023
Today Date: 26 Jul 2024

<|eot_id|><|start_header_id|>user<|end_header_id|>

You are a logic expert.

Given the following premises and a conclusion, determine whether the conclusion logically follows from the premises.

Premises:
- German(heinrichSchmidt) AND Politician(heinrichSchmidt)
- Member(heinrichSchmidt, prussianStateParliament) AND Member(heinrichSchmidt, naziReichstag)

Conclusion:
NOT (German(heinrichSchmidt) OR Russian(heinrichSchmidt))

Put your final answer within \boxed{True}, \boxed{False}, or \boxed{Uncertain}.<|eot_id|><|start_header_id|>assistant<|end_header_id|>


======================================================================
RESPOSTA DO MODELO:
----------------------------------------------------------------------
True}, \boxed{False}, or \boxed{Uncertain}.assistant

To evaluate the conclusion, we need to determine if it logically follows from the premises. 

The premises state that Heinrich Schmidt is both German and a politician. Additionally, he is a member of both the Prussian State Parliament and the Nazi Reichstag.

The conclusion is that it is not the case that Heinrich Schmidt is either German or Russian.

From the premises, we can deduce that Heinrich Schmidt is German, but we cannot deduce his nationality regarding Russia. The premises do not provide any information about his Russian nationality or lack thereof.

Therefore, since we have no information about his Russian nationality, we cannot logically conclude that he is not Russian. The conclusion does not logically follow from the premises.

The answer is: \boxed{Uncertain}
