ID: 192
TASK: contradiction
LABEL EXTRAIDO: False
TOKENS_GERADOS: 395
TOKENS_POR_SEGUNDO: 10.2
TRUNCADO: False
======================================================================
PROMPT ENVIADO (texto completo apos apply_chat_template):
----------------------------------------------------------------------
<|begin_of_text|><|start_header_id|>system<|end_header_id|>

Cutting Knowledge Date: December 2023
Today Date: 26 Jul 2024

<|eot_id|><|start_header_id|>user<|end_header_id|>

You are a logic expert.

Given the following premises and a conclusion, determine whether the conclusion logically follows from the premises.

Premises:
- forall x (Event(x) -> Happy(x) XOR Sad(x))
- NOT (forall x (Event(x) -> Happy(x) XOR Sad(x)))
- exists x (Event(x) AND Happy(x))

Conclusion:
forall x (Event(x) -> Sad(x))

Put your final answer within \boxed{True}, \boxed{False}, or \boxed{Uncertain}.<|eot_id|><|start_header_id|>assistant<|end_header_id|>


======================================================================
RESPOSTA DO MODELO:
----------------------------------------------------------------------
To determine if the conclusion logically follows from the premises, we need to analyze the given statements.

Premise 1: forall x (Event(x) -> Happy(x) XOR Sad(x))
This means that for all x, if Event(x) occurs, then x is either Happy or Sad, but not both.

Premise 2: NOT (forall x (Event(x) -> Happy(x) XOR Sad(x)))
This statement is the negation of Premise 1. It implies that there exists at least one x for which Event(x) occurs, and x is both Happy and Sad, or x is neither Happy nor Sad.

Premise 3: exists x (Event(x) AND Happy(x))
This statement means that there exists at least one x for which Event(x) occurs and x is Happy.

From Premise 3, we know that there exists an x such that Event(x) occurs and x is Happy. Since x is Happy, we can conclude that x is not Sad (because Happy(x) XOR Sad(x) implies that x cannot be both Happy and Sad). 

However, Premise 2 states that there exists at least one x for which Event(x) occurs and x is both Happy and Sad, or x is neither Happy nor Sad. Since we already know that x is Happy from Premise 3, the only possibility is that x is both Happy and Sad.

Now, given that x is both Happy and Sad, we can deduce that the statement "Happy(x) XOR Sad(x)" is false for this particular x. Therefore, Premise 1 is false for this x.

However, we cannot conclude that the conclusion "forall x (Event(x) -> Sad(x))" is true from the premises because the conclusion is an all statement, whereas we have only found a counterexample for one particular x.

Therefore, the conclusion does not logically follow from the premises.

The answer is \boxed{False}.
