ID: 166
TASK: irrelevant
LABEL EXTRAIDO: Error
TOKENS_GERADOS: 251
TOKENS_POR_SEGUNDO: 10.26
TRUNCADO: False
======================================================================
PROMPT ENVIADO (texto completo apos apply_chat_template):
----------------------------------------------------------------------
<|begin_of_text|><|start_header_id|>system<|end_header_id|>

Cutting Knowledge Date: December 2023
Today Date: 26 Jul 2024

<|eot_id|><|start_header_id|>user<|end_header_id|>

You are a logic expert.

Given the following premises and a conclusion, determine whether the conclusion logically follows from the premises.

Premises:
- forall x (Cat(x) -> Mammal(x)).
- Member(heinrichSchmidt, prussianStateParliament) AND Member(heinrichSchmidt, naziReichstag)
- German(heinrichSchmidt) AND Politician(heinrichSchmidt)

Conclusion:
German(heinrichSchmidt) OR Russian(heinrichSchmidt)

Put your final answer within \boxed{True}, \boxed{False}, or \boxed{Uncertain}.<|eot_id|><|start_header_id|>assistant<|end_header_id|>


======================================================================
RESPOSTA DO MODELO:
----------------------------------------------------------------------
To determine whether the conclusion logically follows from the premises, let's break down the information provided:

1. The first premise states that all cats are mammals. However, this premise is irrelevant to the conclusion, as the conclusion is about a person (heinrichSchmidt) and not a cat. So, we can ignore this premise.

2. The second premise states that heinrichSchmidt is a member of both the Prussian State Parliament and the Nazi Reichstag. This premise provides information about heinrichSchmidt's political affiliations, but it does not provide any information about his nationality.

3. The third premise states that heinrichSchmidt is German and a politician. This premise directly provides information about heinrichSchmidt's nationality.

Given the information from the premises, we can see that heinrichSchmidt is indeed German. However, there is no information that contradicts or supports the conclusion that heinrichSchmidt is Russian.

However, the conclusion states that heinrichSchmidt is either German or Russian. Since we know heinrichSchmidt is German, the conclusion is logically satisfied by the information provided.

Therefore, the conclusion logically follows from the premises.
