ID: 158
TASK: contradiction
LABEL EXTRAIDO: False
TOKENS_GERADOS: 654
TOKENS_POR_SEGUNDO: 10.07
TRUNCADO: False
======================================================================
PROMPT ENVIADO (texto completo apos apply_chat_template):
----------------------------------------------------------------------
<|begin_of_text|><|start_header_id|>system<|end_header_id|>

Cutting Knowledge Date: December 2023
Today Date: 26 Jul 2024

<|eot_id|><|start_header_id|>user<|end_header_id|>

You are a logic expert.

Given the following premises and a conclusion, determine whether the conclusion logically follows from the premises.

Premises:
- forall x (Student(x) AND Have(x, partTimeJob) AND OfferedBy(y, university) -> WorkIn(x, library))
- Student(james) AND WorkIn(james, lab)
- forall x (Student(x) AND WorkIn(x, library) -> (NOT From(x, computerScienceDepartment)))
- NOT exists x (PartTimeJob(x) AND Have(james, x) AND OfferedBy(x, computerScienceDepartment)) AND NOT WorkIn(james, lab)
- forall x ((Student(x) AND WorkIn(x, lab)) -> InstructedBy(x, professorDavid))
- NOT (forall x ((Student(x) AND WorkIn(x, lab)) -> InstructedBy(x, professorDavid)))
- forall x ((Student(x) AND InstructedBy(x, professorDavid)) -> Take(x, databaseCourse))
- forall x ((Student(x) AND Take(x, databaseCourse)) -> From(x, computerScienceDepartment))

Conclusion:
Take(james, databaseCourse) XOR (exists y (PartTimeJob(y) AND Have(james, y) AND OfferedBy(y, university))

Put your final answer within \boxed{True}, \boxed{False}, or \boxed{Uncertain}.<|eot_id|><|start_header_id|>assistant<|end_header_id|>


======================================================================
RESPOSTA DO MODELO:
----------------------------------------------------------------------
To evaluate the conclusion, let's analyze the given premises:

1. `forall x (Student(x) AND Have(x, partTimeJob) AND OfferedBy(y, university) -> WorkIn(x, library))` - This premise is irrelevant to the conclusion.
2. `Student(james) AND WorkIn(james, lab)` - This premise establishes that James is a student and works in the lab.
3. `forall x (Student(x) AND WorkIn(x, library) -> (NOT From(x, computerScienceDepartment))` - This premise is irrelevant to the conclusion.
4. `NOT exists x (PartTimeJob(x) AND Have(james, x) AND OfferedBy(x, computerScienceDepartment)) AND NOT WorkIn(james, lab)` - This premise is irrelevant to the conclusion.
5. `forall x ((Student(x) AND WorkIn(x, lab)) -> InstructedBy(x, professorDavid))` - This premise establishes a relationship between students working in the lab and being instructed by professor David.
6. `NOT (forall x ((Student(x) AND WorkIn(x, lab)) -> InstructedBy(x, professorDavid)))` - This premise is a negation of premise 5, indicating that there exists a student working in the lab who is not instructed by professor David.
7. `forall x ((Student(x) AND InstructedBy(x, professorDavid)) -> Take(x, databaseCourse))` - This premise establishes a relationship between students instructed by professor David and taking the database course.
8. `forall x ((Student(x) AND Take(x, databaseCourse)) -> From(x, computerScienceDepartment))` - This premise establishes a relationship between students taking the database course and being from the computer science department.

From premise 6, we know that there exists a student working in the lab who is not instructed by professor David. Since James is working in the lab (premise 2), James is not instructed by professor David.

From premise 7, we cannot conclude that James takes the database course, because James is not instructed by professor David.

From premise 8, we cannot conclude that James is from the computer science department, because James takes the database course is not established.

Now, let's analyze the conclusion: `Take(james, databaseCourse) XOR (exists y (PartTimeJob(y) AND Have(james, y) AND OfferedBy(y, university))`.

We know that James does not take the database course, because James is not instructed by professor David (premise 7). The conclusion is a disjunction (OR) of two statements. Since the first statement is false, the conclusion is true if and only if the second statement is true.

The second statement is `exists y (PartTimeJob(y) AND Have(james, y) AND OfferedBy(y, university))`. This statement is false, because premise 4 states that there does not exist a part-time job offered by the university that James has.

Therefore, the conclusion is `false`.
