ID: 126
TASK: irrelevant
LABEL EXTRAIDO: False
TOKENS_GERADOS: 906
TOKENS_POR_SEGUNDO: 10.07
TRUNCADO: False
======================================================================
PROMPT ENVIADO (texto completo apos apply_chat_template):
----------------------------------------------------------------------
<|begin_of_text|><|start_header_id|>system<|end_header_id|>

Cutting Knowledge Date: December 2023
Today Date: 26 Jul 2024

<|eot_id|><|start_header_id|>user<|end_header_id|>

You are a logic expert.

Given the following premises and a conclusion, determine whether the conclusion logically follows from the premises.

Premises:
- forall x (PetersPet(x) AND CanFly(x) -> exists y exists z (NOT (y=z) AND Wing(y) AND Wing(z) AND Have(x, y) AND Have(x, z)))
- Equals(Plus(2,2), 4).
- CanFly(rock) OR Bird(rock) OR NOT Breathe(rock)
- forall x (PetersPet(x) -> Monkey(x) XOR Bird(x))
- forall x (PetersPet(x) AND Mammal(x) -> Animal(x))
- PeterSPet(rock)
- forall x (PetersPet(x) AND Animal(x) -> Breathe(x))
- forall x (Bird(x) -> CanFly(x))
- forall x (Monkey(x) -> Mammal(x))

Conclusion:
NOT (exists y exists z (NOT (y=z) AND Wing(y) AND Wing(z) AND Have(rock, y) AND Have(rock, z)))

Put your final answer within \boxed{True}, \boxed{False}, or \boxed{Uncertain}.<|eot_id|><|start_header_id|>assistant<|end_header_id|>


======================================================================
RESPOSTA DO MODELO:
----------------------------------------------------------------------
To determine whether the conclusion logically follows from the premises, let's break down the premises and analyze the conclusion step by step.

1.  The first premise states that for all x, if x is PetersPet and can fly, then there exist y and z such that y and z are not equal, y has wings, z has wings, and x has both y and z. This premise is relevant but does not directly affect the conclusion.

2.  The second premise states that 2 + 2 equals 4, which is a basic arithmetic fact and has no direct relevance to the conclusion.

3.  The third premise states that rock is either a bird, a rock, or rock does not breathe. This premise is relevant because it provides information about rock.

4.  The fourth premise states that for all x, if x is PetersPet, then x is either a monkey or a bird. This premise is relevant because it restricts the possibilities for what can be PetersPet.

5.  The fifth premise states that rock is PetersPet. This premise is relevant because it provides information about rock.

6.  The sixth premise states that for all x, if x is PetersPet and an animal, then x breathes. This premise is relevant because it provides a property of PetersPet.

7.  The seventh premise states that for all x, if x is a bird, then x can fly. This premise is relevant because it provides information about birds.

8.  The eighth premise states that for all x, if x is a monkey, then x is a mammal. This premise is relevant because it provides information about monkeys.

Now, let's analyze the conclusion:

NOT (exists y exists z (NOT (y=z) AND Wing(y) AND Wing(z) AND Have(rock, y) AND Have(rock, z)))

The conclusion is saying that there do not exist two different objects, y and z, both of which have wings and are owned by rock. To determine whether the conclusion logically follows from the premises, we can use a process of elimination and substitution.

From premise 4, since rock is PetersPet, we know that rock is either a monkey or a bird.

From premise 7, if rock is a bird, then it can fly. However, premise 1 does not directly apply to rock because it requires that x can fly, which we cannot confirm for rock.

From premise 3, rock is either a bird, a rock, or does not breathe. Since premise 6 states that PetersPet must breathe, we can eliminate the option that rock is a rock (since rocks do not breathe). Therefore, rock must be a bird or a monkey.

If rock is a bird, then from premise 7, it can fly. This would make premise 1 applicable to rock, and we can deduce that there exist y and z, both of which are wings owned by rock.

However, if rock is a monkey, then from premise 8, it is a mammal. From premise 4, since rock is PetersPet, it must be a monkey. But premise 5 states that rock is PetersPet, which means it must be either a monkey or a bird. This creates a contradiction, which means that the assumption that rock is a monkey is invalid.

Therefore, rock must be a bird. Since rock is a bird, from premise 7, it can fly, and from premise 1, we can deduce that there exist y and z, both of which are wings owned by rock.

The conclusion is attempting to negate the existence of two different objects, y and z, both of which have wings and are owned by rock. However, we have found that rock is a bird, and premise 1 implies that there exist two wings owned by rock.

Therefore, the conclusion logically follows from the premises is \boxed{False}.
