ID: 158
TASK: shuffled
LABEL EXTRAIDO: True
TOKENS_GERADOS: 665
TOKENS_POR_SEGUNDO: 10.22
TRUNCADO: False
======================================================================
PROMPT ENVIADO (texto completo apos apply_chat_template):
----------------------------------------------------------------------
<|begin_of_text|><|start_header_id|>system<|end_header_id|>

Cutting Knowledge Date: December 2023
Today Date: 26 Jul 2024

<|eot_id|><|start_header_id|>user<|end_header_id|>

You are a logic expert.

Given the following premises and a conclusion, determine whether the conclusion logically follows from the premises.

Premises:
- forall x ((Student(x) AND WorkIn(x, lab)) -> InstructedBy(x, professorDavid))
- forall x ((Student(x) AND InstructedBy(x, professorDavid)) -> Take(x, databaseCourse))
- forall x ((Student(x) AND Take(x, databaseCourse)) -> From(x, computerScienceDepartment))
- Student(james) AND WorkIn(james, lab)
- NOT exists x (PartTimeJob(x) AND Have(james, x) AND OfferedBy(x, computerScienceDepartment)) AND NOT WorkIn(james, lab)
- forall x (Student(x) AND Have(x, partTimeJob) AND OfferedBy(y, university) -> WorkIn(x, library))
- forall x (Student(x) AND WorkIn(x, library) -> (NOT From(x, computerScienceDepartment)))

Conclusion:
Take(james, databaseCourse) XOR (exists y (PartTimeJob(y) AND Have(james, y) AND OfferedBy(y, university))

Put your final answer within \boxed{True}, \boxed{False}, or \boxed{Uncertain}.<|eot_id|><|start_header_id|>assistant<|end_header_id|>


======================================================================
RESPOSTA DO MODELO:
----------------------------------------------------------------------
ertain}.assistant

To determine if the conclusion logically follows from the premises, let's analyze the given information step by step.

From the premises, we know:
1. James is a student and works in the lab: Student(james) AND WorkIn(james, lab)
2. If a student works in the lab, they are instructed by professor David: forall x ((Student(x) AND WorkIn(x, lab)) -> InstructedBy(x, professorDavid))
3. Therefore, James is instructed by professor David: InstructedBy(james, professorDavid)
4. If a student is instructed by professor David, they take the database course: forall x ((Student(x) AND InstructedBy(x, professorDavid)) -> Take(x, databaseCourse))
5. Therefore, James takes the database course: Take(james, databaseCourse)

However, the conclusion is a XOR (exclusive or) statement, which means it can be true if either part is true but not both. We have determined that James takes the database course, so the first part of the conclusion is true.

The second part of the conclusion is "exists y (PartTimeJob(y) AND Have(james, y) AND OfferedBy(y, university)". To determine if this is true, we need to check if there exists a part-time job y that James has, offered by the university. However, from the premises, we know:
- NOT exists x (PartTimeJob(x) AND Have(james, x) AND OfferedBy(x, computerScienceDepartment))
- NOT WorkIn(james, lab) is not directly relevant to this conclusion.
- Since James is not working in the lab, we cannot conclude that he does not work in the library, but we cannot conclude that he works in the library either.

However, we do have another premise:
- forall x (Student(x) AND Have(x, partTimeJob) AND OfferedBy(y, university) -> WorkIn(x, library))
- Since we cannot conclude that James works in the library, we cannot conclude that he has a part-time job offered by the university.

The premises also state:
- forall x (Student(x) AND WorkIn(x, library) -> (NOT From(x, computerScienceDepartment))
This does not directly relate to the conclusion but is useful to know.

Given the premises, we know that James takes the database course, but we cannot conclude that James has a part-time job offered by the university. The conclusion is a XOR statement, which means it can be true if one side is true and the other is false.

Since we know James takes the database course (first part of the conclusion is true) and we cannot conclude that James has a part-time job offered by the university (second part of the conclusion is false), the conclusion logically follows from the premises.

Therefore, the answer is: \boxed{True}
