ID: 158
TASK: complex
LABEL EXTRAIDO: True
TOKENS_GERADOS: 462
TOKENS_POR_SEGUNDO: 10.09
TRUNCADO: False
======================================================================
PROMPT ENVIADO (texto completo apos apply_chat_template):
----------------------------------------------------------------------
<|begin_of_text|><|start_header_id|>system<|end_header_id|>

Cutting Knowledge Date: December 2023
Today Date: 26 Jul 2024

<|eot_id|><|start_header_id|>user<|end_header_id|>

You are a logic expert.

Given the following premises and a conclusion, determine whether the conclusion logically follows from the premises.

Premises:
- forall x ((Student(x) AND InstructedBy(x, professorDavid)) -> Take(x, databaseCourse))
- forall x ((Student(x) AND Take(x, databaseCourse)) -> From(x, computerScienceDepartment))
- forall x ((Student(x) AND WorkIn(x, lab)) -> InstructedBy(x, professorDavid))
- forall x (Student(x) AND WorkIn(x, library) -> (NOT From(x, computerScienceDepartment)))
- Student(james) AND WorkIn(james, lab)
- forall x (Student(x) AND Have(x, partTimeJob) AND OfferedBy(y, university) -> WorkIn(x, library))
- forall x (Student(x) AND WorkIn(x, library) -> (NOT From(x, computerScienceDepartment)))
- forall x ((Student(x) AND Take(x, databaseCourse)) -> From(x, computerScienceDepartment))
- NOT exists x (PartTimeJob(x) AND Have(james, x) AND OfferedBy(x, computerScienceDepartment)) AND NOT WorkIn(james, lab)

Conclusion:
Take(james, databaseCourse) XOR (exists y (PartTimeJob(y) AND Have(james, y) AND OfferedBy(y, university))

Put your final answer within \boxed{True}, \boxed{False}, or \boxed{Uncertain}.<|eot_id|><|start_header_id|>assistant<|end_header_id|>


======================================================================
RESPOSTA DO MODELO:
----------------------------------------------------------------------
To determine whether the conclusion logically follows from the premises, we need to analyze each premise and the conclusion.

From the premises, we know the following:

1. If James is a student and is instructed by professor David, then he takes the database course.
2. If James is a student and takes the database course, then he is from the computer science department.
3. James is a student and works in the lab, which means he is instructed by professor David (from premise 3).
4. There is no part-time job offered by the computer science department that James has.
5. If James is a student and works in the library, then he is not from the computer science department.
6. If James is a student and has a part-time job offered by the university, then he works in the library.
7. If James is a student and takes the database course, then he is from the computer science department.
8. There is no part-time job that James has and is offered by the university.

Now, let's analyze the conclusion:

The conclusion states that James either takes the database course or there exists a part-time job that James has, which is offered by the university. However, premise 8 states that there is no part-time job that James has and is offered by the university. Therefore, the second part of the conclusion (exists y (PartTimeJob(y) AND Have(james, y) AND OfferedBy(y, university)) is false.

However, from premise 3, we know that James is instructed by professor David because he works in the lab. From premise 1, if James is instructed by professor David, then he must take the database course. Therefore, the first part of the conclusion (Take(james, databaseCourse) is true.

Since the first part of the conclusion is true and the second part is false, the XOR operation will make the conclusion true. Therefore, the conclusion logically follows from the premises.

\boxed{True}
