ID: 126
TASK: negation
LABEL EXTRAIDO: False
TOKENS_GERADOS: 750
TOKENS_POR_SEGUNDO: 10.2
TRUNCADO: False
======================================================================
PROMPT ENVIADO (texto completo apos apply_chat_template):
----------------------------------------------------------------------
<|begin_of_text|><|start_header_id|>system<|end_header_id|>

Cutting Knowledge Date: December 2023
Today Date: 26 Jul 2024

<|eot_id|><|start_header_id|>user<|end_header_id|>

You are a logic expert.

Given the following premises and a conclusion, determine whether the conclusion logically follows from the premises.

Premises:
- forall x (PetersPet(x) AND Mammal(x) -> Animal(x))
- forall x (Monkey(x) -> Mammal(x))
- forall x (PetersPet(x) -> Monkey(x) XOR Bird(x))
- forall x (Bird(x) -> CanFly(x))
- forall x (PetersPet(x) AND Animal(x) -> Breathe(x))
- forall x (PetersPet(x) AND CanFly(x) -> exists y exists z (NOT (y=z) AND Wing(y) AND Wing(z) AND Have(x, y) AND Have(x, z)))
- PeterSPet(rock)
- CanFly(rock) OR Bird(rock) OR NOT Breathe(rock)

Conclusion:
NOT (NOT (exists y exists z (NOT (y=z) AND Wing(y) AND Wing(z) AND Have(rock, y) AND Have(rock, z))))

Put your final answer within \boxed{True}, \boxed{False}, or \boxed{Uncertain}.<|eot_id|><|start_header_id|>assistant<|end_header_id|>


======================================================================
RESPOSTA DO MODELO:
----------------------------------------------------------------------
ertain}.assistant

To determine if the conclusion logically follows from the premises, we need to break down the premises and analyze them step by step.

1. The first premise states that if something is a pet of Peter and a mammal, then it is an animal. 
2. The second premise states that if something is a monkey, then it is a mammal.
3. The third premise states that if something is a pet of Peter, then it is either a monkey or a bird. This is an XOR statement, meaning it cannot be both.
4. The fourth premise states that if something is a bird, then it can fly.
5. The fifth premise states that if something is a pet of Peter and an animal, then it can breathe.
6. The sixth premise states that if something is a pet of Peter and can fly, then there exist two distinct wings (y and z) that it has.
7. The statement 'PeterSPet(rock)' is given, which means rock is a pet of Peter.
8. The statement 'CanFly(rock) OR Bird(rock) OR NOT Breathe(rock)' is given, which means rock can fly, is a bird, or does not breathe.

From premise 3, since rock is a pet of Peter, it must be either a monkey or a bird. 

From premise 2, if rock is a monkey, then it must be a mammal, which means it is an animal by premise 1. However, this is not the only possibility.

From premise 4, if rock is a bird, then it can fly.

From premise 7, we know rock is a pet of Peter.

From premise 6, if rock is a pet of Peter and can fly, then there exist two distinct wings (y and z) that it has.

Now we can analyze the conclusion.

The conclusion states that it is not the case that there exist two distinct wings (y and z) that rock has. However, from premise 6, if rock is a pet of Peter and can fly, then there exist two distinct wings (y and z) that it has. 

However, we cannot conclude that rock can fly or is a bird from premise 7 and premise 8 alone, as they only state that it can fly, is a bird, or does not breathe. We must consider the possibility that rock does not breathe.

From premise 5, if rock is a pet of Peter and an animal, then it can breathe. However, premise 8 states that rock does not breathe. This means that rock cannot be an animal, as it cannot breathe.

Therefore, rock is not an animal.

From premise 1, if rock is a pet of Peter and a mammal, then it is an animal. Since rock is not an animal, it cannot be a mammal.

From premise 2, if rock is a monkey, then it must be a mammal. Since rock is not a mammal, it cannot be a monkey.

From premise 3, if rock is a pet of Peter, then it is either a monkey or a bird. Since rock is not a monkey, it must be a bird.

From premise 4, if rock is a bird, then it can fly.

Since rock is a bird and can fly, premise 6 implies that there exist two distinct wings (y and z) that it has.

Therefore, the conclusion 'NOT (NOT (exists y exists z (NOT (y=z) AND Wing(y) AND Wing(z) AND Have(rock, y) AND Have(rock, z)))' is False.

\boxed{False}
