ID: 166
TASK: missing
LABEL EXTRAIDO: False
TOKENS_GERADOS: 302
TOKENS_POR_SEGUNDO: 11.79
TRUNCADO: False
======================================================================
PROMPT ENVIADO (texto completo apos apply_chat_template):
----------------------------------------------------------------------
<|begin_of_text|><|start_header_id|>system<|end_header_id|>

Cutting Knowledge Date: December 2023
Today Date: 26 Jul 2024

<|eot_id|><|start_header_id|>user<|end_header_id|>

You are a logic expert.

Given the following premises and a conclusion, determine whether the conclusion logically follows from the premises.

Premises:
- Member(heinrichSchmidt, prussianStateParliament) AND Member(heinrichSchmidt, naziReichstag)

Conclusion:
German(heinrichSchmidt) OR Russian(heinrichSchmidt)

Put your final answer within \boxed{True}, \boxed{False}, or \boxed{Uncertain}.<|eot_id|><|start_header_id|>assistant<|end_header_id|>


======================================================================
RESPOSTA DO MODELO:
----------------------------------------------------------------------
richSchmidt) OR Russian(heinrichSchmidt)

Put your final answer within \boxed{True}, \boxed{False}, or \boxed{Uncertain}.assistant

To determine if the conclusion logically follows from the premises, we need to analyze the given information.

Premise 1: Member(heinrichSchmidt, prussianStateParliament) 
Premise 2: Member(heinrichSchmidt, naziReichstag)

From the premises, we can conclude that Heinrich Schmidt was a member of both the Prussian State Parliament and the Nazi Reichstag. 

However, being a member of the Prussian State Parliament and the Nazi Reichstag does not necessarily imply that Heinrich Schmidt was German or Russian. 

The Prussian State Parliament was a legislative body of the Kingdom of Prussia, which was a German state, but being a member does not directly imply German nationality. 

Similarly, being a member of the Nazi Reichstag does not imply Russian nationality, as the Reichstag was a legislative body of Nazi Germany.

There is no information provided that would directly link Heinrich Schmidt's membership in these legislative bodies to his nationality.

Therefore, the conclusion does not logically follow from the premises.

The answer is: \boxed{False}
