ID: 126
TASK: junto
LABEL EXTRAIDO: False
TOKENS_GERADOS: 911
TOKENS_POR_SEGUNDO: 10.12
TRUNCADO: False
======================================================================
PROMPT ENVIADO (texto completo apos apply_chat_template):
----------------------------------------------------------------------
<|begin_of_text|><|start_header_id|>system<|end_header_id|>

Cutting Knowledge Date: December 2023
Today Date: 26 Jul 2024

<|eot_id|><|start_header_id|>user<|end_header_id|>

You are a logic expert.

Given the following premises and a conclusion, determine whether the conclusion logically follows from the premises.

Premises:
(forall x (PetersPet(x) AND Mammal(x) -> Animal(x))) AND (forall x (Monkey(x) -> Mammal(x))) AND (forall x (PetersPet(x) -> Monkey(x) XOR Bird(x))) AND (forall x (Bird(x) -> CanFly(x))) AND (forall x (PetersPet(x) AND Animal(x) -> Breathe(x))) AND (forall x (PetersPet(x) AND CanFly(x) -> exists y exists z (NOT (y=z) AND Wing(y) AND Wing(z) AND Have(x, y) AND Have(x, z)))) AND (PeterSPet(rock)) AND (CanFly(rock) OR Bird(rock) OR NOT Breathe(rock))

Conclusion:
NOT (exists y exists z (NOT (y=z) AND Wing(y) AND Wing(z) AND Have(rock, y) AND Have(rock, z)))

Put your final answer within \boxed{True}, \boxed{False}, or \boxed{Uncertain}.<|eot_id|><|start_header_id|>assistant<|end_header_id|>


======================================================================
RESPOSTA DO MODELO:
----------------------------------------------------------------------
assistant

To determine if the conclusion logically follows from the premises, we need to analyze the premises and the conclusion step by step.

From the premises, we can infer the following:

1. If something is Peter's pet and a mammal, then it is an animal.
2. If something is a monkey, then it is a mammal.
3. If something is Peter's pet, then it is either a monkey or a bird.
4. If something is a bird, then it can fly.
5. If something is Peter's pet and an animal, then it breathes.
6. If something is Peter's pet and can fly, then it has two distinct parts that are wings, and it has both parts.
7. Peter has a rock as his pet.
8. The rock can fly, is a bird, or does not breathe.

Now, we need to analyze the conclusion: NOT (exists y exists z (NOT (y=z) AND Wing(y) AND Wing(z) AND Have(rock, y) AND Have(rock, z))).

From premise 7, we know that the rock is Peter's pet.

From premise 8, we know that the rock can fly, is a bird, or does not breathe.

If the rock can fly (or is a bird), then from premise 4, it has wings. However, from premise 6, we know that if something is Peter's pet and can fly, then it has two distinct parts that are wings, and it has both parts. This is a contradiction because it implies that the rock has two distinct parts that are wings, and it has both parts, which is not possible if the rock is a single object.

If the rock does not breathe, then from premise 5, it is not an animal. However, this does not directly affect the conclusion.

From premise 3, we know that if something is Peter's pet, then it is either a monkey or a bird. However, premise 7 states that the rock is Peter's pet, so we can infer that the rock is either a monkey or a bird.

From premise 2, we know that if something is a monkey, then it is a mammal, and from premise 1, we know that if something is a mammal and Peter's pet, then it is an animal. However, premise 5 states that if something is Peter's pet and an animal, then it breathes. Since the rock does not breathe (from premise 8), it cannot be a monkey.

Therefore, the rock must be a bird. From premise 4, we know that if something is a bird, then it can fly. 

From premise 6, we know that if something is Peter's pet and can fly, then it has two distinct parts that are wings, and it has both parts. This is not a contradiction because it is possible for a bird to have two wings.

However, the conclusion is the negation of the existence of two distinct parts that are wings and the rock has both parts. Since we have established that the rock is a bird, we know that it has two wings, and therefore, the conclusion is false.

The final answer is: \boxed{False}.
