ID: 166
TASK: junto
LABEL EXTRAIDO: False
TOKENS_GERADOS: 263
TOKENS_POR_SEGUNDO: 10.75
TRUNCADO: False
======================================================================
PROMPT ENVIADO (texto completo apos apply_chat_template):
----------------------------------------------------------------------
<|begin_of_text|><|start_header_id|>system<|end_header_id|>

Cutting Knowledge Date: December 2023
Today Date: 26 Jul 2024

<|eot_id|><|start_header_id|>user<|end_header_id|>

You are a logic expert.

Given the following premises and a conclusion, determine whether the conclusion logically follows from the premises.

Premises:
(German(heinrichSchmidt) AND Politician(heinrichSchmidt)) AND (Member(heinrichSchmidt, prussianStateParliament) AND Member(heinrichSchmidt, naziReichstag))

Conclusion:
German(heinrichSchmidt) OR Russian(heinrichSchmidt)

Put your final answer within \boxed{True}, \boxed{False}, or \boxed{Uncertain}.<|eot_id|><|start_header_id|>assistant<|end_header_id|>


======================================================================
RESPOSTA DO MODELO:
----------------------------------------------------------------------
 or \boxed{Uncertain}.assistant

To determine whether the conclusion logically follows from the premises, let's analyze the information given.

Premises:

1. (German(heinrichSchmidt) AND Politician(heinrichSchmidt))
2. (Member(heinrichSchmidt, prussianStateParliament) AND Member(heinrichSchmidt, naziReichstag))

From the first premise, we know that Heinrich Schmidt is both German and a politician.

The second premise tells us that he is a member of both the Prussian State Parliament and the Nazi Reichstag. 

However, being a member of the Prussian State Parliament is relevant to his being German because Prussia was a German state. But being a member of the Nazi Reichstag is also relevant to his being German because the Reichstag was the parliament of Germany during the Nazi period.

However, the conclusion is that Heinrich Schmidt is either German or Russian. There is no information in the premises that links Heinrich Schmidt to being Russian. 

Therefore, there is no logical connection between the premises and the conclusion that Heinrich Schmidt is Russian. 

The conclusion does not logically follow from the premises.

\boxed{False}
