ID: 158
TASK: original
LABEL EXTRAIDO: True
TOKENS_GERADOS: 508
TOKENS_POR_SEGUNDO: 11.1
TRUNCADO: False
======================================================================
PROMPT ENVIADO (texto completo apos apply_chat_template):
----------------------------------------------------------------------
<|begin_of_text|><|start_header_id|>system<|end_header_id|>

Cutting Knowledge Date: December 2023
Today Date: 26 Jul 2024

<|eot_id|><|start_header_id|>user<|end_header_id|>

You are a logic expert.

Given the following premises and a conclusion, determine whether the conclusion logically follows from the premises.

Premises:
- forall x (Student(x) AND WorkIn(x, library) -> (NOT From(x, computerScienceDepartment)))
- forall x (Student(x) AND Have(x, partTimeJob) AND OfferedBy(y, university) -> WorkIn(x, library))
- forall x ((Student(x) AND Take(x, databaseCourse)) -> From(x, computerScienceDepartment))
- forall x ((Student(x) AND InstructedBy(x, professorDavid)) -> Take(x, databaseCourse))
- forall x ((Student(x) AND WorkIn(x, lab)) -> InstructedBy(x, professorDavid))
- Student(james) AND WorkIn(james, lab)
- NOT exists x (PartTimeJob(x) AND Have(james, x) AND OfferedBy(x, computerScienceDepartment)) AND NOT WorkIn(james, lab)

Conclusion:
Take(james, databaseCourse) XOR (exists y (PartTimeJob(y) AND Have(james, y) AND OfferedBy(y, university))

Put your final answer within \boxed{True}, \boxed{False}, or \boxed{Uncertain}.<|eot_id|><|start_header_id|>assistant<|end_header_id|>


======================================================================
RESPOSTA DO MODELO:
----------------------------------------------------------------------
PartTimeJob(y) AND Have(james, y) AND OfferedBy(y, university))

Put your final answer within \boxed{True}, \boxed{False}, or \boxed{Uncertain}.assistant

To determine whether the conclusion logically follows from the premises, we need to analyze the given statements.

From the premises, we know:

1. A student working in the library is not from the computer science department.
2. A student with a part-time job offered by the university works in the library.
3. A student taking the database course is from the computer science department.
4. A student instructed by Professor David takes the database course.
5. A student working in the lab is instructed by Professor David.
6. James is a student, works in the lab, and does not have a part-time job offered by the computer science department.
7. James does not have a part-time job offered by the university.

From premise 6, we can deduce that James works in the lab, which means James is instructed by Professor David (premise 5). According to premise 4, a student instructed by Professor David takes the database course. Therefore, we can conclude that:

Take(james, databaseCourse)

Now, let's examine the second part of the conclusion: exists y (PartTimeJob(y) AND Have(james, y) AND OfferedBy(y, university)). Since we know James does not have a part-time job offered by the university (premise 7), this part of the conclusion is false.

Since the two parts of the conclusion are mutually exclusive (XOR), the conclusion can only be true if exactly one part is true. We have already established that Take(james, databaseCourse) is true, and the other part is false. Therefore, the conclusion is:

\boxed{True}
