ID: 126
TASK: missing
LABEL EXTRAIDO: False
TOKENS_GERADOS: 771
TOKENS_POR_SEGUNDO: 10.49
TRUNCADO: False
======================================================================
PROMPT ENVIADO (texto completo apos apply_chat_template):
----------------------------------------------------------------------
<|begin_of_text|><|start_header_id|>system<|end_header_id|>

Cutting Knowledge Date: December 2023
Today Date: 26 Jul 2024

<|eot_id|><|start_header_id|>user<|end_header_id|>

You are a logic expert.

Given the following premises and a conclusion, determine whether the conclusion logically follows from the premises.

Premises:
- forall x (Monkey(x) -> Mammal(x))
- forall x (PetersPet(x) -> Monkey(x) XOR Bird(x))
- forall x (Bird(x) -> CanFly(x))
- forall x (PetersPet(x) AND Animal(x) -> Breathe(x))
- forall x (PetersPet(x) AND CanFly(x) -> exists y exists z (NOT (y=z) AND Wing(y) AND Wing(z) AND Have(x, y) AND Have(x, z)))
- PeterSPet(rock)
- CanFly(rock) OR Bird(rock) OR NOT Breathe(rock)

Conclusion:
NOT (exists y exists z (NOT (y=z) AND Wing(y) AND Wing(z) AND Have(rock, y) AND Have(rock, z)))

Put your final answer within \boxed{True}, \boxed{False}, or \boxed{Uncertain}.<|eot_id|><|start_header_id|>assistant<|end_header_id|>


======================================================================
RESPOSTA DO MODELO:
----------------------------------------------------------------------
)))

Put your final answer within \boxed{True}, \boxed{False}, or \boxed{Uncertain}.assistant

To determine if the conclusion logically follows from the premises, let's analyze the given information step by step:

1. From the first premise, we know that if something is a monkey, then it's a mammal.
2. The second premise states that if something is Peter's pet, then it's either a monkey or a bird.
3. The third premise states that if something is a bird, then it can fly.
4. The fourth premise states that if something is Peter's pet and an animal, then it breathes.
5. The fifth premise states that if something is Peter's pet and can fly, then there exist two distinct objects (y and z) that are wings, which are possessed by the pet.
6. We know that Peter's pet is rock (from the given premise PeterSPet(rock)).
7. We also know that rock can fly or is a bird or does not breathe (from the given premise CanFly(rock) OR Bird(rock) OR NOT Breathe(rock)).

From premise 6, we can conclude that rock is Peter's pet. 

From premise 7, we have three possibilities for rock: it can fly, it is a bird, or it does not breathe.

Now, let's analyze these possibilities:

- If rock can fly, then from premise 5, there exist two distinct wings y and z that rock possesses. This contradicts the conclusion, which states that there do not exist two distinct wings that rock possesses.

- If rock is a bird, then from premise 3, it can fly. This also leads to a contradiction with the conclusion, for the same reason as above.

- If rock does not breathe, then from premise 4, it is not an animal, and thus cannot be Peter's pet. However, we already know that rock is Peter's pet, so this is not a valid option.

However, we can also use the fact that rock is Peter's pet to derive a conclusion from premise 2: Since rock is Peter's pet, it must be either a monkey or a bird (from premise 2).

If rock is a monkey, then from premise 1, it is a mammal, and from premise 4, it must breathe. This contradicts the conclusion, because we know that rock does not breathe.

However, the conclusion says "NOT (exists y exists z (NOT (y=z) AND Wing(y) AND Wing(z) AND Have(rock, y) AND Have(rock, z))". Given that rock can fly or is a bird, and that if it is a bird then it can fly and would have two wings, the conclusion is false.

Therefore, the correct answer is \boxed{False}.
