ID: 158
TASK: junto
LABEL EXTRAIDO: Uncertain
TOKENS_GERADOS: 659
TOKENS_POR_SEGUNDO: 10.12
TRUNCADO: False
======================================================================
PROMPT ENVIADO (texto completo apos apply_chat_template):
----------------------------------------------------------------------
<|begin_of_text|><|start_header_id|>system<|end_header_id|>

Cutting Knowledge Date: December 2023
Today Date: 26 Jul 2024

<|eot_id|><|start_header_id|>user<|end_header_id|>

You are a logic expert.

Given the following premises and a conclusion, determine whether the conclusion logically follows from the premises.

Premises:
(forall x (Student(x) AND WorkIn(x, library) -> (NOT From(x, computerScienceDepartment)))) AND (forall x (Student(x) AND Have(x, partTimeJob) AND OfferedBy(y, university) -> WorkIn(x, library))) AND (forall x ((Student(x) AND Take(x, databaseCourse)) -> From(x, computerScienceDepartment))) AND (forall x ((Student(x) AND InstructedBy(x, professorDavid)) -> Take(x, databaseCourse))) AND (forall x ((Student(x) AND WorkIn(x, lab)) -> InstructedBy(x, professorDavid))) AND (Student(james) AND WorkIn(james, lab)) AND (NOT exists x (PartTimeJob(x) AND Have(james, x) AND OfferedBy(x, computerScienceDepartment)) AND NOT WorkIn(james, lab))

Conclusion:
Take(james, databaseCourse) XOR (exists y (PartTimeJob(y) AND Have(james, y) AND OfferedBy(y, university))

Put your final answer within \boxed{True}, \boxed{False}, or \boxed{Uncertain}.<|eot_id|><|start_header_id|>assistant<|end_header_id|>


======================================================================
RESPOSTA DO MODELO:
----------------------------------------------------------------------


To determine whether the conclusion logically follows from the premises, we need to analyze each premise and the conclusion.

Premise 1: (forall x (Student(x) AND WorkIn(x, library) -> (NOT From(x, computerScienceDepartment)))
This premise tells us that if a student works in the library, they are not from the computer science department.

Premise 2: (forall x (Student(x) AND Have(x, partTimeJob) AND OfferedBy(y, university) -> WorkIn(x, library))
This premise tells us that if a student has a part-time job offered by the university, they work in the library.

Premise 3: (forall x ((Student(x) AND Take(x, databaseCourse)) -> From(x, computerScienceDepartment))
This premise tells us that if a student takes the database course, they are from the computer science department.

Premise 4: (forall x ((Student(x) AND InstructedBy(x, professorDavid)) -> Take(x, databaseCourse))
This premise tells us that if a student is instructed by professor David, they take the database course.

Premise 5: (forall x ((Student(x) AND WorkIn(x, lab)) -> InstructedBy(x, professorDavid))
This premise tells us that if a student works in the lab, they are instructed by professor David.

Premise 6: (Student(james) AND WorkIn(james, lab))
This premise tells us that James is a student and works in the lab.

Premise 7: (NOT exists x (PartTimeJob(x) AND Have(james, x) AND OfferedBy(x, computerScienceDepartment)) AND NOT WorkIn(james, lab))
This premise tells us that James does not have a part-time job offered by the computer science department, or he does not work in the lab.

Now, let's analyze the conclusion: Take(james, databaseCourse) XOR (exists y (PartTimeJob(y) AND Have(james, y) AND OfferedBy(y, university))

We know from Premise 6 that James works in the lab, and from Premise 5 that if a student works in the lab, they are instructed by professor David. From Premise 4, we know that if a student is instructed by professor David, they take the database course. Therefore, James takes the database course (Take(james, databaseCourse)).

Now, let's consider the second part of the conclusion, exists y (PartTimeJob(y) AND Have(james, y) AND OfferedBy(y, university)). From Premise 7, we know that either James does not have a part-time job offered by the computer science department, or he does not work in the lab. However, we know that James works in the lab (Premise 6), so this implies that James does not have a part-time job offered by the computer science department. However, we cannot conclude that James has a part-time job offered by the university, because there is no information that rules out the possibility of a part-time job offered by another department.

Since we cannot conclude the second part of the conclusion, the conclusion is uncertain.

The answer is: \boxed{Uncertain}
