ID: 158
TASK: irrelevant
LABEL EXTRAIDO: Uncertain
TOKENS_GERADOS: 658
TOKENS_POR_SEGUNDO: 10.11
TRUNCADO: False
======================================================================
PROMPT ENVIADO (texto completo apos apply_chat_template):
----------------------------------------------------------------------
<|begin_of_text|><|start_header_id|>system<|end_header_id|>

Cutting Knowledge Date: December 2023
Today Date: 26 Jul 2024

<|eot_id|><|start_header_id|>user<|end_header_id|>

You are a logic expert.

Given the following premises and a conclusion, determine whether the conclusion logically follows from the premises.

Premises:
- forall x ((Student(x) AND WorkIn(x, lab)) -> InstructedBy(x, professorDavid))
- forall x ((Student(x) AND InstructedBy(x, professorDavid)) -> Take(x, databaseCourse))
- forall x ((Student(x) AND Take(x, databaseCourse)) -> From(x, computerScienceDepartment))
- forall x (Student(x) AND Have(x, partTimeJob) AND OfferedBy(y, university) -> WorkIn(x, library))
- NOT exists x (PartTimeJob(x) AND Have(james, x) AND OfferedBy(x, computerScienceDepartment)) AND NOT WorkIn(james, lab)
- In(Paris, France).
- forall x (Student(x) AND WorkIn(x, library) -> (NOT From(x, computerScienceDepartment)))
- Student(james) AND WorkIn(james, lab)

Conclusion:
Take(james, databaseCourse) XOR (exists y (PartTimeJob(y) AND Have(james, y) AND OfferedBy(y, university))

Put your final answer within \boxed{True}, \boxed{False}, or \boxed{Uncertain}.<|eot_id|><|start_header_id|>assistant<|end_header_id|>


======================================================================
RESPOSTA DO MODELO:
----------------------------------------------------------------------
To evaluate the conclusion, we need to break it down based on the given premises.

Given that James is a student and works in the lab, we know from the premises that James is instructed by professor David. 

From this, we can infer that James must take the database course, as the second premise states that any student instructed by professor David takes the database course.

The conclusion is in the form of an XOR (exclusive or), which means one of the two conditions must be true, but not both. 

There are two parts to the conclusion:

1. Take(james, databaseCourse) - This is already proven true as we established earlier.
2. exists y (PartTimeJob(y) AND Have(james, y) AND OfferedBy(y, university)) - This means James has a part-time job offered by the university.

However, the fifth premise states that there does not exist a part-time job offered by the computer science department that James has. But it does not rule out the possibility of James having a part-time job offered by another department, such as the university.

The sixth premise states that a student working in the library does not come from the computer science department. However, this does not directly relate to James' situation, as James works in the lab, not the library.

The seventh premise states that James is a student and works in the lab. 

The eighth premise states that In(Paris, France), which is unrelated to the conclusion.

The ninth premise states that if a student has a part-time job and it is offered by the university, then they work in the library. However, this premise does not directly relate to James' situation.

The tenth premise states that a student working in the library does not come from the computer science department. This does not directly relate to James' situation.

Given the information provided, we can conclude that James indeed takes the database course. However, we cannot be certain about the second part of the conclusion (exists y (PartTimeJob(y) AND Have(james, y) AND OfferedBy(y, university)).

Therefore, the answer is \boxed{Uncertain}.
