ID: 126
TASK: complex
LABEL EXTRAIDO: False
TOKENS_GERADOS: 856
TOKENS_POR_SEGUNDO: 10.11
TRUNCADO: False
======================================================================
PROMPT ENVIADO (texto completo apos apply_chat_template):
----------------------------------------------------------------------
<|begin_of_text|><|start_header_id|>system<|end_header_id|>

Cutting Knowledge Date: December 2023
Today Date: 26 Jul 2024

<|eot_id|><|start_header_id|>user<|end_header_id|>

You are a logic expert.

Given the following premises and a conclusion, determine whether the conclusion logically follows from the premises.

Premises:
- forall x (PetersPet(x) AND Mammal(x) -> Animal(x))
- forall x (Bird(x) -> CanFly(x))
- CanFly(rock) OR Bird(rock) OR NOT Breathe(rock)
- forall x (Monkey(x) -> Mammal(x))
- forall x (PetersPet(x) -> Monkey(x) XOR Bird(x))
- forall x (PetersPet(x) AND CanFly(x) -> exists y exists z (NOT (y=z) AND Wing(y) AND Wing(z) AND Have(x, y) AND Have(x, z)))
- PeterSPet(rock)
- forall x (Monkey(x) -> Mammal(x))
- forall x (Monkey(x) -> Mammal(x))
- forall x (PetersPet(x) AND Animal(x) -> Breathe(x))

Conclusion:
NOT (exists y exists z (NOT (y=z) AND Wing(y) AND Wing(z) AND Have(rock, y) AND Have(rock, z)))

Put your final answer within \boxed{True}, \boxed{False}, or \boxed{Uncertain}.<|eot_id|><|start_header_id|>assistant<|end_header_id|>


======================================================================
RESPOSTA DO MODELO:
----------------------------------------------------------------------
To determine if the conclusion logically follows from the premises, let's analyze the given information step by step.

From the premises, we have:

1. `forall x (PetersPet(x) AND Mammal(x) -> Animal(x))`
2. `forall x (Bird(x) -> CanFly(x))`
3. `CanFly(rock) OR Bird(rock) OR NOT Breathe(rock)`
4. `forall x (Monkey(x) -> Mammal(x))` (this premise is repeated, but it doesn't change the fact that it's true)
5. `forall x (PetersPet(x) -> Monkey(x) XOR Bird(x))`
6. `forall x (PetersPet(x) AND CanFly(x) -> exists y exists z (NOT (y=z) AND Wing(y) AND Wing(z) AND Have(x, y) AND Have(x, z)))`
7. `PeterSPet(rock)`
8. `forall x (PetersPet(x) AND Animal(x) -> Breathe(x))`

From premise 7, we know `PetersPet(rock)`. We can use this to find out what `rock` is.

From premise 5, we know `PetersPet(x) -> Monkey(x) XOR Bird(x)`. Since `PetersPet(rock)`, we can conclude that either `Monkey(rock)` or `Bird(rock)`.

Now, let's examine the possibilities:

- If `Monkey(rock)`, then from premise 4, we know `Mammal(rock)`. From premise 1, we know `Animal(rock)`. However, from premise 3, we know `CanFly(rock) OR Bird(rock) OR NOT Breathe(rock)`. Since `rock` is a mammal and must breathe, we can conclude that `NOT Breathe(rock)` is false, so either `CanFly(rock)` or `Bird(rock)` must be true. This would mean that the conclusion `NOT (exists y exists z (NOT (y=z) AND Wing(y) AND Wing(z) AND Have(rock, y) AND Have(rock, z)))` would be false, because `rock` has wings and can fly, and we would find two different wings on `rock`.

- If `Bird(rock)`, then from premise 2, we know `CanFly(rock)`. This would also mean that the conclusion `NOT (exists y exists z (NOT (y=z) AND Wing(y) AND Wing(z) AND Have(rock, y) AND Have(rock, z)))` would be false, because `rock` has wings and can fly, and we would find two different wings on `rock`.

In both cases, the conclusion `NOT (exists y exists z (NOT (y=z) AND Wing(y) AND Wing(z) AND Have(rock, y) AND Have(rock, z)))` would be false, because `rock` has wings and can fly.

Therefore, the conclusion logically follows from the premises, and the answer is:

\boxed{False}
