ID: 126
TASK: shuffled
LABEL EXTRAIDO: Uncertain
TOKENS_GERADOS: 918
TOKENS_POR_SEGUNDO: 10.2
TRUNCADO: False
======================================================================
PROMPT ENVIADO (texto completo apos apply_chat_template):
----------------------------------------------------------------------
<|begin_of_text|><|start_header_id|>system<|end_header_id|>

Cutting Knowledge Date: December 2023
Today Date: 26 Jul 2024

<|eot_id|><|start_header_id|>user<|end_header_id|>

You are a logic expert.

Given the following premises and a conclusion, determine whether the conclusion logically follows from the premises.

Premises:
- PeterSPet(rock)
- forall x (PetersPet(x) AND CanFly(x) -> exists y exists z (NOT (y=z) AND Wing(y) AND Wing(z) AND Have(x, y) AND Have(x, z)))
- forall x (PetersPet(x) AND Mammal(x) -> Animal(x))
- CanFly(rock) OR Bird(rock) OR NOT Breathe(rock)
- forall x (Bird(x) -> CanFly(x))
- forall x (PetersPet(x) -> Monkey(x) XOR Bird(x))
- forall x (PetersPet(x) AND Animal(x) -> Breathe(x))
- forall x (Monkey(x) -> Mammal(x))

Conclusion:
NOT (exists y exists z (NOT (y=z) AND Wing(y) AND Wing(z) AND Have(rock, y) AND Have(rock, z)))

Put your final answer within \boxed{True}, \boxed{False}, or \boxed{Uncertain}.<|eot_id|><|start_header_id|>assistant<|end_header_id|>


======================================================================
RESPOSTA DO MODELO:
----------------------------------------------------------------------
 or \boxed{Uncertain}.assistant

To determine whether the conclusion logically follows from the premises, we will analyze the given statements.

Premises:
1. Peter'sPet(rock) - This statement is false because 'rock' is an object and 'Peter'sPet' implies a living creature.
2. forall x (PetersPet(x) AND CanFly(x) -> exists y exists z (NOT (y=z) AND Wing(y) AND Wing(z) AND Have(x, y) AND Have(x, z))) - This statement implies that if Peter has a pet that can fly, then there are two wings and Peter has them. This does not directly apply to 'rock' since it's not a living creature.
3. forall x (PetersPet(x) AND Mammal(x) -> Animal(x)) - This statement implies that if Peter's pet is a mammal, then it is an animal. However, this does not directly apply to 'rock'.
4. CanFly(rock) OR Bird(rock) OR NOT Breathe(rock) - This statement implies that 'rock' can either fly, be a bird, or not breathe. Since 'rock' is inanimate, it cannot fly or breathe.
5. forall x (Bird(x) -> CanFly(x)) - This statement implies that all birds can fly. However, this does not directly apply to 'rock'.
6. forall x (PetersPet(x) -> Monkey(x) XOR Bird(x)) - This statement implies that if Peter's pet is either a monkey or a bird. However, this does not directly apply to 'rock'.
7. forall x (PetersPet(x) AND Animal(x) -> Breathe(x)) - This statement implies that if Peter's pet is an animal, then it breathes. However, this does not directly apply to 'rock'.
8. forall x (Monkey(x) -> Mammal(x)) - This statement implies that if something is a monkey, then it is a mammal. However, this does not directly apply to 'rock'.

Conclusion:
NOT (exists y exists z (NOT (y=z) AND Wing(y) AND Wing(z) AND Have(rock, y) AND Have(rock, z)))

Since premise 1 is false, the entire argument is invalid because it starts with a false statement. However, if we assume premise 1 is true, we can analyze the conclusion. 

From premise 4, we know that CanFly(rock) OR Bird(rock) OR NOT Breathe(rock). Since 'rock' is inanimate, NOT Breathe(rock) is true. 

From premise 6, we know that if Peter's pet is either a monkey or a bird. However, premise 1 states that Peter's pet is 'rock', which is not a living creature, so this premise is irrelevant.

From premise 7, we know that if Peter's pet is an animal, then it breathes. However, 'rock' is inanimate, so this premise is also irrelevant.

Now, we need to analyze the conclusion. 

The conclusion states that NOT (exists y exists z (NOT (y=z) AND Wing(y) AND Wing(z) AND Have(rock, y) AND Have(rock, z))). 

To prove this statement false, we need to find at least one y and z such that y is not equal to z, y has a wing, z has a wing, and rock has both y and z.

From premise 4, we know that CanFly(rock) OR Bird(rock) OR NOT Breathe(rock). Since 'rock' is inanimate, NOT Breathe(rock) is true. However, CanFly(rock) is false because 'rock' cannot fly. 

If Bird(rock) is true, then from premise 5, we know that rock can fly. However, this contradicts premise 4.

However, we can still assume that rock is a bird. In this case, rock has two wings (one for each side), and premise 1 states that rock is Peter's pet. Therefore, the conclusion is false.

However, this is a fallacious argument because premise 1 is false, and we have assumed a false scenario to reach the conclusion.

Therefore, the answer is \boxed{Uncertain} because we cannot directly determine whether the conclusion logically follows from the premises due to the initial false premise.
