ID: 192
TASK: nl
LABEL EXTRAIDO: False
TOKENS_GERADOS: 259
TOKENS_POR_SEGUNDO: 12.34
TRUNCADO: False
======================================================================
PROMPT ENVIADO (texto completo apos apply_chat_template):
----------------------------------------------------------------------
<|begin_of_text|><|start_header_id|>system<|end_header_id|>

Cutting Knowledge Date: December 2023
Today Date: 26 Jul 2024

<|eot_id|><|start_header_id|>user<|end_header_id|>

You are a logic expert.

Given the following premises and a conclusion, determine whether the conclusion logically follows from the premises.

Premises:
- Events are either happy or sad.
- At least one event is happy. 

Conclusion:
All events are sad.

Put your final answer within \boxed{True}, \boxed{False}, or \boxed{Uncertain}.<|eot_id|><|start_header_id|>assistant<|end_header_id|>


======================================================================
RESPOSTA DO MODELO:
----------------------------------------------------------------------
.
- At least one event is happy. 

Conclusion:
All events are sad.

Put your final answer within \boxed{True}, \boxed{False}, or \boxed{Uncertain}.assistant

\boxed{False}

The conclusion "All events are sad" contradicts the premise "At least one event is happy". Since the premises state that events can only be either happy or sad, and we know that at least one event is happy, it is impossible for all events to be sad.
