ID: 192
TASK: original
LABEL EXTRAIDO: False
TOKENS_GERADOS: 245
TOKENS_POR_SEGUNDO: 11.67
TRUNCADO: False
======================================================================
PROMPT ENVIADO (texto completo apos apply_chat_template):
----------------------------------------------------------------------
<|begin_of_text|><|start_header_id|>system<|end_header_id|>

Cutting Knowledge Date: December 2023
Today Date: 26 Jul 2024

<|eot_id|><|start_header_id|>user<|end_header_id|>

You are a logic expert.

Given the following premises and a conclusion, determine whether the conclusion logically follows from the premises.

Premises:
- forall x (Event(x) -> Happy(x) XOR Sad(x))
- exists x (Event(x) AND Happy(x))

Conclusion:
forall x (Event(x) -> Sad(x))

Put your final answer within \boxed{True}, \boxed{False}, or \boxed{Uncertain}.<|eot_id|><|start_header_id|>assistant<|end_header_id|>


======================================================================
RESPOSTA DO MODELO:
----------------------------------------------------------------------
 Sad(x))

Put your final answer within \boxed{True}, \boxed{False}, or \boxed{Uncertain}.assistant

To determine if the conclusion logically follows from the premises, we need to analyze the given statements.

The first premise states that for all x, if Event(x) is true, then x is either Happy(x) or Sad(x). This can be represented as:

∀x (Event(x) → (Happy(x) ∨ Sad(x)))

The second premise states that there exists an x such that Event(x) is true and Happy(x) is true. This can be represented as:

∃x (Event(x) ∧ Happy(x))

We can use the second premise to find a specific instance where Event(x) is true and Happy(x) is true. This directly contradicts the conclusion that ∀x (Event(x) → Sad(x)), because if there is an instance where Event(x) is true and Happy(x) is true, then it cannot be the case that for all x, Event(x) → Sad(x).

Therefore, the conclusion does not logically follow from the premises.

The final answer is: \boxed{False}
