ID: 192
TASK: irrelevant
LABEL EXTRAIDO: False
TOKENS_GERADOS: 255
TOKENS_POR_SEGUNDO: 10.26
TRUNCADO: False
======================================================================
PROMPT ENVIADO (texto completo apos apply_chat_template):
----------------------------------------------------------------------
<|begin_of_text|><|start_header_id|>system<|end_header_id|>

Cutting Knowledge Date: December 2023
Today Date: 26 Jul 2024

<|eot_id|><|start_header_id|>user<|end_header_id|>

You are a logic expert.

Given the following premises and a conclusion, determine whether the conclusion logically follows from the premises.

Premises:
- exists x (Event(x) AND Happy(x))
- RisesIn(Sun, East).
- forall x (Event(x) -> Happy(x) XOR Sad(x))

Conclusion:
forall x (Event(x) -> Sad(x))

Put your final answer within \boxed{True}, \boxed{False}, or \boxed{Uncertain}.<|eot_id|><|start_header_id|>assistant<|end_header_id|>


======================================================================
RESPOSTA DO MODELO:
----------------------------------------------------------------------
To determine if the conclusion logically follows from the premises, we need to analyze the given statements.

Premise 1: exists x (Event(x) AND Happy(x)) - This statement indicates that there exists at least one event that is happy.

Premise 2: RisesIn(Sun, East) - This statement describes the direction of the sun's rise, which is unrelated to the event's happiness or sadness.

Premise 3: forall x (Event(x) -> Happy(x) XOR Sad(x)) - This statement means that for all events, they are either happy or sad, but not both.

Conclusion: forall x (Event(x) -> Sad(x)) - This statement claims that for all events, they are sad.

From Premise 1, we know there exists an event that is happy. 

From Premise 3, we know that for all events, they are either happy or sad. 

Given these two premises, we cannot conclude that all events are sad, because we have a counterexample from Premise 1 where an event is happy.

Therefore, the conclusion does not logically follow from the premises.

The answer is: \boxed{False}
