ID: 192
TASK: negation
LABEL EXTRAIDO: True
TOKENS_GERADOS: 410
TOKENS_POR_SEGUNDO: 10.59
TRUNCADO: False
======================================================================
PROMPT ENVIADO (texto completo apos apply_chat_template):
----------------------------------------------------------------------
<|begin_of_text|><|start_header_id|>system<|end_header_id|>

Cutting Knowledge Date: December 2023
Today Date: 26 Jul 2024

<|eot_id|><|start_header_id|>user<|end_header_id|>

You are a logic expert.

Given the following premises and a conclusion, determine whether the conclusion logically follows from the premises.

Premises:
- forall x (Event(x) -> Happy(x) XOR Sad(x))
- exists x (Event(x) AND Happy(x))

Conclusion:
NOT (forall x (Event(x) -> Sad(x)))

Put your final answer within \boxed{True}, \boxed{False}, or \boxed{Uncertain}.<|eot_id|><|start_header_id|>assistant<|end_header_id|>


======================================================================
RESPOSTA DO MODELO:
----------------------------------------------------------------------
{False}, or \boxed{Uncertain}.assistant

To determine if the conclusion logically follows from the premises, let's analyze the given statements:

1. forall x (Event(x) -> Happy(x) XOR Sad(x)): This statement means that for all x, if x is an event, then x is either happy or sad, but not both. This is an exclusive OR statement.

2. exists x (Event(x) AND Happy(x)): This statement means that there exists at least one event x that is happy.

Now, let's examine the conclusion:

NOT (forall x (Event(x) -> Sad(x)))

This statement means that it's not the case that for all x, if x is an event, then x is sad.

From premise 1, we know that for all events, they are either happy or sad (but not both). From premise 2, we know there exists at least one happy event. 

If there is a happy event, then it cannot be sad according to premise 1. Therefore, not all events can be sad, which means the conclusion that it's not the case that for all events, they are sad, is true.

Hence, the conclusion logically follows from the premises.

The answer is: \boxed{True}
