ID: 166
TASK: nl
LABEL EXTRAIDO: True
TOKENS_GERADOS: 467
TOKENS_POR_SEGUNDO: 11.85
TRUNCADO: False
======================================================================
PROMPT ENVIADO (texto completo apos apply_chat_template):
----------------------------------------------------------------------
<|begin_of_text|><|start_header_id|>system<|end_header_id|>

Cutting Knowledge Date: December 2023
Today Date: 26 Jul 2024

<|eot_id|><|start_header_id|>user<|end_header_id|>

You are a logic expert.

Given the following premises and a conclusion, determine whether the conclusion logically follows from the premises.

Premises:
- Heinrich Schmidt was a German politician. 
- Heinrich Schmidt was also a member of the Prussian State Parliament and the Nazi Reichstag.

Conclusion:
Heinrich Schmidt was German or Russian or both.

Put your final answer within \boxed{True}, \boxed{False}, or \boxed{Uncertain}.<|eot_id|><|start_header_id|>assistant<|end_header_id|>


======================================================================
RESPOSTA DO MODELO:
----------------------------------------------------------------------
 politician. 
- Heinrich Schmidt was also a member of the Prussian State Parliament and the Nazi Reichstag.

Conclusion:
Heinrich Schmidt was German or Russian or both.

Put your final answer within \boxed{True}, \boxed{False}, or \boxed{Uncertain}.assistant

\boxed{True}

Explanation: 

The conclusion "Heinrich Schmidt was German or Russian or both" logically follows from the premises. 

Premise 1 states that Heinrich Schmidt was a German politician. This directly supports the conclusion that he was German.

Premise 2 states that Heinrich Schmidt was a member of the Prussian State Parliament and the Nazi Reichstag. Prussia was a historical region in Central Europe, primarily associated with Germany, not Russia. The Nazi Reichstag was the German parliament during the Nazi era. This further supports the conclusion that he was German.

There is no information in the premises that suggests Heinrich Schmidt was Russian or had any connection to Russia. Therefore, the conclusion logically follows from the premises.
