ID: 166
TASK: original
LABEL EXTRAIDO: Uncertain
TOKENS_GERADOS: 442
TOKENS_POR_SEGUNDO: 11.21
TRUNCADO: False
======================================================================
PROMPT ENVIADO (texto completo apos apply_chat_template):
----------------------------------------------------------------------
<|begin_of_text|><|start_header_id|>system<|end_header_id|>

Cutting Knowledge Date: December 2023
Today Date: 26 Jul 2024

<|eot_id|><|start_header_id|>user<|end_header_id|>

You are a logic expert.

Given the following premises and a conclusion, determine whether the conclusion logically follows from the premises.

Premises:
- German(heinrichSchmidt) AND Politician(heinrichSchmidt)
- Member(heinrichSchmidt, prussianStateParliament) AND Member(heinrichSchmidt, naziReichstag)

Conclusion:
German(heinrichSchmidt) OR Russian(heinrichSchmidt)

Put your final answer within \boxed{True}, \boxed{False}, or \boxed{Uncertain}.<|eot_id|><|start_header_id|>assistant<|end_header_id|>


======================================================================
RESPOSTA DO MODELO:
----------------------------------------------------------------------
midt) OR Russian(heinrichSchmidt)

Put your final answer within \boxed{True}, \boxed{False}, or \boxed{Uncertain}.assistant

To determine whether the conclusion logically follows from the premises, let's analyze the given information.

Premise 1: German(heinrichSchmidt) AND Politician(heinrichSchmidt)
This premise tells us that Heinrich Schmidt is a German and a politician, but it doesn't provide any information about his nationality other than German.

Premise 2: Member(heinrichSchmidt, prussianStateParliament) AND Member(heinrichSchmidt, naziReichstag)
This premise tells us that Heinrich Schmidt was a member of both the Prussian State Parliament and the Nazi Reichstag. Being a member of the Prussian State Parliament suggests that he was associated with the German state (Prussia was a German state). However, being a member of the Nazi Reichstag suggests that he was associated with the Nazi party, which was a party with a strong anti-communist and nationalist ideology. However, being a member of the Nazi Reichstag does not necessarily imply that he was not German.

Now, let's analyze the conclusion: German(heinrichSchmidt) OR Russian(heinrichSchmidt)
The conclusion is a disjunction that claims Heinrich Schmidt is either German or Russian. However, the premises do not provide any information that would suggest Heinrich Schmidt is Russian.

Since there is no evidence in the premises that suggests Heinrich Schmidt is Russian, we cannot conclude that he is Russian. However, the premises do provide evidence that suggests he is German (Premise 1). Therefore, the conclusion is not necessarily false, but it's not necessarily true either because we cannot rule out the possibility that Heinrich Schmidt is not German. However, the premises do provide more evidence for him being German than not. However, the conclusion can be true if Heinrich Schmidt is German, but it can also be true if he is not German but Russian. Therefore, the conclusion is uncertain.

So, the final answer is \boxed{Uncertain}.
