ID: 166
TASK: contradiction
LABEL EXTRAIDO: True
TOKENS_GERADOS: 262
TOKENS_POR_SEGUNDO: 10.23
TRUNCADO: False
======================================================================
PROMPT ENVIADO (texto completo apos apply_chat_template):
----------------------------------------------------------------------
<|begin_of_text|><|start_header_id|>system<|end_header_id|>

Cutting Knowledge Date: December 2023
Today Date: 26 Jul 2024

<|eot_id|><|start_header_id|>user<|end_header_id|>

You are a logic expert.

Given the following premises and a conclusion, determine whether the conclusion logically follows from the premises.

Premises:
- NOT (German(heinrichSchmidt) AND Politician(heinrichSchmidt))
- German(heinrichSchmidt) AND Politician(heinrichSchmidt)
- Member(heinrichSchmidt, prussianStateParliament) AND Member(heinrichSchmidt, naziReichstag)

Conclusion:
German(heinrichSchmidt) OR Russian(heinrichSchmidt)

Put your final answer within \boxed{True}, \boxed{False}, or \boxed{Uncertain}.<|eot_id|><|start_header_id|>assistant<|end_header_id|>


======================================================================
RESPOSTA DO MODELO:
----------------------------------------------------------------------
To determine whether the conclusion logically follows from the premises, we need to analyze the given statements.

Premise 1: NOT (German(heinrichSchmidt) AND Politician(heinrichSchmidt))
This statement implies that Heinrich Schmidt is either not German or not a politician, or both.

Premise 2: German(heinrichSchmidt) AND Politician(heinrichSchmidt)
This statement directly contradicts Premise 1, as it states that Heinrich Schmidt is both German and a politician.

Premise 3: Member(heinrichSchmidt, prussianStateParliament) AND Member(heinrichSchmidt, naziReichstag)
This statement tells us that Heinrich Schmidt is a member of both the Prussian State Parliament and the Nazi Reichstag. This implies that Heinrich Schmidt was active in Germany during the Nazi era.

The conclusion: German(heinrichSchmidt) OR Russian(heinrichSchmidt)

From Premise 2, we know that Heinrich Schmidt is German. 

Since the conclusion states that Heinrich Schmidt is either German or Russian, and we have established that he is indeed German, the conclusion is logically valid.

Therefore, the final answer is: \boxed{True}
