ID: 192
TASK: complex
LABEL EXTRAIDO: False
TOKENS_GERADOS: 215
TOKENS_POR_SEGUNDO: 10.24
TRUNCADO: False
======================================================================
PROMPT ENVIADO (texto completo apos apply_chat_template):
----------------------------------------------------------------------
<|begin_of_text|><|start_header_id|>system<|end_header_id|>

Cutting Knowledge Date: December 2023
Today Date: 26 Jul 2024

<|eot_id|><|start_header_id|>user<|end_header_id|>

You are a logic expert.

Given the following premises and a conclusion, determine whether the conclusion logically follows from the premises.

Premises:
- exists x (Event(x) AND Happy(x))
- forall x (Event(x) -> Happy(x) XOR Sad(x))
- forall x (Event(x) -> Happy(x) XOR Sad(x))
- forall x (Event(x) -> Happy(x) XOR Sad(x))

Conclusion:
forall x (Event(x) -> Sad(x))

Put your final answer within \boxed{True}, \boxed{False}, or \boxed{Uncertain}.<|eot_id|><|start_header_id|>assistant<|end_header_id|>


======================================================================
RESPOSTA DO MODELO:
----------------------------------------------------------------------
To determine whether the conclusion logically follows from the premises, let's analyze the given information.

The first premise states that there exists at least one event that is both an event and happy. This does not provide any information about the relationship between events and happiness/sadness in general, but it tells us that not all events are sad.

The second and third premises are essentially the same, so we can ignore the repetition. They state that if something is an event, then it is either happy or sad, but not both. This implies that events are exclusive of happiness and sadness.

Now, let's examine the conclusion: for all x, if x is an event, then x is sad. This conclusion contradicts the second premise, which states that events are either happy or sad, not both. However, it also contradicts the first premise, which states that there exists an event that is happy.

Since the conclusion contradicts both the first and second premises, it does not logically follow from the given premises.

Therefore, the answer is: \boxed{False}.
