ID: 192
TASK: shuffled
LABEL EXTRAIDO: False
TOKENS_GERADOS: 264
TOKENS_POR_SEGUNDO: 10.62
TRUNCADO: False
======================================================================
PROMPT ENVIADO (texto completo apos apply_chat_template):
----------------------------------------------------------------------
<|begin_of_text|><|start_header_id|>system<|end_header_id|>

Cutting Knowledge Date: December 2023
Today Date: 26 Jul 2024

<|eot_id|><|start_header_id|>user<|end_header_id|>

You are a logic expert.

Given the following premises and a conclusion, determine whether the conclusion logically follows from the premises.

Premises:
- forall x (Event(x) -> Happy(x) XOR Sad(x))
- exists x (Event(x) AND Happy(x))

Conclusion:
forall x (Event(x) -> Sad(x))

Put your final answer within \boxed{True}, \boxed{False}, or \boxed{Uncertain}.<|eot_id|><|start_header_id|>assistant<|end_header_id|>


======================================================================
RESPOSTA DO MODELO:
----------------------------------------------------------------------
{Uncertain}.assistant

To determine if the conclusion logically follows from the premises, let's break down the given information.

Premise 1: forall x (Event(x) -> Happy(x) XOR Sad(x))
- This means for all x, if x is an event, then x is either happy or sad, but not both.

Premise 2: exists x (Event(x) AND Happy(x))
- This means there exists at least one x that is both an event and happy.

From Premise 2, we can infer that there exists at least one event that is happy, which implies that there are events that are not sad, according to Premise 1.

Now, let's examine the conclusion: forall x (Event(x) -> Sad(x))
- This means for all x, if x is an event, then x is sad.

However, from Premise 2, we know that there exists an event that is happy. According to Premise 1, if an event is happy, it cannot be sad. Therefore, the conclusion that all events are sad contradicts the existence of at least one happy event.

Since the conclusion contradicts the premises, the conclusion does not logically follow from the premises.

The final answer is: \boxed{False}.
