ID: 158
TASK: nl
LABEL EXTRAIDO: True
TOKENS_GERADOS: 570
TOKENS_POR_SEGUNDO: 12.45
TRUNCADO: False
======================================================================
PROMPT ENVIADO (texto completo apos apply_chat_template):
----------------------------------------------------------------------
<|begin_of_text|><|start_header_id|>system<|end_header_id|>

Cutting Knowledge Date: December 2023
Today Date: 26 Jul 2024

<|eot_id|><|start_header_id|>user<|end_header_id|>

You are a logic expert.

Given the following premises and a conclusion, determine whether the conclusion logically follows from the premises.

Premises:
- None of the students who currently work in the library are from the computer science department. 
- All of the students with part-time jobs offered by the university currently work in the library. 
- All of the students who are taking the database course are from the computer science department. 
- All of the students taking a class with Professor David are taking the database course. 
- All students working in the lab are taking a class with Professor David.
- James is a student working in the lab. 
- James doesn't work in the lab or have a part-time job offered by the university.

Conclusion:
James either takes the database course or has a part-time job offered by the university.

Put your final answer within \boxed{True}, \boxed{False}, or \boxed{Uncertain}.<|eot_id|><|start_header_id|>assistant<|end_header_id|>


======================================================================
RESPOSTA DO MODELO:
----------------------------------------------------------------------
 All of the students taking a class with Professor David are taking the database course. 
- All students working in the lab are taking a class with Professor David.
- James is a student working in the lab. 
- James doesn't work in the lab or have a part-time job offered by the university.

Conclusion:
James either takes the database course or has a part-time job offered by the university.

Put your final answer within \boxed{True}, \boxed{False}, or \boxed{Uncertain}.assistant

To determine if the conclusion logically follows from the premises, let's analyze the information:

1. None of the students who currently work in the library are from the computer science department.
2. All of the students with part-time jobs offered by the university currently work in the library.
3. All of the students who are taking the database course are from the computer science department.
4. All of the students taking a class with Professor David are taking the database course.
5. All of the students working in the lab are taking a class with Professor David.
6. James is a student working in the lab.
7. James doesn't work in the lab or have a part-time job offered by the university.

From premise 5 and 6, we know James is working in the lab, which means he is taking a class with Professor David (premise 5). From premise 4, this means James is taking the database course.

Now, we need to determine if James has a part-time job offered by the university. We know that James doesn't work in the library (premise 1 and premise 7), and from premise 2, the only students who work in the library have part-time jobs offered by the university. However, premise 7 states that James doesn't work in the lab or have a part-time job offered by the university. This directly contradicts premise 2, which implies that James must have a part-time job offered by the university because he works in the library (which he doesn't).

However, premise 2 states that "All of the students with part-time jobs offered by the university currently work in the library." Since premise 7 states that James doesn't work in the lab or have a part-time job offered by the university, it does not mean that James does not have a part-time job offered by the university, but rather that he doesn't work in the lab or the library. 

Therefore, the conclusion that "James either takes the database course or has a part-time job offered by the university" is actually true because we know James is taking the database course (from premise 4 and 5), and there is no direct contradiction that prevents James from having a part-time job offered by the university.

\boxed{True}
