ID: 126
TASK: nl
LABEL EXTRAIDO: Uncertain
TOKENS_GERADOS: 974
TOKENS_POR_SEGUNDO: 11.5
TRUNCADO: False
======================================================================
PROMPT ENVIADO (texto completo apos apply_chat_template):
----------------------------------------------------------------------
<|begin_of_text|><|start_header_id|>system<|end_header_id|>

Cutting Knowledge Date: December 2023
Today Date: 26 Jul 2024

<|eot_id|><|start_header_id|>user<|end_header_id|>

You are a logic expert.

Given the following premises and a conclusion, determine whether the conclusion logically follows from the premises.

Premises:
- All of Peter's pets that are mammals are also animals.
- All monkeys are mammals. 
- Peter's pets are all either monkeys or birds. 
- Peter's birds can fly.
- All animals that are Peter's pets can breathe.
- If Peter's pet can fly, then it has wings.
- Rock is Peter's pet.
- Rock can fly, or Rock is a bird, or Rock cannot breathe. 

Conclusion:
Rock does not have wings.

Put your final answer within \boxed{True}, \boxed{False}, or \boxed{Uncertain}.<|eot_id|><|start_header_id|>assistant<|end_header_id|>


======================================================================
RESPOSTA DO MODELO:
----------------------------------------------------------------------
's pets that are mammals are also animals.
- All monkeys are mammals. 
- Peter's pets are all either monkeys or birds. 
- Peter's birds can fly.
- All animals that are Peter's pets can breathe.
- If Peter's pet can fly, then it has wings.
- Rock is Peter's pet.
- Rock can fly, or Rock is a bird, or Rock cannot breathe. 

Conclusion:
Rock does not have wings.

Put your final answer within \boxed{True}, \boxed{False}, or \boxed{Uncertain}.assistant

To determine if the conclusion logically follows from the premises, let's break down the information provided:

1. All of Peter's pets that are mammals are also animals. (This is a true statement about mammals, but it doesn't directly affect the conclusion about Rock.)
2. All monkeys are mammals. (This is a true statement about monkeys, but it doesn't directly affect the conclusion about Rock.)
3. Peter's pets are all either monkeys or birds. (This is relevant because it tells us about the categories of Peter's pets.)
4. Peter's birds can fly. (This tells us about the flying ability of birds, but it doesn't directly affect the conclusion about Rock.)
5. All animals that are Peter's pets can breathe. (This is a true statement about Peter's pets, but it doesn't directly affect the conclusion about Rock.)
6. If Peter's pet can fly, then it has wings. (This is a conditional statement, but it doesn't directly affect the conclusion about Rock.)
7. Rock is Peter's pet. (This is a crucial piece of information, as it tells us that Rock is one of Peter's pets.)
8. Rock can fly, or Rock is a bird, or Rock cannot breathe. (This is a crucial piece of information, as it gives us three possible states for Rock.)

Now, let's analyze the possible states of Rock:

- If Rock is a bird, then it can fly (premise 4). In this case, Rock has wings (premise 6).
- If Rock is not a bird, then Rock cannot fly. However, Rock cannot breathe (premise 8), which contradicts premise 5 (all animals that are Peter's pets can breathe).
- If Rock can fly, then it has wings (premise 6). However, if Rock can fly, then it is either a bird or it cannot breathe (premise 8). If Rock is a bird, then it can fly (premise 4), which leads to a contradiction (Rock cannot breathe). Therefore, if Rock can fly, it must not breathe.

However, the conclusion states that Rock does not have wings. Given the above analysis, the only possible state for Rock that satisfies all premises is that Rock is not a bird and cannot fly. In this case, it is possible for Rock not to have wings.
