ID: 200
TASK: nl
LABEL EXTRAIDO: False
TOKENS_GERADOS: 341
TOKENS_POR_SEGUNDO: 11.65
TRUNCADO: False
======================================================================
PROMPT ENVIADO (texto completo apos apply_chat_template):
----------------------------------------------------------------------
<|begin_of_text|><|start_header_id|>system<|end_header_id|>

Cutting Knowledge Date: December 2023
Today Date: 26 Jul 2024

<|eot_id|><|start_header_id|>user<|end_header_id|>

You are a logic expert.

Given the following premises and a conclusion, determine whether the conclusion logically follows from the premises.

Premises:
- Ailton Silva, born in 1995, is commonly known as Ailton.
- Ailton is a football player who was loaned out to Braga.
- Ailton Silva is a Brazilian footballer who plays for Náutico.
- Náutico is a football club along with Braga.
- Fluminense is a football club.

Conclusion:
Ailton was not loaned out to a football club.

Put your final answer within \boxed{True}, \boxed{False}, or \boxed{Uncertain}.<|eot_id|><|start_header_id|>assistant<|end_header_id|>


======================================================================
RESPOSTA DO MODELO:
----------------------------------------------------------------------
 club.

Conclusion:
Ailton was not loaned out to a football club.

Put your final answer within \boxed{True}, \boxed{False}, or \boxed{Uncertain}.assistant

To determine if the conclusion logically follows from the premises, let's analyze each premise:

1. Ailton Silva, born in 1995, is commonly known as Ailton.
2. Ailton is a football player who was loaned out to Braga.
3. Ailton Silva is a Brazilian footballer who plays for Náutico.
4. Náutico is a football club along with Braga.
5. Fluminense is a football club.

From the premises, we can infer that Ailton is a football player and has been loaned out to Braga (premise 2) and also plays for Náutico (premise 3). There is no information in the premises about Ailton being loaned out to any other football club, including Náutico. However, we can also see that Náutico and Braga are both football clubs (premise 4).

The conclusion is that Ailton was not loaned out to a football club. However, premise 2 states that Ailton was loaned out to Braga, which is a football club. Therefore, the conclusion contradicts the information given in the premises.

So, the conclusion does not logically follow from the premises. 

\boxed{False}
