ID: 200
TASK: irrelevant
LABEL EXTRAIDO: False
TOKENS_GERADOS: 385
TOKENS_POR_SEGUNDO: 10.15
TRUNCADO: False
======================================================================
PROMPT ENVIADO (texto completo apos apply_chat_template):
----------------------------------------------------------------------
<|begin_of_text|><|start_header_id|>system<|end_header_id|>

Cutting Knowledge Date: December 2023
Today Date: 26 Jul 2024

<|eot_id|><|start_header_id|>user<|end_header_id|>

You are a logic expert.

Given the following premises and a conclusion, determine whether the conclusion logically follows from the premises.

Premises:
- forall x (Fish(x) -> LivesIn(x, Water)).
- FootballPlayer(ailton) AND LoanedTo(ailton, braga)
- BornIn(ailtonSilva, year1995) AND CommonlyKnownAs(ailtonSilva, ailton)
- FootballClub(nautico) AND FootballClub(braga)
- Brazilian(ailtonSilva) AND Footballplayer(ailtonSilva) AND PlayFor(ailtonSilva, nautico)
- FootballClub(fluminense)

Conclusion:
forall x (FootballClub(x) -> NOT LoanedTo(ailton, x))

Put your final answer within \boxed{True}, \boxed{False}, or \boxed{Uncertain}.<|eot_id|><|start_header_id|>assistant<|end_header_id|>


======================================================================
RESPOSTA DO MODELO:
----------------------------------------------------------------------
To evaluate the conclusion, let's break down the premises and the conclusion.

Premises:
1. forall x (Fish(x) -> LivesIn(x, Water)) - This premise is irrelevant to the conclusion.
2. FootballPlayer(ailton) AND LoanedTo(ailton, braga) - This premise indicates that Ailton is a football player and is loaned to Braga.
3. BornIn(ailtonSilva, year1995) AND CommonlyKnownAs(ailtonSilva, ailton) - This premise provides information about Ailton Silva's birth year and nickname, but it's irrelevant to the conclusion.
4. FootballClub(nautico) AND FootballClub(braga) - This premise states that Nautico and Braga are football clubs.
5. Brazilian(ailtonSilva) AND Footballplayer(ailtonSilva) AND PlayFor(ailtonSilva, nautico) - This premise states that Ailton Silva is a Brazilian football player and plays for Nautico.
6. FootballClub(fluminense) - This premise introduces another football club, Fluminense, but it's irrelevant to the conclusion.

Conclusion:
forall x (FootballClub(x) -> NOT LoanedTo(ailton, x))

The conclusion states that for all x, if x is a football club, then Ailton is not loaned to x.

From premise 5, we know Ailton Silva plays for Nautico, and from premise 2, we know Ailton is loaned to Braga. There is no information about Ailton being loaned to any other football club. Therefore, the conclusion does not logically follow from the premises because the conclusion assumes Ailton is not loaned to any football club, but premise 2 explicitly states that Ailton is loaned to Braga.

The answer is: \boxed{False}
