ID: 200
TASK: shuffled
LABEL EXTRAIDO: Uncertain
TOKENS_GERADOS: 399
TOKENS_POR_SEGUNDO: 10.52
TRUNCADO: False
======================================================================
PROMPT ENVIADO (texto completo apos apply_chat_template):
----------------------------------------------------------------------
<|begin_of_text|><|start_header_id|>system<|end_header_id|>

Cutting Knowledge Date: December 2023
Today Date: 26 Jul 2024

<|eot_id|><|start_header_id|>user<|end_header_id|>

You are a logic expert.

Given the following premises and a conclusion, determine whether the conclusion logically follows from the premises.

Premises:
- FootballClub(nautico) AND FootballClub(braga)
- FootballClub(fluminense)
- FootballPlayer(ailton) AND LoanedTo(ailton, braga)
- BornIn(ailtonSilva, year1995) AND CommonlyKnownAs(ailtonSilva, ailton)
- Brazilian(ailtonSilva) AND Footballplayer(ailtonSilva) AND PlayFor(ailtonSilva, nautico)

Conclusion:
forall x (FootballClub(x) -> NOT LoanedTo(ailton, x))

Put your final answer within \boxed{True}, \boxed{False}, or \boxed{Uncertain}.<|eot_id|><|start_header_id|>assistant<|end_header_id|>


======================================================================
RESPOSTA DO MODELO:
----------------------------------------------------------------------
False}, or \boxed{Uncertain}.assistant

To evaluate the conclusion, we need to determine if the statement "forall x (FootballClub(x) -> NOT LoanedTo(ailton, x))" logically follows from the given premises.

This statement can be read as: "For all x, if x is a FootballClub, then ailton is not loaned to x."

From the premises, we know:

- ailton is loaned to Braga (LoanedTo(ailton, braga))
- Braga is a FootballClub (FootballClub(braga))
- ailton is a FootballPlayer and plays for Nautico (FootballPlayer(ailtonSilva) AND PlayFor(ailtonSilva, nautico))

However, there is no information about whether ailton is loaned to Nautico or not. 

So, given the premises, we cannot conclude that ailton is not loaned to Nautico, because there's no information about ailton being loaned to Nautico. 

Therefore, we cannot logically conclude that "forall x (FootballClub(x) -> NOT LoanedTo(ailton, x))" from the given premises.

The final answer is: \boxed{Uncertain}
