ID: 200
TASK: junto
LABEL EXTRAIDO: False
TOKENS_GERADOS: 394
TOKENS_POR_SEGUNDO: 10.39
TRUNCADO: False
======================================================================
PROMPT ENVIADO (texto completo apos apply_chat_template):
----------------------------------------------------------------------
<|begin_of_text|><|start_header_id|>system<|end_header_id|>

Cutting Knowledge Date: December 2023
Today Date: 26 Jul 2024

<|eot_id|><|start_header_id|>user<|end_header_id|>

You are a logic expert.

Given the following premises and a conclusion, determine whether the conclusion logically follows from the premises.

Premises:
(BornIn(ailtonSilva, year1995) AND CommonlyKnownAs(ailtonSilva, ailton)) AND (FootballPlayer(ailton) AND LoanedTo(ailton, braga)) AND (Brazilian(ailtonSilva) AND Footballplayer(ailtonSilva) AND PlayFor(ailtonSilva, nautico)) AND (FootballClub(nautico) AND FootballClub(braga)) AND (FootballClub(fluminense))

Conclusion:
forall x (FootballClub(x) -> NOT LoanedTo(ailton, x))

Put your final answer within \boxed{True}, \boxed{False}, or \boxed{Uncertain}.<|eot_id|><|start_header_id|>assistant<|end_header_id|>


======================================================================
RESPOSTA DO MODELO:
----------------------------------------------------------------------
{Uncertain}.assistant

To determine whether the conclusion logically follows from the premises, let's break down the information:

1. Ailton Silva was born in 1995 and is commonly known as Ailton.
2. Ailton is a football player who has been loaned to Braga.
3. Ailton is a Brazilian football player who plays for Nautico.
4. Nautico and Braga are football clubs.
5. Fluminense is a football club.

The conclusion is: For all x, if x is a football club, then Ailton is not loaned to x.

From the premises, we know that Ailton has been loaned to Braga (premise 2), but we also know that Ailton plays for Nautico (premise 3). 

Since Nautico and Braga are different football clubs (premise 4), this does not directly affect the conclusion. However, the conclusion is a universal statement about all football clubs.

The premises do not provide information about Ailton's loan status with any club other than Braga and Nautico. The fact that Ailton plays for Nautico does not necessarily imply that he is not loaned to any other club, as the concept of loaning can be complex and involve multiple clubs.

Therefore, based on the given premises, we cannot conclude that Ailton is not loaned to any football club, which means the conclusion does not logically follow from the premises.

The answer is: \boxed{False}.
