ID: 200
TASK: negation
LABEL EXTRAIDO: True
TOKENS_GERADOS: 475
TOKENS_POR_SEGUNDO: 10.78
TRUNCADO: False
======================================================================
PROMPT ENVIADO (texto completo apos apply_chat_template):
----------------------------------------------------------------------
<|begin_of_text|><|start_header_id|>system<|end_header_id|>

Cutting Knowledge Date: December 2023
Today Date: 26 Jul 2024

<|eot_id|><|start_header_id|>user<|end_header_id|>

You are a logic expert.

Given the following premises and a conclusion, determine whether the conclusion logically follows from the premises.

Premises:
- BornIn(ailtonSilva, year1995) AND CommonlyKnownAs(ailtonSilva, ailton)
- FootballPlayer(ailton) AND LoanedTo(ailton, braga)
- Brazilian(ailtonSilva) AND Footballplayer(ailtonSilva) AND PlayFor(ailtonSilva, nautico)
- FootballClub(nautico) AND FootballClub(braga)
- FootballClub(fluminense)

Conclusion:
NOT (forall x (FootballClub(x) -> NOT LoanedTo(ailton, x)))

Put your final answer within \boxed{True}, \boxed{False}, or \boxed{Uncertain}.<|eot_id|><|start_header_id|>assistant<|end_header_id|>


======================================================================
RESPOSTA DO MODELO:
----------------------------------------------------------------------
Put your final answer within \boxed{True}, \boxed{False}, or \boxed{Uncertain}.assistant

To determine if the conclusion logically follows from the premises, we need to break down the conclusion and analyze each premise.

The conclusion is: NOT (forall x (FootballClub(x) -> NOT LoanedTo(ailton, x)))

This conclusion can be rewritten as: EXISTS x (FootballClub(x) AND LoanedTo(ailton, x))

The conclusion states that there exists a football club x such that ailton is loaned to x.

From the premises, we know:

- ailtonSilva is a football player (FootballPlayer(ailton) and Footballplayer(ailtonSilva)).
- ailtonSilva is loaned to braga (LoanedTo(ailton, braga)).
- ailtonSilva plays for nautico (PlayFor(ailtonSilva, nautico)).
- nautico and braga are football clubs (FootballClub(nautico) and FootballClub(braga)).
- fluminense is also a football club (FootballClub(fluminense)).

Now, let's analyze the conclusion. We need to find a football club x such that ailton is loaned to x. 

We know that ailton is loaned to braga, which is a football club (LoanedTo(ailton, braga) and FootballClub(braga)).

Therefore, we can find a football club x (braga) such that ailton is loaned to x, which means the conclusion is true.

The answer is: \boxed{True}
