ID: 200
TASK: original
LABEL EXTRAIDO: False
TOKENS_GERADOS: 312
TOKENS_POR_SEGUNDO: 10.66
TRUNCADO: False
======================================================================
PROMPT ENVIADO (texto completo apos apply_chat_template):
----------------------------------------------------------------------
<|begin_of_text|><|start_header_id|>system<|end_header_id|>

Cutting Knowledge Date: December 2023
Today Date: 26 Jul 2024

<|eot_id|><|start_header_id|>user<|end_header_id|>

You are a logic expert.

Given the following premises and a conclusion, determine whether the conclusion logically follows from the premises.

Premises:
- BornIn(ailtonSilva, year1995) AND CommonlyKnownAs(ailtonSilva, ailton)
- FootballPlayer(ailton) AND LoanedTo(ailton, braga)
- Brazilian(ailtonSilva) AND Footballplayer(ailtonSilva) AND PlayFor(ailtonSilva, nautico)
- FootballClub(nautico) AND FootballClub(braga)
- FootballClub(fluminense)

Conclusion:
forall x (FootballClub(x) -> NOT LoanedTo(ailton, x))

Put your final answer within \boxed{True}, \boxed{False}, or \boxed{Uncertain}.<|eot_id|><|start_header_id|>assistant<|end_header_id|>


======================================================================
RESPOSTA DO MODELO:
----------------------------------------------------------------------
False}, or \boxed{Uncertain}.assistant

To determine whether the conclusion logically follows from the premises, let's analyze the given information step by step.

Premises:
1. BornIn(ailtonSilva, year1995) AND CommonlyKnownAs(ailtonSilva, ailton) 
2. FootballPlayer(ailton) AND LoanedTo(ailton, braga)
3. Brazilian(ailtonSilva) AND Footballplayer(ailtonSilva) AND PlayFor(ailtonSilva, nautico)
4. FootballClub(nautico) AND FootballClub(braga)
5. FootballClub(fluminense)

Conclusion:
forall x (FootballClub(x) -> NOT LoanedTo(ailton, x))

The conclusion is a universal statement that claims for all x, if x is a FootballClub, then ailton is not loaned to x.

From premise 2, we know that ailton is loaned to braga. 

From premise 3, we know that ailton plays for nautico. 

The conclusion says that for all football clubs, ailton is not loaned to that club. However, premise 3 states that ailton plays for nautico, which is a football club. This directly contradicts the conclusion, as it implies that ailton is indeed loaned to a football club (nautico).

Therefore, the conclusion does not logically follow from the premises.

\boxed{False}
