ID: 200
TASK: contradiction
LABEL EXTRAIDO: False
TOKENS_GERADOS: 448
TOKENS_POR_SEGUNDO: 10.17
TRUNCADO: False
======================================================================
PROMPT ENVIADO (texto completo apos apply_chat_template):
----------------------------------------------------------------------
<|begin_of_text|><|start_header_id|>system<|end_header_id|>

Cutting Knowledge Date: December 2023
Today Date: 26 Jul 2024

<|eot_id|><|start_header_id|>user<|end_header_id|>

You are a logic expert.

Given the following premises and a conclusion, determine whether the conclusion logically follows from the premises.

Premises:
- FootballPlayer(ailton) AND LoanedTo(ailton, braga)
- Brazilian(ailtonSilva) AND Footballplayer(ailtonSilva) AND PlayFor(ailtonSilva, nautico)
- BornIn(ailtonSilva, year1995) AND CommonlyKnownAs(ailtonSilva, ailton)
- FootballClub(fluminense)
- FootballClub(nautico) AND FootballClub(braga)
- NOT (BornIn(ailtonSilva, year1995) AND CommonlyKnownAs(ailtonSilva, ailton))

Conclusion:
forall x (FootballClub(x) -> NOT LoanedTo(ailton, x))

Put your final answer within \boxed{True}, \boxed{False}, or \boxed{Uncertain}.<|eot_id|><|start_header_id|>assistant<|end_header_id|>


======================================================================
RESPOSTA DO MODELO:
----------------------------------------------------------------------
To determine if the conclusion logically follows from the premises, we need to analyze the given statements.

The conclusion is a universal statement: "forall x (FootballClub(x) -> NOT LoanedTo(ailton, x))".

The premise "FootballPlayer(ailton) AND LoanedTo(ailton, braga)" states that ailton is a football player and is loaned to braga.

The premise "NOT (BornIn(ailtonSilva, year1995) AND CommonlyKnownAs(ailtonSilva, ailton))" indicates that ailtonSilva, who is also known as ailton, was not born in 1995. 

Given that ailton and ailtonSilva are the same person (as implied by the statement "CommonlyKnownAs(ailtonSilva, ailton)"), we can infer that the person in question is not ailtonSilva born in 1995.

However, we also know that ailtonSilva is a football player and plays for Nautico, as stated in the premise "Brazilian(ailtonSilva) AND Footballplayer(ailtonSilva) AND PlayFor(ailtonSilva, nautico)".

We can now conclude that there is a football player (ailtonSilva) who plays for Nautico, which is a football club, but this does not imply that ailton is loaned to Nautico.

The premise "FootballClub(nautico) AND FootballClub(braga)" states that Nautico and Braga are football clubs, but it does not state that ailton is loaned to Nautico.

The conclusion is an all-inclusive statement that states that no football club loans ailton. However, we have found a counterexample with ailtonSilva, who is a football player and plays for Nautico, a football club.

Therefore, the conclusion "forall x (FootballClub(x) -> NOT LoanedTo(ailton, x))" does not logically follow from the premises because we can find a counterexample (ailtonSilva playing for Nautico).

So, the final answer is: \boxed{False}
