ID: 200
TASK: missing
LABEL EXTRAIDO: False
TOKENS_GERADOS: 495
TOKENS_POR_SEGUNDO: 11.23
TRUNCADO: False
======================================================================
PROMPT ENVIADO (texto completo apos apply_chat_template):
----------------------------------------------------------------------
<|begin_of_text|><|start_header_id|>system<|end_header_id|>

Cutting Knowledge Date: December 2023
Today Date: 26 Jul 2024

<|eot_id|><|start_header_id|>user<|end_header_id|>

You are a logic expert.

Given the following premises and a conclusion, determine whether the conclusion logically follows from the premises.

Premises:
- BornIn(ailtonSilva, year1995) AND CommonlyKnownAs(ailtonSilva, ailton)
- Brazilian(ailtonSilva) AND Footballplayer(ailtonSilva) AND PlayFor(ailtonSilva, nautico)
- FootballClub(nautico) AND FootballClub(braga)
- FootballClub(fluminense)

Conclusion:
forall x (FootballClub(x) -> NOT LoanedTo(ailton, x))

Put your final answer within \boxed{True}, \boxed{False}, or \boxed{Uncertain}.<|eot_id|><|start_header_id|>assistant<|end_header_id|>


======================================================================
RESPOSTA DO MODELO:
----------------------------------------------------------------------
Conclusion:
forall x (FootballClub(x) -> NOT LoanedTo(ailton, x))

Put your final answer within \boxed{True}, \boxed{False}, or \boxed{Uncertain}.assistant

To determine if the conclusion logically follows from the premises, we need to analyze the premises and the conclusion.

Premises:
- BornIn(ailtonSilva, year1995) AND CommonlyKnownAs(ailtonSilva, ailton)
- Brazilian(ailtonSilva) AND Footballplayer(ailtonSilva) AND PlayFor(ailtonSilva, nautico)
- FootballClub(nautico) AND FootballClub(braga)
- FootballClub(fluminense)

Conclusion:
forall x (FootballClub(x) -> NOT LoanedTo(ailton, x))

The conclusion is a universal statement that says for all x, if x is a FootballClub, then ailton is not LoanedTo x. 

From the premises, we can conclude that ailtonSilva is a football player who plays for nautico. However, there is no information about ailtonSilva being loaned to any team. The premises also do not rule out the possibility of ailtonSilva being loaned to any team.

However, the premises do not provide any information about ailtonSilva being loaned to any team. It only provides information about his current team (nautico) and other teams (braga and fluminense), but it does not mention anything about loaned players.

The conclusion is trying to make a universal statement about all football clubs, but the premises only provide information about specific clubs and ailtonSilva's current team.

Therefore, the conclusion does not logically follow from the premises. The conclusion is trying to make a broader claim that is not supported by the information given in the premises.

\boxed{False}
