ID: 200
TASK: complex
LABEL EXTRAIDO: False
TOKENS_GERADOS: 298
TOKENS_POR_SEGUNDO: 10.18
TRUNCADO: False
======================================================================
PROMPT ENVIADO (texto completo apos apply_chat_template):
----------------------------------------------------------------------
<|begin_of_text|><|start_header_id|>system<|end_header_id|>

Cutting Knowledge Date: December 2023
Today Date: 26 Jul 2024

<|eot_id|><|start_header_id|>user<|end_header_id|>

You are a logic expert.

Given the following premises and a conclusion, determine whether the conclusion logically follows from the premises.

Premises:
- FootballClub(fluminense)
- FootballPlayer(ailton) AND LoanedTo(ailton, braga)
- BornIn(ailtonSilva, year1995) AND CommonlyKnownAs(ailtonSilva, ailton)
- FootballClub(fluminense)
- FootballClub(nautico) AND FootballClub(braga)
- Brazilian(ailtonSilva) AND Footballplayer(ailtonSilva) AND PlayFor(ailtonSilva, nautico)
- FootballClub(fluminense)

Conclusion:
forall x (FootballClub(x) -> NOT LoanedTo(ailton, x))

Put your final answer within \boxed{True}, \boxed{False}, or \boxed{Uncertain}.<|eot_id|><|start_header_id|>assistant<|end_header_id|>


======================================================================
RESPOSTA DO MODELO:
----------------------------------------------------------------------
To determine whether the conclusion logically follows from the premises, let's analyze the premises and the conclusion.

The conclusion is a universal statement: "forall x (FootballClub(x) -> NOT LoanedTo(ailton, x))". This means that it claims every football club x is such that it is not the case that ailton is loaned to x.

The premises provide information about ailton's loan status, his name, and his football clubs. They do not provide information about all football clubs in general, but rather specific ones.

We have the following relevant information about ailton's loan status:

- Ailton is loaned to Braga (LoanedTo(ailton, braga)).
- Ailton plays for Nautico (PlayFor(ailtonSilva, nautico)).

However, we do not have information about the loan status of ailton with respect to Fluminense. The fact that ailton is a player for Fluminense (FootballPlayer(ailton) AND FootballClub(fluminense)) does not imply that he is not loaned to Fluminense. 

Since we have a specific example of a football club (Fluminense) where ailton is a player but we do not know whether he is loaned or not, we cannot conclude that every football club is not loaned to ailton.

Therefore, the conclusion does not logically follow from the premises. 

The answer is: \boxed{False}.
