ID: 49
TASK: nl
LABEL EXTRAIDO: Uncertain
TOKENS_GERADOS: 512
TOKENS_POR_SEGUNDO: 10.67
TRUNCADO: False
======================================================================
PROMPT ENVIADO (texto completo apos apply_chat_template):
----------------------------------------------------------------------
<|begin_of_text|><|start_header_id|>system<|end_header_id|>

Cutting Knowledge Date: December 2023
Today Date: 26 Jul 2024

<|eot_id|><|start_header_id|>user<|end_header_id|>

You are a logic expert.

Given the following premises and a conclusion, determine whether the conclusion logically follows from the premises.

Premises:
- No digital media are analog.
- Every printed text is analog media.
- All streaming services are digital media.
- If an object is a hardcover book, then it is printed text.
- If 1984 is a streaming service, then 1984 is a hardcover book.

Conclusion:
1984 is a streaming service.

Put your final answer within \boxed{True}, \boxed{False}, or \boxed{Uncertain}.<|eot_id|><|start_header_id|>assistant<|end_header_id|>


======================================================================
RESPOSTA DO MODELO:
----------------------------------------------------------------------
Conclusion:
1984 is a streaming service.

Put your final answer within \boxed{True}, \boxed{False}, or \boxed{Uncertain}.assistant

To determine if the conclusion logically follows from the premises, let's analyze the given information step by step:

1. From the premises, we know that "All streaming services are digital media."
2. We also know that "No digital media are analog."
   - This implies that all digital media must be non-analog.
3. From the premises, we have "Every printed text is analog media."
   - This implies that all printed text is not digital media.
4. We also have the premise "If an object is a hardcover book, then it is printed text."
   - This does not directly tell us about the relationship between being a hardcover book and digital media, but it tells us about the relationship between being a hardcover book and being printed text.
5. Lastly, we have "If 1984 is a streaming service, then 1984 is a hardcover book."
   - This is a conditional statement that tells us about the relationship between 1984 being a streaming service and 1984 being a hardcover book.

To conclude whether 1984 is a streaming service, we need to examine the relationship between being a hardcover book and the other premises.

Given that all streaming services are digital media and all printed text is analog media, a hardcover book (which is a printed text) cannot be a streaming service because it is analog. 

However, we are given a conditional statement that says if 1984 is a streaming service, then it is a hardcover book. 

The key is to realize that the premises do not provide any information about 1984 being a streaming service directly, but we can use the conditional statement to derive a conclusion about 1984.

If 1984 is a streaming service, then it is a hardcover book. However, we know that being a hardcover book means it is a printed text, and all printed text is analog media, which means it cannot be a streaming service.

This creates a contradiction: if 1984 is a streaming service, then it cannot be a streaming service.

Therefore, the premises lead to a contradiction when trying to derive the conclusion that 1984 is a streaming service.

Hence, the conclusion does not logically follow from the premises.
