ID: 49
TASK: contradiction
LABEL EXTRAIDO: False
TOKENS_GERADOS: 608
TOKENS_POR_SEGUNDO: 10.21
TRUNCADO: False
======================================================================
PROMPT ENVIADO (texto completo apos apply_chat_template):
----------------------------------------------------------------------
<|begin_of_text|><|start_header_id|>system<|end_header_id|>

Cutting Knowledge Date: December 2023
Today Date: 26 Jul 2024

<|eot_id|><|start_header_id|>user<|end_header_id|>

You are a logic expert.

Given the following premises and a conclusion, determine whether the conclusion logically follows from the premises.

Premises:
- StreamingService(1984) -> HardcoverBook(1984)
- forall x (PrintedText(x) -> AnalogMedia(x))
- forall x (StreamingService(x) -> DigitalMedia(x))
- forall x (HardcoverBook(x) -> PrintedText(x))
- forall x (DigitalMedia(x) -> NOT AnalogMedia(x))
- NOT (forall x (PrintedText(x) -> AnalogMedia(x)))

Conclusion:
StreamingService(y1984)

Put your final answer within \boxed{True}, \boxed{False}, or \boxed{Uncertain}.<|eot_id|><|start_header_id|>assistant<|end_header_id|>


======================================================================
RESPOSTA DO MODELO:
----------------------------------------------------------------------
To determine whether the conclusion logically follows from the premises, we can analyze the given statements.

From the premises, we have:

1. StreamingService(1984) -> HardcoverBook(1984)
2. forall x (PrintedText(x) -> AnalogMedia(x))
3. forall x (StreamingService(x) -> DigitalMedia(x))
4. forall x (HardcoverBook(x) -> PrintedText(x))
5. forall x (DigitalMedia(x) -> NOT AnalogMedia(x))
6. NOT (forall x (PrintedText(x) -> AnalogMedia(x)))

From 6, we can infer that there exists some x such that PrintedText(x) and AnalogMedia(x). This is because the negation of a universal statement implies the existence of a counterexample.

However, from 2, we know that for all x, if x is a PrintedText, then x is an AnalogMedia. This seems to contradict the previous inference. But it's not a direct contradiction because of the quantifier scope. The statement 2 is a universal statement, and the statement 6 is a negation of a universal statement. The correct interpretation is that there exists an x such that PrintedText(x) and NOT AnalogMedia(x).

Now, from 4, we know that HardcoverBook(1984) implies PrintedText(1984). 

From 1, we know that StreamingService(1984) implies HardcoverBook(1984). So, if we can show that StreamingService(1984) implies PrintedText(1984), then we can conclude that StreamingService(1984) is a PrintedText.

However, from 3, we know that StreamingService(1984) implies DigitalMedia(1984), and from 5, we know that DigitalMedia(1984) implies NOT AnalogMedia(1984).

From the previous analysis, we know that there exists an x such that PrintedText(x) and NOT AnalogMedia(x). This implies that PrintedText(x) does not necessarily imply AnalogMedia(x). Therefore, we cannot conclude that StreamingService(1984) implies PrintedText(1984).

However, we can conclude that StreamingService(1984) implies HardcoverBook(1984) from 1, and HardcoverBook(1984) implies PrintedText(1984) from 4. 

But we cannot conclude that PrintedText(1984) from StreamingService(1984) because of the existence of x such that PrintedText(x) and NOT AnalogMedia(x).

But we can conclude that PrintedText(1984) and NOT AnalogMedia(1984) from the combination of the statements. 

Therefore, since we cannot conclude that PrintedText(1984) from StreamingService(1984) but we can conclude that PrintedText(1984) and NOT AnalogMedia(1984), we can conclude that the conclusion StreamingService(y1984) does not necessarily follow from the premises. 

Hence, the answer is \boxed{False}.
