ID: 49
TASK: original
LABEL EXTRAIDO: False
TOKENS_GERADOS: 503
TOKENS_POR_SEGUNDO: 10.48
TRUNCADO: False
======================================================================
PROMPT ENVIADO (texto completo apos apply_chat_template):
----------------------------------------------------------------------
<|begin_of_text|><|start_header_id|>system<|end_header_id|>

Cutting Knowledge Date: December 2023
Today Date: 26 Jul 2024

<|eot_id|><|start_header_id|>user<|end_header_id|>

You are a logic expert.

Given the following premises and a conclusion, determine whether the conclusion logically follows from the premises.

Premises:
- forall x (DigitalMedia(x) -> NOT AnalogMedia(x))
- forall x (PrintedText(x) -> AnalogMedia(x))
- forall x (StreamingService(x) -> DigitalMedia(x))
- forall x (HardcoverBook(x) -> PrintedText(x))
- StreamingService(1984) -> HardcoverBook(1984)

Conclusion:
StreamingService(y1984)

Put your final answer within \boxed{True}, \boxed{False}, or \boxed{Uncertain}.<|eot_id|><|start_header_id|>assistant<|end_header_id|>


======================================================================
RESPOSTA DO MODELO:
----------------------------------------------------------------------
Put your final answer within \boxed{True}, \boxed{False}, or \boxed{Uncertain}.assistant

To determine whether the conclusion logically follows from the premises, we need to break down the given statements and apply logical rules.

Given:
1. forall x (DigitalMedia(x) -> NOT AnalogMedia(x))
2. forall x (PrintedText(x) -> AnalogMedia(x))
3. forall x (StreamingService(x) -> DigitalMedia(x))
4. forall x (HardcoverBook(x) -> PrintedText(x))
5. StreamingService(1984) -> HardcoverBook(1984)

We are trying to deduce StreamingService(y1984).

From premise 3, we know that if something is a StreamingService, it is a DigitalMedia. 

From premise 1, we know that if something is a DigitalMedia, it is NOT an AnalogMedia.

Therefore, if something is a StreamingService, it is NOT an AnalogMedia.

Now, let's consider the conclusion StreamingService(y1984). If this conclusion is true, then by premise 3, y1984 is a DigitalMedia.

By premise 1, since y1984 is a DigitalMedia, it is NOT an AnalogMedia.

Now, let's examine premise 2: forall x (PrintedText(x) -> AnalogMedia(x)). This means that if something is a PrintedText, it is an AnalogMedia.

Premise 5 states that StreamingService(1984) -> HardcoverBook(1984). This implies that 1984 is a HardcoverBook, and by premise 4, it is a PrintedText.

By premise 2, since 1984 is a PrintedText, it is an AnalogMedia.

Now, we have a contradiction: y1984 is NOT an AnalogMedia (from premise 1 and the conclusion), but 1984 is an AnalogMedia (from premise 2 and premise 5).

This means that the conclusion StreamingService(y1984) does not logically follow from the premises, since the conclusion leads to a contradiction with the premises.

Therefore, the answer is \boxed{False}.
