ID: 49
TASK: junto
LABEL EXTRAIDO: True
TOKENS_GERADOS: 504
TOKENS_POR_SEGUNDO: 10.3
TRUNCADO: False
======================================================================
PROMPT ENVIADO (texto completo apos apply_chat_template):
----------------------------------------------------------------------
<|begin_of_text|><|start_header_id|>system<|end_header_id|>

Cutting Knowledge Date: December 2023
Today Date: 26 Jul 2024

<|eot_id|><|start_header_id|>user<|end_header_id|>

You are a logic expert.

Given the following premises and a conclusion, determine whether the conclusion logically follows from the premises.

Premises:
(forall x (DigitalMedia(x) -> NOT AnalogMedia(x))) AND (forall x (PrintedText(x) -> AnalogMedia(x))) AND (forall x (StreamingService(x) -> DigitalMedia(x))) AND (forall x (HardcoverBook(x) -> PrintedText(x))) AND (StreamingService(1984) -> HardcoverBook(1984))

Conclusion:
StreamingService(y1984)

Put your final answer within \boxed{True}, \boxed{False}, or \boxed{Uncertain}.<|eot_id|><|start_header_id|>assistant<|end_header_id|>


======================================================================
RESPOSTA DO MODELO:
----------------------------------------------------------------------
assistant

To determine whether the conclusion logically follows from the premises, we need to analyze the premises and the conclusion.

Premises:

1. (forall x (DigitalMedia(x) -> NOT AnalogMedia(x))) 
   This means that if something is a digital media, then it is not an analog media.

2. (forall x (PrintedText(x) -> AnalogMedia(x))) 
   This means that if something is a printed text, then it is an analog media.

3. (forall x (StreamingService(x) -> DigitalMedia(x))) 
   This means that if something is a streaming service, then it is a digital media.

4. (forall x (HardcoverBook(x) -> PrintedText(x))) 
   This means that if something is a hardcover book, then it is a printed text.

5. (StreamingService(1984) -> HardcoverBook(1984)) 
   This means that if something is a streaming service, then it is a hardcover book (in this case, the specific hardcover book "1984").

Conclusion:
StreamingService(y1984)

From premise 5, we can infer that y1984 is a streaming service. From premise 3, we can infer that a streaming service is a digital media. Therefore, we can conclude that y1984 is a digital media.

From premise 1, we can infer that if y1984 is a digital media, then it is not an analog media. This does not directly relate to the conclusion but confirms the digital nature of y1984.

The conclusion StreamingService(y1984) logically follows from the premises. Therefore, the answer is \boxed{True}.
