ID: 49
TASK: negation
LABEL EXTRAIDO: Uncertain
TOKENS_GERADOS: 622
TOKENS_POR_SEGUNDO: 10.45
TRUNCADO: False
======================================================================
PROMPT ENVIADO (texto completo apos apply_chat_template):
----------------------------------------------------------------------
<|begin_of_text|><|start_header_id|>system<|end_header_id|>

Cutting Knowledge Date: December 2023
Today Date: 26 Jul 2024

<|eot_id|><|start_header_id|>user<|end_header_id|>

You are a logic expert.

Given the following premises and a conclusion, determine whether the conclusion logically follows from the premises.

Premises:
- forall x (DigitalMedia(x) -> NOT AnalogMedia(x))
- forall x (PrintedText(x) -> AnalogMedia(x))
- forall x (StreamingService(x) -> DigitalMedia(x))
- forall x (HardcoverBook(x) -> PrintedText(x))
- StreamingService(1984) -> HardcoverBook(1984)

Conclusion:
NOT (StreamingService(y1984))

Put your final answer within \boxed{True}, \boxed{False}, or \boxed{Uncertain}.<|eot_id|><|start_header_id|>assistant<|end_header_id|>


======================================================================
RESPOSTA DO MODELO:
----------------------------------------------------------------------
False}, or \boxed{Uncertain}.assistant

To determine if the conclusion logically follows from the premises, we need to break down the given statements.

Premise 1: DigitalMedia(x) -> NOT AnalogMedia(x)
Premise 2: PrintedText(x) -> AnalogMedia(x)
Premise 3: StreamingService(x) -> DigitalMedia(x)
Premise 4: HardcoverBook(x) -> PrintedText(x)
Premise 5: StreamingService(1984) -> HardcoverBook(1984)

From Premise 3 and Premise 5, we can deduce that StreamingService(1984) -> DigitalMedia(1984) and StreamingService(1984) -> HardcoverBook(1984). 

Using Premise 1, we know that DigitalMedia(1984) -> NOT AnalogMedia(1984). 

From Premise 2, we can infer that HardcoverBook(1984) -> AnalogMedia(1984).

Now, we have a contradiction between the two inferences: 
- DigitalMedia(1984) -> NOT AnalogMedia(1984)
- HardcoverBook(1984) -> AnalogMedia(1984)

This is a classic case of a logical contradiction. In a logical system with classical logic, if a statement is true and its negation is also true, the system becomes inconsistent. However, since we are dealing with a specific instance (1984), we can conclude that the premises are inconsistent for this particular case.

Therefore, the conclusion NOT (StreamingService(y1984)) is uncertain because we cannot logically determine its truth value due to the inconsistency in the premises for the specific instance (1984).
