ID: 49
TASK: shuffled
LABEL EXTRAIDO: Uncertain
TOKENS_GERADOS: 508
TOKENS_POR_SEGUNDO: 10.38
TRUNCADO: False
======================================================================
PROMPT ENVIADO (texto completo apos apply_chat_template):
----------------------------------------------------------------------
<|begin_of_text|><|start_header_id|>system<|end_header_id|>

Cutting Knowledge Date: December 2023
Today Date: 26 Jul 2024

<|eot_id|><|start_header_id|>user<|end_header_id|>

You are a logic expert.

Given the following premises and a conclusion, determine whether the conclusion logically follows from the premises.

Premises:
- forall x (HardcoverBook(x) -> PrintedText(x))
- StreamingService(1984) -> HardcoverBook(1984)
- forall x (StreamingService(x) -> DigitalMedia(x))
- forall x (PrintedText(x) -> AnalogMedia(x))
- forall x (DigitalMedia(x) -> NOT AnalogMedia(x))

Conclusion:
StreamingService(y1984)

Put your final answer within \boxed{True}, \boxed{False}, or \boxed{Uncertain}.<|eot_id|><|start_header_id|>assistant<|end_header_id|>


======================================================================
RESPOSTA DO MODELO:
----------------------------------------------------------------------
Uncertain}.assistant

To determine if the conclusion follows logically from the premises, we need to analyze the given statements and their relationships.

1. `forall x (HardcoverBook(x) -> PrintedText(x))`: This statement means that for any x, if x is a HardcoverBook, then x is a PrintedText.
2. `StreamingService(1984) -> HardcoverBook(1984)`: This statement means that if 1984 is a StreamingService, then 1984 is a HardcoverBook.
3. `forall x (StreamingService(x) -> DigitalMedia(x))`: This statement means that for any x, if x is a StreamingService, then x is a DigitalMedia.
4. `forall x (PrintedText(x) -> AnalogMedia(x))`: This statement means that for any x, if x is a PrintedText, then x is an AnalogMedia.
5. `forall x (DigitalMedia(x) -> NOT AnalogMedia(x))`: This statement means that for any x, if x is a DigitalMedia, then x is not an AnalogMedia.

From premise 2, we know that if 1984 is a StreamingService, then 1984 is a HardcoverBook.
From premise 1, we know that if 1984 is a HardcoverBook, then 1984 is a PrintedText.
From premise 4, we know that if 1984 is a PrintedText, then 1984 is an AnalogMedia.
From premise 5, we know that if 1984 is a DigitalMedia, then 1984 is not an AnalogMedia.

However, we have a contradiction here. We know that 1984 is both an AnalogMedia (from premise 4) and not an AnalogMedia (from premise 5), which is a contradiction.

This means that the premises lead to an inconsistency, and we cannot conclude anything about StreamingService(y1984) from the given premises. Therefore, the conclusion does not logically follow from the premises.

So, the answer is: \boxed{Uncertain}
