ID: 49
TASK: missing
LABEL EXTRAIDO: False
TOKENS_GERADOS: 638
TOKENS_POR_SEGUNDO: 10.71
TRUNCADO: False
======================================================================
PROMPT ENVIADO (texto completo apos apply_chat_template):
----------------------------------------------------------------------
<|begin_of_text|><|start_header_id|>system<|end_header_id|>

Cutting Knowledge Date: December 2023
Today Date: 26 Jul 2024

<|eot_id|><|start_header_id|>user<|end_header_id|>

You are a logic expert.

Given the following premises and a conclusion, determine whether the conclusion logically follows from the premises.

Premises:
- forall x (PrintedText(x) -> AnalogMedia(x))
- forall x (StreamingService(x) -> DigitalMedia(x))
- forall x (HardcoverBook(x) -> PrintedText(x))
- StreamingService(1984) -> HardcoverBook(1984)

Conclusion:
StreamingService(y1984)

Put your final answer within \boxed{True}, \boxed{False}, or \boxed{Uncertain}.<|eot_id|><|start_header_id|>assistant<|end_header_id|>


======================================================================
RESPOSTA DO MODELO:
----------------------------------------------------------------------
1984)

Put your final answer within \boxed{True}, \boxed{False}, or \boxed{Uncertain}.assistant

To determine whether the conclusion logically follows from the premises, we need to analyze the given statements.

Premise 1: forall x (PrintedText(x) -> AnalogMedia(x))
Premise 2: forall x (StreamingService(x) -> DigitalMedia(x))
Premise 3: forall x (HardcoverBook(x) -> PrintedText(x))
Premise 4: StreamingService(1984) -> HardcoverBook(1984)

From Premise 4, we know that StreamingService(1984) implies HardcoverBook(1984). 

Using Premise 3, we can infer that HardcoverBook(1984) implies PrintedText(1984).

Now, using Premise 1, we can infer that PrintedText(1984) implies AnalogMedia(1984).

However, we cannot directly conclude anything about DigitalMedia or StreamingService from AnalogMedia, as the premises only provide a relationship between PrintedText and AnalogMedia, and StreamingService and DigitalMedia.

We can, however, use Premise 2, which states that StreamingService(x) implies DigitalMedia(x). However, this does not provide a direct connection between 1984 and DigitalMedia.

Therefore, we cannot logically conclude that StreamingService(y1984) from the given premises, as there is no direct connection between StreamingService(1984) and StreamingService(y1984).

The conclusion does not logically follow from the premises. 

\boxed{False}
