ID: 49
TASK: irrelevant
LABEL EXTRAIDO: Uncertain
TOKENS_GERADOS: 500
TOKENS_POR_SEGUNDO: 10.21
TRUNCADO: False
======================================================================
PROMPT ENVIADO (texto completo apos apply_chat_template):
----------------------------------------------------------------------
<|begin_of_text|><|start_header_id|>system<|end_header_id|>

Cutting Knowledge Date: December 2023
Today Date: 26 Jul 2024

<|eot_id|><|start_header_id|>user<|end_header_id|>

You are a logic expert.

Given the following premises and a conclusion, determine whether the conclusion logically follows from the premises.

Premises:
- StreamingService(1984) -> HardcoverBook(1984)
- forall x (HardcoverBook(x) -> PrintedText(x))
- forall x (PrintedText(x) -> AnalogMedia(x))
- MadeOf(Moon, Rock).
- forall x (StreamingService(x) -> DigitalMedia(x))
- forall x (DigitalMedia(x) -> NOT AnalogMedia(x))

Conclusion:
StreamingService(y1984)

Put your final answer within \boxed{True}, \boxed{False}, or \boxed{Uncertain}.<|eot_id|><|start_header_id|>assistant<|end_header_id|>


======================================================================
RESPOSTA DO MODELO:
----------------------------------------------------------------------
To determine if the conclusion logically follows from the premises, we need to apply the rules of predicate logic.

Given:
- StreamingService(1984) -> HardcoverBook(1984)
- forall x (HardcoverBook(x) -> PrintedText(x))
- forall x (PrintedText(x) -> AnalogMedia(x))
- MadeOf(Moon, Rock).
- forall x (StreamingService(x) -> DigitalMedia(x))
- forall x (DigitalMedia(x) -> NOT AnalogMedia(x))

The conclusion is StreamingService(y1984). We need to find out if this conclusion follows from the premises.

First, let's analyze the premises:

1. StreamingService(1984) -> HardcoverBook(1984)
2. This means that if something is a StreamingService in 1984, it must be a HardcoverBook in 1984.

3. forall x (HardcoverBook(x) -> PrintedText(x))
   - This means that for all x, if x is a HardcoverBook, then it is a PrintedText.

4. forall x (PrintedText(x) -> AnalogMedia(x))
   - This means that for all x, if x is a PrintedText, then it is an AnalogMedia.

5. We have a special case where MadeOf(Moon, Rock) but it's not related to the conclusion, so we can ignore it.

6. forall x (StreamingService(x) -> DigitalMedia(x))
   - This means that for all x, if x is a StreamingService, then it is a DigitalMedia.

7. forall x (DigitalMedia(x) -> NOT AnalogMedia(x))
   - This means that for all x, if x is a DigitalMedia, then it is not an AnalogMedia.

Now, let's apply these premises to the conclusion:

From premise 1, we know that if StreamingService(1984) then HardcoverBook(1984).

From premise 2, we know that HardcoverBook(1984) -> PrintedText(1984).

From premise 3, we know that PrintedText(1984) -> AnalogMedia(1984).

Now, we have a problem. The premises 4 and 5 are contradictory. 
AnalogMedia(1984) and NOT AnalogMedia(1984) cannot both be true.

However, this doesn't necessarily mean the conclusion is false, but it does make the premises uncertain.

Therefore, the answer is: \boxed{Uncertain}.
