ID: 49
TASK: complex
LABEL EXTRAIDO: False
TOKENS_GERADOS: 476
TOKENS_POR_SEGUNDO: 9.92
TRUNCADO: False
======================================================================
PROMPT ENVIADO (texto completo apos apply_chat_template):
----------------------------------------------------------------------
<|begin_of_text|><|start_header_id|>system<|end_header_id|>

Cutting Knowledge Date: December 2023
Today Date: 26 Jul 2024

<|eot_id|><|start_header_id|>user<|end_header_id|>

You are a logic expert.

Given the following premises and a conclusion, determine whether the conclusion logically follows from the premises.

Premises:
- forall x (HardcoverBook(x) -> PrintedText(x))
- StreamingService(1984) -> HardcoverBook(1984)
- forall x (StreamingService(x) -> DigitalMedia(x))
- forall x (StreamingService(x) -> DigitalMedia(x))
- forall x (HardcoverBook(x) -> PrintedText(x))
- forall x (PrintedText(x) -> AnalogMedia(x))
- forall x (DigitalMedia(x) -> NOT AnalogMedia(x))

Conclusion:
StreamingService(y1984)

Put your final answer within \boxed{True}, \boxed{False}, or \boxed{Uncertain}.<|eot_id|><|start_header_id|>assistant<|end_header_id|>


======================================================================
RESPOSTA DO MODELO:
----------------------------------------------------------------------
To determine whether the conclusion logically follows from the premises, we need to analyze the logical relationships between the statements.

Given premises:

1. forall x (HardcoverBook(x) -> PrintedText(x))
2. StreamingService(1984) -> HardcoverBook(1984)
3. forall x (StreamingService(x) -> DigitalMedia(x))
4. forall x (StreamingService(x) -> DigitalMedia(x)) (Duplicate of 3, can be ignored)
5. forall x (HardcoverBook(x) -> PrintedText(x)) (Duplicate of 1, can be ignored)
6. forall x (PrintedText(x) -> AnalogMedia(x))
7. forall x (DigitalMedia(x) -> NOT AnalogMedia(x))

We can simplify the premises by removing duplicates and focus on the essential relationships:

1. forall x (HardcoverBook(x) -> PrintedText(x))
2. StreamingService(1984) -> HardcoverBook(1984)
3. forall x (StreamingService(x) -> DigitalMedia(x))
6. forall x (PrintedText(x) -> AnalogMedia(x))
7. forall x (DigitalMedia(x) -> NOT AnalogMedia(x))

Now, we can analyze the conclusion: StreamingService(y1984).

Using the premises, we can deduce the following:

- If StreamingService(1984) is true (which is the conclusion we want to evaluate), then by premise 3, DigitalMedia(1984) is true.
- By premise 7, if DigitalMedia(1984) is true, then NOT AnalogMedia(1984) is true.
- From premise 2, if HardcoverBook(1984) is true, then StreamingService(1984) is true.
- From premise 1, if HardcoverBook(1984) is true, then PrintedText(1984) is true.
- From premise 6, if PrintedText(1984) is true, then AnalogMedia(1984) is true.
- However, we already know from premise 7 that DigitalMedia(1984) -> NOT AnalogMedia(1984), which creates a contradiction.

Therefore, the premises lead to a contradiction when attempting to derive the conclusion StreamingService(y1984). This means that the conclusion does not logically follow from the premises.

The final answer is: \boxed{False}
