ID: 53
TASK: nl
LABEL EXTRAIDO: True
TOKENS_GERADOS: 500
TOKENS_POR_SEGUNDO: 12.35
TRUNCADO: False
======================================================================
PROMPT ENVIADO (texto completo apos apply_chat_template):
----------------------------------------------------------------------
<|begin_of_text|><|start_header_id|>system<|end_header_id|>

Cutting Knowledge Date: December 2023
Today Date: 26 Jul 2024

<|eot_id|><|start_header_id|>user<|end_header_id|>

You are a logic expert.

Given the following premises and a conclusion, determine whether the conclusion logically follows from the premises.

Premises:
- All Romance languages are Indo-European languages.
- Romance languages are a language family.
- All languages within a language family are related to each other.
- French and Spanish are both Romance languages.
- German is related to Spanish.
- Basque is not related to any other language.

Conclusion:
French is an Indo-European language.

Put your final answer within \boxed{True}, \boxed{False}, or \boxed{Uncertain}.<|eot_id|><|start_header_id|>assistant<|end_header_id|>


======================================================================
RESPOSTA DO MODELO:
----------------------------------------------------------------------
-European languages.
- Romance languages are a language family.
- All languages within a language family are related to each other.
- French and Spanish are both Romance languages.
- German is related to Spanish.
- Basque is not related to any other language.

Conclusion:
French is an Indo-European language.

Put your final answer within \boxed{True}, \boxed{False}, or \boxed{Uncertain}.assistant

To determine if the conclusion logically follows from the premises, let's break down the given information:

1. All Romance languages are Indo-European languages.
2. Romance languages are a language family.
3. All languages within a language family are related to each other.
4. French and Spanish are both Romance languages.
5. German is related to Spanish.
6. Basque is not related to any other language.

From premise 2, we know Romance languages form a language family, and from premise 3, all languages within a language family are related to each other. This implies that French and Spanish are related (since they are both Romance languages).

From premise 1, we know all Romance languages are Indo-European languages. Since French is a Romance language, it follows that French is an Indo-European language.

However, premise 5 states that German is related to Spanish, but this does not provide any information about whether German is a Romance language. German is not mentioned in the premises as a Romance language, so we cannot conclude that it is.

Premise 6 states that Basque is not related to any other language, which is irrelevant to the relationship between Romance languages and Indo-European languages.

Therefore, based on the given premises, the conclusion that French is an Indo-European language logically follows.

\boxed{True}
