ID: 53
TASK: negation
LABEL EXTRAIDO: False
TOKENS_GERADOS: 543
TOKENS_POR_SEGUNDO: 10.84
TRUNCADO: False
======================================================================
PROMPT ENVIADO (texto completo apos apply_chat_template):
----------------------------------------------------------------------
<|begin_of_text|><|start_header_id|>system<|end_header_id|>

Cutting Knowledge Date: December 2023
Today Date: 26 Jul 2024

<|eot_id|><|start_header_id|>user<|end_header_id|>

You are a logic expert.

Given the following premises and a conclusion, determine whether the conclusion logically follows from the premises.

Premises:
- forall x (RomanceLanguage(x) -> IndoEuropeanLanguage(x))
- forall x (RomanceLanguage(x) -> MemberOf(x, languageFamily))
- forall x forall y forall z ((MemberOf(x, z) AND MemberOf(y, z)) -> (Related(x, y) AND Related(y, x)))
- RomanceLanguage(french) AND RomanceLanguage(spanish)
- Related(german, spanish)
- forall x (Language(x) -> NOT Related(basque, x))

Conclusion:
NOT (IndoEuropeanLanguage(french))

Put your final answer within \boxed{True}, \boxed{False}, or \boxed{Uncertain}.<|eot_id|><|start_header_id|>assistant<|end_header_id|>


======================================================================
RESPOSTA DO MODELO:
----------------------------------------------------------------------
IndoEuropeanLanguage(french))

Put your final answer within \boxed{True}, \boxed{False}, or \boxed{Uncertain}.assistant

To determine whether the conclusion logically follows from the premises, we'll analyze the given information step by step.

1. The first premise states that all Romance languages are Indo-European languages. 
2. The second premise states that all Romance languages are part of the language family.
3. The third premise states that if two languages are part of the same language family, they are related.
4. We know that French and Spanish are Romance languages.
5. We also know that German is related to Spanish.
6. The sixth premise states that the Basque language is not related to any language.

Now, let's examine the conclusion: NOT (Indo-EuropeanLanguage(french)). 

We know that French is a Romance language (premise 4) and Romance languages are Indo-European languages (premise 1). This means that French is an Indo-European language.

However, the conclusion claims that French is not an Indo-European language, which contradicts our deduction from the premises.

Therefore, the conclusion does not logically follow from the premises.

Answer: \boxed{False}
