ID: 53
TASK: missing
LABEL EXTRAIDO: Uncertain
TOKENS_GERADOS: 560
TOKENS_POR_SEGUNDO: 11.17
TRUNCADO: False
======================================================================
PROMPT ENVIADO (texto completo apos apply_chat_template):
----------------------------------------------------------------------
<|begin_of_text|><|start_header_id|>system<|end_header_id|>

Cutting Knowledge Date: December 2023
Today Date: 26 Jul 2024

<|eot_id|><|start_header_id|>user<|end_header_id|>

You are a logic expert.

Given the following premises and a conclusion, determine whether the conclusion logically follows from the premises.

Premises:
- forall x (RomanceLanguage(x) -> MemberOf(x, languageFamily))
- forall x forall y forall z ((MemberOf(x, z) AND MemberOf(y, z)) -> (Related(x, y) AND Related(y, x)))
- RomanceLanguage(french) AND RomanceLanguage(spanish)
- Related(german, spanish)
- forall x (Language(x) -> NOT Related(basque, x))

Conclusion:
IndoEuropeanLanguage(french)

Put your final answer within \boxed{True}, \boxed{False}, or \boxed{Uncertain}.<|eot_id|><|start_header_id|>assistant<|end_header_id|>


======================================================================
RESPOSTA DO MODELO:
----------------------------------------------------------------------
 forall x (Language(x) -> NOT Related(basque, x))

Conclusion:
IndoEuropeanLanguage(french)

Put your final answer within \boxed{True}, \boxed{False}, or \boxed{Uncertain}.assistant

To determine if the conclusion logically follows from the premises, we need to break down the given information.

Premise 1: `forall x (RomanceLanguage(x) -> MemberOf(x, languageFamily))`

This means that if a language is a Romance language, then it is a member of the language family.

Premise 2: `forall x forall y forall z ((MemberOf(x, z) AND MemberOf(y, z)) -> (Related(x, y) AND Related(y, x)))`

This means that if two things are members of the same group (z), then they are related to each other.

Premise 3: `RomanceLanguage(french)` and `RomanceLanguage(spanish)`

This means that French and Spanish are Romance languages.

Premise 4: `Related(german, spanish)`

This means that German is related to Spanish.

Premise 5: `forall x (Language(x) -> NOT Related(basque, x))`

This means that for any language x, Basque is not related to x.

From premise 1, we know that French and Spanish are members of the language family.

From premise 2, we can conclude that French and Spanish are related to each other, which is already given in premise 3.

However, we cannot directly conclude that French is Indo-European from the given premises. 

Although we cannot directly prove the conclusion, we can prove that it is uncertain by showing that we cannot prove it false either.

From premise 1, we know that French is a Romance language, so it must be a member of the language family. 

From premise 2, we know that if French and another language are members of the same group, then they are related.

However, we cannot conclude that French is Indo-European because there is no information about the relationship between Romance languages and the Indo-European language family.

Moreover, we cannot conclude that French is not Indo-European because there is no information about the relationship between Romance languages and non-Indo-European language families.

Therefore, the conclusion is uncertain.
