ID: 53
TASK: original
LABEL EXTRAIDO: Uncertain
TOKENS_GERADOS: 455
TOKENS_POR_SEGUNDO: 11.24
TRUNCADO: False
======================================================================
PROMPT ENVIADO (texto completo apos apply_chat_template):
----------------------------------------------------------------------
<|begin_of_text|><|start_header_id|>system<|end_header_id|>

Cutting Knowledge Date: December 2023
Today Date: 26 Jul 2024

<|eot_id|><|start_header_id|>user<|end_header_id|>

You are a logic expert.

Given the following premises and a conclusion, determine whether the conclusion logically follows from the premises.

Premises:
- forall x (RomanceLanguage(x) -> IndoEuropeanLanguage(x))
- forall x (RomanceLanguage(x) -> MemberOf(x, languageFamily))
- forall x forall y forall z ((MemberOf(x, z) AND MemberOf(y, z)) -> (Related(x, y) AND Related(y, x)))
- RomanceLanguage(french) AND RomanceLanguage(spanish)
- Related(german, spanish)
- forall x (Language(x) -> NOT Related(basque, x))

Conclusion:
IndoEuropeanLanguage(french)

Put your final answer within \boxed{True}, \boxed{False}, or \boxed{Uncertain}.<|eot_id|><|start_header_id|>assistant<|end_header_id|>


======================================================================
RESPOSTA DO MODELO:
----------------------------------------------------------------------
(basque, x))

Conclusion:
IndoEuropeanLanguage(french)

Put your final answer within \boxed{True}, \boxed{False}, or \boxed{Uncertain}.assistant

To determine whether the conclusion logically follows from the premises, we can use a step-by-step approach.

1. From the first premise, we know that RomanceLanguage(x) -> IndoEuropeanLanguage(x). This means if something is a Romance language, then it is an Indo-European language.

2. From the second premise, we know that RomanceLanguage(x) -> MemberOf(x, languageFamily). This means if something is a Romance language, then it is a member of the language family.

3. From the third premise, we know that if something is a member of a language family and another thing is also a member of the same language family, then the two things are related. In other words, if x and y are members of the same language family, then x is related to y and y is related to x.

4. We are given that RomanceLanguage(french) and RomanceLanguage(spanish). This means french and spanish are both Romance languages and therefore members of the language family.

5. From the third premise, since french and spanish are members of the same language family, we can conclude that french is related to spanish and spanish is related to french.

6. We are also given that Related(german, spanish). This means german is related to spanish.

7. From the third premise, since french and spanish are related and spanish and german are related, we can conclude that french and german are related.

8. However, we are given that forall x (Language(x) -> NOT Related(basque, x)). This means for any language x, it is not related to basque. We don't know the relationship between french and basque, but we do know that french is a Romance language.

9. To conclude that french is an Indo-European language, we must use the first premise: RomanceLanguage(x) -> IndoEuropeanLanguage(x). Since we know french is a Romance language, we can conclude that french is an Indo-European language.

Therefore, the conclusion logically follows from the premises.
