ID: 53
TASK: irrelevant
LABEL EXTRAIDO: True
TOKENS_GERADOS: 527
TOKENS_POR_SEGUNDO: 10.2
TRUNCADO: False
======================================================================
PROMPT ENVIADO (texto completo apos apply_chat_template):
----------------------------------------------------------------------
<|begin_of_text|><|start_header_id|>system<|end_header_id|>

Cutting Knowledge Date: December 2023
Today Date: 26 Jul 2024

<|eot_id|><|start_header_id|>user<|end_header_id|>

You are a logic expert.

Given the following premises and a conclusion, determine whether the conclusion logically follows from the premises.

Premises:
- Related(german, spanish)
- forall x (Language(x) -> NOT Related(basque, x))
- forall x forall y forall z ((MemberOf(x, z) AND MemberOf(y, z)) -> (Related(x, y) AND Related(y, x)))
- RomanceLanguage(french) AND RomanceLanguage(spanish)
- Mortal(Socrates).
- forall x (RomanceLanguage(x) -> IndoEuropeanLanguage(x))
- forall x (RomanceLanguage(x) -> MemberOf(x, languageFamily))

Conclusion:
IndoEuropeanLanguage(french)

Put your final answer within \boxed{True}, \boxed{False}, or \boxed{Uncertain}.<|eot_id|><|start_header_id|>assistant<|end_header_id|>


======================================================================
RESPOSTA DO MODELO:
----------------------------------------------------------------------
To determine if the conclusion logically follows from the premises, we need to analyze the given statements and apply logical rules.

From the premises:

1. Related(german, spanish) 
2. forall x (Language(x) -> NOT Related(basque, x))
3. forall x forall y forall z ((MemberOf(x, z) AND MemberOf(y, z)) -> (Related(x, y) AND Related(y, x)))
4. RomanceLanguage(french) AND RomanceLanguage(spanish)
5. Mortal(Socrates)
6. forall x (RomanceLanguage(x) -> IndoEuropeanLanguage(x))
7. forall x (RomanceLanguage(x) -> MemberOf(x, languageFamily))

From premise 6, we can infer that since RomanceLanguage(french) is true, then IndoEuropeanLanguage(french) must also be true, because of the universal quantifier (forall x).

Therefore, the conclusion IndoEuropeanLanguage(french) logically follows from the premises.

The final answer is: \boxed{True}
