ID: 53
TASK: complex
LABEL EXTRAIDO: Error
TOKENS_GERADOS: 413
TOKENS_POR_SEGUNDO: 10.2
TRUNCADO: False
======================================================================
PROMPT ENVIADO (texto completo apos apply_chat_template):
----------------------------------------------------------------------
<|begin_of_text|><|start_header_id|>system<|end_header_id|>

Cutting Knowledge Date: December 2023
Today Date: 26 Jul 2024

<|eot_id|><|start_header_id|>user<|end_header_id|>

You are a logic expert.

Given the following premises and a conclusion, determine whether the conclusion logically follows from the premises.

Premises:
- Related(german, spanish)
- forall x (Language(x) -> NOT Related(basque, x))
- RomanceLanguage(french) AND RomanceLanguage(spanish)
- forall x forall y forall z ((MemberOf(x, z) AND MemberOf(y, z)) -> (Related(x, y) AND Related(y, x)))
- forall x (RomanceLanguage(x) -> IndoEuropeanLanguage(x))
- Related(german, spanish)
- forall x (RomanceLanguage(x) -> MemberOf(x, languageFamily))
- forall x forall y forall z ((MemberOf(x, z) AND MemberOf(y, z)) -> (Related(x, y) AND Related(y, x)))

Conclusion:
IndoEuropeanLanguage(french)

Put your final answer within \boxed{True}, \boxed{False}, or \boxed{Uncertain}.<|eot_id|><|start_header_id|>assistant<|end_header_id|>


======================================================================
RESPOSTA DO MODELO:
----------------------------------------------------------------------
To determine whether the conclusion logically follows from the premises, let's break down the given information:

1. Related(german, spanish) - This indicates that German and Spanish are related languages.
2. RomanceLanguage(french) AND RomanceLanguage(spanish) - Both French and Spanish are Romance languages.
3. forall x (Language(x) -> NOT Related(basque, x)) - This implies that Basque is not related to any language.
4. forall x (RomanceLanguage(x) -> IndoEuropeanLanguage(x)) - All Romance languages are Indo-European languages.
5. Related(german, spanish) - This is a duplicate of premise 1.
6. forall x (RomanceLanguage(x) -> MemberOf(x, languageFamily)) - Romance languages are part of the language family.
7. forall x forall y forall z ((MemberOf(x, z) AND MemberOf(y, z)) -> (Related(x, y) AND Related(y, x))) - If two languages are part of the same language family, then they are related to each other.

From premise 2, we know that French and Spanish are Romance languages. From premise 4, we can infer that French and Spanish are also Indo-European languages.

From premise 6, we know that Romance languages are part of the language family. Since French and Spanish are Romance languages, they must be part of the language family.

Using premise 7, since French and Spanish are part of the same language family, they are related to each other. We already know that German and Spanish are related (from premise 1), and we can infer that German and French are also related (by transitivity, as they are both related to Spanish).

However, we cannot directly conclude that French is an Indo-European language from the given premises. Premise 4 only tells us that all Romance languages are Indo-European languages, but it does not directly relate to French. 

Therefore, the conclusion "IndoEuropeanLanguage(french)" does not logically follow from the premises.
