ID: 53
TASK: junto
LABEL EXTRAIDO: True
TOKENS_GERADOS: 527
TOKENS_POR_SEGUNDO: 10.2
TRUNCADO: False
======================================================================
PROMPT ENVIADO (texto completo apos apply_chat_template):
----------------------------------------------------------------------
<|begin_of_text|><|start_header_id|>system<|end_header_id|>

Cutting Knowledge Date: December 2023
Today Date: 26 Jul 2024

<|eot_id|><|start_header_id|>user<|end_header_id|>

You are a logic expert.

Given the following premises and a conclusion, determine whether the conclusion logically follows from the premises.

Premises:
(forall x (RomanceLanguage(x) -> IndoEuropeanLanguage(x))) AND (forall x (RomanceLanguage(x) -> MemberOf(x, languageFamily))) AND (forall x forall y forall z ((MemberOf(x, z) AND MemberOf(y, z)) -> (Related(x, y) AND Related(y, x)))) AND (RomanceLanguage(french) AND RomanceLanguage(spanish)) AND (Related(german, spanish)) AND (forall x (Language(x) -> NOT Related(basque, x)))

Conclusion:
IndoEuropeanLanguage(french)

Put your final answer within \boxed{True}, \boxed{False}, or \boxed{Uncertain}.<|eot_id|><|start_header_id|>assistant<|end_header_id|>


======================================================================
RESPOSTA DO MODELO:
----------------------------------------------------------------------
To determine if the conclusion logically follows from the premises, let's break down the given information:

1. (forall x (RomanceLanguage(x) -> IndoEuropeanLanguage(x))) 
   This means that all Romance languages are Indo-European languages.

2. (forall x (RomanceLanguage(x) -> MemberOf(x, languageFamily))) 
   This means that all Romance languages are members of the language family.

3. (forall x forall y forall z ((MemberOf(x, z) AND MemberOf(y, z)) -> (Related(x, y) AND Related(y, x))))
   This is a transitive property stating that if two things are members of the same group, they are related to each other.

4. (RomanceLanguage(french) AND RomanceLanguage(spanish))
   This states that French and Spanish are Romance languages.

5. (Related(german, spanish))
   This states that German is related to Spanish.

6. (forall x (Language(x) -> NOT Related(basque, x)))
   This means that for any language, Basque is not related to it.

From premises 1 and 4, we know that French is a Romance language and therefore an Indo-European language. 

From premise 3, since French and Spanish are related (because they are both Romance languages and thus members of the same language family), and German is related to Spanish, we can infer that French is related to German.

However, premise 6 states that Basque is not related to any language, but it doesn't provide information about the relationship between French and Basque or German and Basque. 

The key to this problem is to understand that the transitive property in premise 3 applies only when both members of the relation are members of the same group. Since German is related to Spanish, and we are trying to establish a relationship between German and French, we need to know if French and German are members of the same group.

However, premise 2 states that all Romance languages are members of the language family, but it doesn't specify that non-Romance languages are not members of the language family. It only states that all Romance languages are members of the language family.

The conclusion we are trying to prove is that French is an Indo-European language. From premise 1, we already know that all Romance languages are Indo-European languages. 

Therefore, the conclusion logically follows from the premises, because we already know from premise 1 that French is an Indo-European language regardless of its relationship to German or Basque.

So, the answer is \boxed{True}.
