ID: 53
TASK: contradiction
LABEL EXTRAIDO: True
TOKENS_GERADOS: 509
TOKENS_POR_SEGUNDO: 10.16
TRUNCADO: False
======================================================================
PROMPT ENVIADO (texto completo apos apply_chat_template):
----------------------------------------------------------------------
<|begin_of_text|><|start_header_id|>system<|end_header_id|>

Cutting Knowledge Date: December 2023
Today Date: 26 Jul 2024

<|eot_id|><|start_header_id|>user<|end_header_id|>

You are a logic expert.

Given the following premises and a conclusion, determine whether the conclusion logically follows from the premises.

Premises:
- forall x (RomanceLanguage(x) -> MemberOf(x, languageFamily))
- forall x (Language(x) -> NOT Related(basque, x))
- NOT (forall x forall y forall z ((MemberOf(x, z) AND MemberOf(y, z)) -> (Related(x, y) AND Related(y, x))))
- RomanceLanguage(french) AND RomanceLanguage(spanish)
- forall x forall y forall z ((MemberOf(x, z) AND MemberOf(y, z)) -> (Related(x, y) AND Related(y, x)))
- Related(german, spanish)
- forall x (RomanceLanguage(x) -> IndoEuropeanLanguage(x))

Conclusion:
IndoEuropeanLanguage(french)

Put your final answer within \boxed{True}, \boxed{False}, or \boxed{Uncertain}.<|eot_id|><|start_header_id|>assistant<|end_header_id|>


======================================================================
RESPOSTA DO MODELO:
----------------------------------------------------------------------
To determine whether the conclusion logically follows from the premises, we need to analyze each premise and the conclusion.

1. `forall x (RomanceLanguage(x) -> MemberOf(x, languageFamily))` - This premise states that all Romance languages are members of the language family.

2. `forall x (Language(x) -> NOT Related(basque, x))` - This premise states that no language is related to Basque.

3. `NOT (forall x forall y forall z ((MemberOf(x, z) AND MemberOf(y, z)) -> (Related(x, y) AND Related(y, x)))` - This premise is a negation of a universal statement. It states that there exist at least one language family z, and there exist at least two languages x and y that are members of z, but x and y are not related to each other.

4. `RomanceLanguage(french) AND RomanceLanguage(spanish)` - This premise states that French and Spanish are Romance languages.

5. `forall x forall y forall z ((MemberOf(x, z) AND MemberOf(y, z)) -> (Related(x, y) AND Related(y, x)))` - This premise is a universal statement that states all language families have the property that if x and y are members of the family, then x and y are related.

6. `Related(german, spanish)` - This premise states that German is related to Spanish.

7. `forall x (RomanceLanguage(x) -> IndoEuropeanLanguage(x))` - This premise states that all Romance languages are Indo-European languages.

However, there is a contradiction between premises 3 and 5. Premise 5 is a universal statement that would imply that all language families have the property of being transitive, but premise 3 states that this is not the case for all language families. Therefore, we can conclude that the statement in premise 5 is false.

Given the contradiction between premises 3 and 5, we can no longer trust premise 5, which states that all Romance languages are Indo-European languages. However, we still have premise 7 which states that all Romance languages are Indo-European languages.

Therefore, since we can deduce that French is a Romance language (from premise 4), we can conclude that French is also an Indo-European language.

The conclusion logically follows from the premises, given that premise 5 is false and premise 7 still holds. 

The answer is: \boxed{True}
