ID: 53
TASK: shuffled
LABEL EXTRAIDO: True
TOKENS_GERADOS: 533
TOKENS_POR_SEGUNDO: 10.31
TRUNCADO: False
======================================================================
PROMPT ENVIADO (texto completo apos apply_chat_template):
----------------------------------------------------------------------
<|begin_of_text|><|start_header_id|>system<|end_header_id|>

Cutting Knowledge Date: December 2023
Today Date: 26 Jul 2024

<|eot_id|><|start_header_id|>user<|end_header_id|>

You are a logic expert.

Given the following premises and a conclusion, determine whether the conclusion logically follows from the premises.

Premises:
- forall x forall y forall z ((MemberOf(x, z) AND MemberOf(y, z)) -> (Related(x, y) AND Related(y, x)))
- forall x (RomanceLanguage(x) -> IndoEuropeanLanguage(x))
- RomanceLanguage(french) AND RomanceLanguage(spanish)
- forall x (RomanceLanguage(x) -> MemberOf(x, languageFamily))
- forall x (Language(x) -> NOT Related(basque, x))
- Related(german, spanish)

Conclusion:
IndoEuropeanLanguage(french)

Put your final answer within \boxed{True}, \boxed{False}, or \boxed{Uncertain}.<|eot_id|><|start_header_id|>assistant<|end_header_id|>


======================================================================
RESPOSTA DO MODELO:
----------------------------------------------------------------------
}.assistant

To determine whether the conclusion logically follows from the premises, we need to analyze the given information.

Premise 1: forall x forall y forall z ((MemberOf(x, z) AND MemberOf(y, z)) -> (Related(x, y) AND Related(y, x))). This is a transitive relationship between MemberOf and Related, but it does not provide any direct information about the relationship between RomanceLanguage and IndoEuropeanLanguage.

Premise 2: forall x (RomanceLanguage(x) -> IndoEuropeanLanguage(x)). This directly links RomanceLanguage to IndoEuropeanLanguage, suggesting that all Romance languages are Indo-European languages.

Premise 3: RomanceLanguage(french) AND RomanceLanguage(spanish). This statement shows that both French and Spanish are Romance languages.

Premise 4: forall x (RomanceLanguage(x) -> MemberOf(x, languageFamily)). This links RomanceLanguage to MemberOf(languageFamily), indicating that all Romance languages belong to the language family.

Premise 5: forall x (Language(x) -> NOT Related(basque, x)). This statement introduces a negative relationship between Language and Basque, but it does not directly impact the relationship between RomanceLanguage and IndoEuropeanLanguage.

Premise 6: Related(german, spanish). This statement shows a relationship between German and Spanish, but it does not provide any information about French.

Conclusion: IndoEuropeanLanguage(french). Given the premises, especially Premise 2, we can deduce that since French is a Romance language (Premise 3), it must be an Indo-European language (Premise 2).

Therefore, the conclusion logically follows from the premises.

The answer is: \boxed{True}
