ID: 84
TASK: shuffled
LABEL EXTRAIDO: False
TOKENS_GERADOS: 905
TOKENS_POR_SEGUNDO: 10.19
TRUNCADO: False
======================================================================
PROMPT ENVIADO (texto completo apos apply_chat_template):
----------------------------------------------------------------------
<|begin_of_text|><|start_header_id|>system<|end_header_id|>

Cutting Knowledge Date: December 2023
Today Date: 26 Jul 2024

<|eot_id|><|start_header_id|>user<|end_header_id|>

You are a logic expert.

Given the following premises and a conclusion, determine whether the conclusion logically follows from the premises.

Premises:
- forall x forall y (PopularAmong(x, localResidents) -> HaveRating(x, y) AND GreaterThan(y, 4))
- forall x forall y (HaveRating(x, y) AND GreaterThan(y, 4) -> ListedIn(x, yelpRecommendation))
- exists x exists y (NOT Provide(x, takeOutService) -> NegativeReview(y) AND Receive(x, y))
- forall x exists y (ListedIn(x, yelpRecommendation) -> NegativeReview(y) AND NOT Receive(x, y))
- forall x (HaveRating(hamdenPlazaSubway, x) AND GreaterThan(x, 4) XOR PopularAmong(hamdenPlazaSubway, localResidents))

Conclusion:
exists x (Provide(hamdenPlazaSubway, takeOutService) OR (NegativeReview(x) AND NOT Receive(hamdenPlazaSubway, x)))

Put your final answer within \boxed{True}, \boxed{False}, or \boxed{Uncertain}.<|eot_id|><|start_header_id|>assistant<|end_header_id|>


======================================================================
RESPOSTA DO MODELO:
----------------------------------------------------------------------
ertain}.assistant

To determine if the conclusion logically follows from the premises, we will analyze each premise and the conclusion step by step.

1. Premise 1: forall x forall y (PopularAmong(x, localResidents) -> HaveRating(x, y) AND GreaterThan(y, 4))
This premise states that if something is popular among local residents, it has a rating greater than 4.

2. Premise 2: forall x forall y (HaveRating(x, y) AND GreaterThan(y, 4) -> ListedIn(x, yelpRecommendation))
This premise states that if something has a rating greater than 4, it is listed in Yelp's recommendations.

3. Premise 3: exists x exists y (NOT Provide(x, takeOutService) -> NegativeReview(y) AND Receive(x, y))
This premise states that for some x, if it does not provide take-out service, then there exists a y such that y has a negative review and x receives y.

4. Premise 4: forall x exists y (ListedIn(x, yelpRecommendation) -> NegativeReview(y) AND NOT Receive(x, y))
This premise states that for any x, if it is listed in Yelp's recommendations, then there exists a y such that y has a negative review and x does not receive y.

5. Premise 5: forall x (HaveRating(hamdenPlazaSubway, x) AND GreaterThan(x, 4) XOR PopularAmong(hamdenPlazaSubway, localResidents))
This premise states that for hamdenPlazaSubway, it has either a rating greater than 4 or it is popular among local residents.

From premise 5, we can derive two cases:

- Case 1: HaveRating(hamdenPlazaSubway, x) AND GreaterThan(x, 4)
- Case 2: PopularAmong(hamdenPlazaSubway, localResidents)

Now, we will consider both cases:

**Case 1: HaveRating(hamdenPlazaSubway, x) AND GreaterThan(x, 4)**

From premise 1, we know that if hamdenPlazaSubway is popular among local residents, it has a rating greater than 4. From premise 2, we know that if it has a rating greater than 4, it is listed in Yelp's recommendations. From premise 4, we know that if it is listed in Yelp's recommendations, there exists a y such that y has a negative review and hamdenPlazaSubway does not receive y. This implies that we cannot conclude anything about hamdenPlazaSubway providing take-out service.

**Case 2: PopularAmong(hamdenPlazaSubway, localResidents)**

From premise 1, we know that if hamdenPlazaSubway is popular among local residents, it has a rating greater than 4. From premise 2, we know that if it has a rating greater than 4, it is listed in Yelp's recommendations. From premise 4, we know that if it is listed in Yelp's recommendations, there exists a y such that y has a negative review and hamdenPlazaSubway does not receive y. This implies that we cannot conclude anything about hamdenPlazaSubway providing take-out service.

However, premise 3 states that for some x, if x does not provide take-out service, then there exists a y such that y has a negative review and x receives y. This premise does not provide any information about hamdenPlazaSubway. But we can use this premise to find a scenario where the conclusion is true.

Let's assume that hamdenPlazaSubway does not provide take-out service. Then, from premise 3, we can find an x (hamdenPlazaSubway) and a y (a negative review) such that hamdenPlazaSubway receives y. This implies that the conclusion is true for this scenario.

However, we still need to consider the case where hamdenPlazaSubway provides take-out service. In this case, we cannot find any information from the premises that would lead to a conclusion about the existence of a negative review and hamdenPlazaSubway not receiving it.

Therefore, the conclusion does not logically follow from the premises for all cases.

The answer is: \boxed{False}
