ID: 81
TASK: contradiction
LABEL EXTRAIDO: True
TOKENS_GERADOS: 812
TOKENS_POR_SEGUNDO: 10.06
TRUNCADO: False
======================================================================
PROMPT ENVIADO (texto completo apos apply_chat_template):
----------------------------------------------------------------------
<|begin_of_text|><|start_header_id|>system<|end_header_id|>

Cutting Knowledge Date: December 2023
Today Date: 26 Jul 2024

<|eot_id|><|start_header_id|>user<|end_header_id|>

You are a logic expert.

Given the following premises and a conclusion, determine whether the conclusion logically follows from the premises.

Premises:
- NOT (forall x (Product(x) AND From(x, bakedByMelissa) -> Cupcake(x)))
- Spicy(driedThaiChili) OR MalaHotpot(driedThaiChili) OR NOT BakedSweet(driedThaiChili)
- forall x (BakedSweet(x) -> NOT Spicy(x))
- forall x (MalaHotpot(x) -> Spicy(x))
- forall x (Cupcake(x) -> BakedSweet(x))
- forall x (Product(x) AND From(x, bakedByMelissa) -> Cupcake(x))

Conclusion:
NOT (Product(driedThaiChili) AND From(driedThaiChili, bakedByMelissa)) AND NOT BakedSweet(driedThaiChili)

Put your final answer within \boxed{True}, \boxed{False}, or \boxed{Uncertain}.<|eot_id|><|start_header_id|>assistant<|end_header_id|>


======================================================================
RESPOSTA DO MODELO:
----------------------------------------------------------------------
To determine if the conclusion logically follows from the premises, we will use a step-by-step analysis.

1. From the first premise, we know that NOT (forall x (Product(x) AND From(x, bakedByMelissa) -> Cupcake(x))). 
   This means that there exists an x such that (Product(x) AND From(x, bakedByMelissa)) and NOT Cupcake(x).

2. From the fifth premise, we know that forall x (Product(x) AND From(x, bakedByMelissa) -> Cupcake(x)).
   This is a universal statement that contradicts the first premise, which states that there exists an x such that (Product(x) AND From(x, bakedByMelissa)) and NOT Cupcake(x).
   Therefore, we can conclude that the first premise is actually false, and the fifth premise is true.

3. From the second premise, we know that Spicy(driedThaiChili) OR MalaHotpot(driedThaiChili) OR NOT BakedSweet(driedThaiChili).
   Since we know that the first premise is false, we can safely ignore it.

4. From the third premise, we know that forall x (BakedSweet(x) -> NOT Spicy(x)).
   This means that for any x, if x is BakedSweet, then x is NOT Spicy.

5. From the fourth premise, we know that forall x (MalaHotpot(x) -> Spicy(x)).
   This means that for any x, if x is MalaHotpot, then x is Spicy.

6. From the fifth premise, we know that forall x (Product(x) AND From(x, bakedByMelissa) -> Cupcake(x)).
   This means that for any x, if x is both Product and From(bakedByMelissa), then x is Cupcake.

7. We need to determine if the conclusion logically follows from the premises.

Let's analyze the conclusion: NOT (Product(driedThaiChili) AND From(driedThaiChili, bakedByMelissa)) AND NOT BakedSweet(driedThaiChili).

From the second premise, we know that Spicy(driedThaiChili) OR MalaHotpot(driedThaiChili) OR NOT BakedSweet(driedThaiChili).
From the third premise, we know that BakedSweet(driedThaiChili) -> NOT Spicy(driedThaiChili).
From the fourth premise, we know that MalaHotpot(driedThaiChili) -> Spicy(driedThaiChili).

If BakedSweet(driedThaiChili) is true, then Spicy(driedThaiChili) is false (from the third premise).
If Spicy(driedThaiChili) is false, then MalaHotpot(driedThaiChili) must be true (from the second premise).
If MalaHotpot(driedThaiChili) is true, then Spicy(driedThaiChili) is true (from the fourth premise).
This is a contradiction.

Therefore, BakedSweet(driedThaiChili) must be false.

Now, let's analyze the conclusion again: NOT (Product(driedThaiChili) AND From(driedThaiChili, bakedByMelissa)) AND NOT BakedSweet(driedThaiChili).
We have already shown that BakedSweet(driedThaiChili) is false, which supports the second part of the conclusion.

Since Product(driedThaiChili) AND From(driedThaiChili, bakedByMelissa) -> Cupcake(driedThaiChili) (from the fifth premise), and we know that BakedSweet(driedThaiChili) is false, 
it is possible that Product(driedThaiChili) AND From(driedThaiChili, bakedByMelissa) is false, which supports the first part of the conclusion.

Therefore, the conclusion logically follows from the premises.

\boxed{True}
