ID: 88
TASK: junto
LABEL EXTRAIDO: True
TOKENS_GERADOS: 367
TOKENS_POR_SEGUNDO: 10.31
TRUNCADO: False
======================================================================
PROMPT ENVIADO (texto completo apos apply_chat_template):
----------------------------------------------------------------------
<|begin_of_text|><|start_header_id|>system<|end_header_id|>

Cutting Knowledge Date: December 2023
Today Date: 26 Jul 2024

<|eot_id|><|start_header_id|>user<|end_header_id|>

You are a logic expert.

Given the following premises and a conclusion, determine whether the conclusion logically follows from the premises.

Premises:
(forall x (Book(x) -> Contains(x, knowledge))) AND (forall x forall y (ReadBook(x, y) -> Gains(x, knowledge))) AND (forall x (Gains(x, knowledge) -> Smarter(x))) AND (ReadBook(harry, walden) AND Book(walden))

Conclusion:
Smarter(harry)

Put your final answer within \boxed{True}, \boxed{False}, or \boxed{Uncertain}.<|eot_id|><|start_header_id|>assistant<|end_header_id|>


======================================================================
RESPOSTA DO MODELO:
----------------------------------------------------------------------


To determine whether the conclusion logically follows from the premises, let's break down the given information step by step:

1. (forall x (Book(x) -> Contains(x, knowledge))) 
   - This premise states that for all x, if x is a book, then x contains knowledge.

2. (forall x forall y (ReadBook(x, y) -> Gains(x, knowledge))) 
   - This premise states that for all x and for all y, if x reads book y, then x gains knowledge.

3. (forall x (Gains(x, knowledge) -> Smarter(x))) 
   - This premise states that for all x, if x gains knowledge, then x becomes smarter.

4. ReadBook(harry, walden) 
   - This premise states that Harry reads the book "walden".

5. Book(walden) 
   - This premise states that "walden" is a book.

Now, let's apply the premises to the conclusion step by step:

1. From premise 2, since Harry reads "walden" (premise 4), Harry gains knowledge.
2. From premise 3, since Harry gains knowledge, Harry becomes smarter.

Therefore, the conclusion "Smarter(harry)" logically follows from the given premises.

The final answer is: \boxed{True}
