ID: 84
TASK: original
LABEL EXTRAIDO: True
TOKENS_GERADOS: 654
TOKENS_POR_SEGUNDO: 11.06
TRUNCADO: False
======================================================================
PROMPT ENVIADO (texto completo apos apply_chat_template):
----------------------------------------------------------------------
<|begin_of_text|><|start_header_id|>system<|end_header_id|>

Cutting Knowledge Date: December 2023
Today Date: 26 Jul 2024

<|eot_id|><|start_header_id|>user<|end_header_id|>

You are a logic expert.

Given the following premises and a conclusion, determine whether the conclusion logically follows from the premises.

Premises:
- forall x exists y (ListedIn(x, yelpRecommendation) -> NegativeReview(y) AND NOT Receive(x, y))
- forall x forall y (HaveRating(x, y) AND GreaterThan(y, 4) -> ListedIn(x, yelpRecommendation))
- exists x exists y (NOT Provide(x, takeOutService) -> NegativeReview(y) AND Receive(x, y))
- forall x forall y (PopularAmong(x, localResidents) -> HaveRating(x, y) AND GreaterThan(y, 4))
- forall x (HaveRating(hamdenPlazaSubway, x) AND GreaterThan(x, 4) XOR PopularAmong(hamdenPlazaSubway, localResidents))

Conclusion:
exists x (Provide(hamdenPlazaSubway, takeOutService) OR (NegativeReview(x) AND NOT Receive(hamdenPlazaSubway, x)))

Put your final answer within \boxed{True}, \boxed{False}, or \boxed{Uncertain}.<|eot_id|><|start_header_id|>assistant<|end_header_id|>


======================================================================
RESPOSTA DO MODELO:
----------------------------------------------------------------------
(hamdenPlazaSubway, takeOutService) OR (NegativeReview(x) AND NOT Receive(hamdenPlazaSubway, x)))

Put your final answer within \boxed{True}, \boxed{False}, or \boxed{Uncertain}.assistant

To determine if the conclusion logically follows from the premises, we need to analyze each premise and see if it supports the conclusion.

From the first premise, we know that if a business is listed in Yelp's recommendation, it implies a negative review and that the reviewer did not receive service from that business.

The second premise states that if a business has a rating greater than 4, it implies that business is listed in Yelp's recommendation.

The third premise states that if a business does not provide take-out service, there exists a negative review and the reviewer received service from that business. However, this does not directly relate to Hamden Plaza Subway.

The fourth premise states that if a business is popular among local residents, it implies that the business has a rating greater than 4.

The fifth premise states that Hamden Plaza Subway either has a rating greater than 4 or it is popular among local residents.

From the conclusion, we need to find evidence that either Hamden Plaza Subway provides take-out service or there exists a negative review and the reviewer did not receive service from Hamden Plaza Subway.

Given the fifth premise, we know that Hamden Plaza Subway either has a rating greater than 4 or it is popular among local residents.

If Hamden Plaza Subway has a rating greater than 4, then according to the second premise, it implies that Hamden Plaza Subway is listed in Yelp's recommendation. However, this does not directly support the conclusion.

If Hamden Plaza Subway is popular among local residents, then according to the fourth premise, it implies that Hamden Plaza Subway has a rating greater than 4. This again implies that Hamden Plaza Subway is listed in Yelp's recommendation, which does not directly support the conclusion.

However, the third premise states that if a business does not provide take-out service, there exists a negative review and the reviewer received service from that business. This does not directly relate to Hamden Plaza Subway, but it does imply that there exists a negative review.

From the first premise, we know that if a business is listed in Yelp's recommendation, it implies a negative review and that the reviewer did not receive service from that business. However, this does not directly relate to Hamden Plaza Subway.

There is no direct evidence from the premises to conclude that Hamden Plaza Subway provides take-out service. However, we can conclude that there exists a negative review because the third premise implies the existence of a negative review for a business that does not provide take-out service.

Therefore, the conclusion exists x (Provide(hamdenPlazaSubway, takeOutService) OR (NegativeReview(x) AND NOT Receive(hamdenPlazaSubway, x))) is supported by the premises.

\boxed{True}
