ID: 84
TASK: missing
LABEL EXTRAIDO: Uncertain
TOKENS_GERADOS: 1047
TOKENS_POR_SEGUNDO: 10.69
TRUNCADO: False
======================================================================
PROMPT ENVIADO (texto completo apos apply_chat_template):
----------------------------------------------------------------------
<|begin_of_text|><|start_header_id|>system<|end_header_id|>

Cutting Knowledge Date: December 2023
Today Date: 26 Jul 2024

<|eot_id|><|start_header_id|>user<|end_header_id|>

You are a logic expert.

Given the following premises and a conclusion, determine whether the conclusion logically follows from the premises.

Premises:
- forall x forall y (HaveRating(x, y) AND GreaterThan(y, 4) -> ListedIn(x, yelpRecommendation))
- exists x exists y (NOT Provide(x, takeOutService) -> NegativeReview(y) AND Receive(x, y))
- forall x forall y (PopularAmong(x, localResidents) -> HaveRating(x, y) AND GreaterThan(y, 4))
- forall x (HaveRating(hamdenPlazaSubway, x) AND GreaterThan(x, 4) XOR PopularAmong(hamdenPlazaSubway, localResidents))

Conclusion:
exists x (Provide(hamdenPlazaSubway, takeOutService) OR (NegativeReview(x) AND NOT Receive(hamdenPlazaSubway, x)))

Put your final answer within \boxed{True}, \boxed{False}, or \boxed{Uncertain}.<|eot_id|><|start_header_id|>assistant<|end_header_id|>


======================================================================
RESPOSTA DO MODELO:
----------------------------------------------------------------------
(hamdenPlazaSubway, takeOutService) OR (NegativeReview(x) AND NOT Receive(hamdenPlazaSubway, x)))

Put your final answer within \boxed{True}, \boxed{False}, or \boxed{Uncertain}.assistant

To determine if the conclusion logically follows from the premises, let's analyze them step by step:

1. The first premise states that if a restaurant has a rating for another restaurant and the rating is greater than 4, then it is listed in Yelp's recommendations. This doesn't directly relate to the conclusion, so we can ignore it for now.

2. The second premise states that there exists a restaurant x and a review y such that if x does not provide take-out service, then y is a negative review and x receives y. This premise introduces a connection between a restaurant's service and a negative review it receives. However, it does not directly relate to hamdenPlazaSubway.

3. The third premise states that if a restaurant is popular among local residents, then it has a rating greater than 4 and has a rating for some y. This premise connects popularity with a high rating.

4. The fourth premise states that either hamdenPlazaSubway has a rating greater than 4 for some x or it is popular among local residents. This premise directly involves hamdenPlazaSubway and provides two conditions related to its ratings.

Now, let's examine the conclusion: exists x (Provide(hamdenPlazaSubway, takeOutService) OR (NegativeReview(x) AND NOT Receive(hamdenPlazaSubway, x))). The conclusion asserts that there exists a restaurant x such that either it provides take-out service or it is a negative review of hamdenPlazaSubway that hamdenPlazaSubway does not receive.

Since the fourth premise states that hamdenPlazaSubway either has a high rating or is popular among local residents, we can infer that hamdenPlazaSubway has a high rating (from the third premise) or is popular among local residents (from the fourth premise). Given this information, it is unlikely that hamdenPlazaSubway would receive a negative review (since a high rating or popularity would generally result in positive reviews). However, the second premise provides an exception: a restaurant that does not provide take-out service can receive a negative review.

However, the fourth premise also implies that hamdenPlazaSubway has a high rating (or is popular), which is in conflict with the idea that it does not provide take-out service. But we don't know whether it provides take-out service or not from the premises. 

Therefore, the conclusion is uncertain because it depends on the availability of take-out service at hamdenPlazaSubway, which is not explicitly stated in the premises. 

\boxed{Uncertain}
