ID: 81
TASK: complex
LABEL EXTRAIDO: True
TOKENS_GERADOS: 662
TOKENS_POR_SEGUNDO: 10.13
TRUNCADO: False
======================================================================
PROMPT ENVIADO (texto completo apos apply_chat_template):
----------------------------------------------------------------------
<|begin_of_text|><|start_header_id|>system<|end_header_id|>

Cutting Knowledge Date: December 2023
Today Date: 26 Jul 2024

<|eot_id|><|start_header_id|>user<|end_header_id|>

You are a logic expert.

Given the following premises and a conclusion, determine whether the conclusion logically follows from the premises.

Premises:
- forall x (Product(x) AND From(x, bakedByMelissa) -> Cupcake(x))
- forall x (BakedSweet(x) -> NOT Spicy(x))
- forall x (BakedSweet(x) -> NOT Spicy(x))
- forall x (MalaHotpot(x) -> Spicy(x))
- Spicy(driedThaiChili) OR MalaHotpot(driedThaiChili) OR NOT BakedSweet(driedThaiChili)
- forall x (Cupcake(x) -> BakedSweet(x))
- forall x (Product(x) AND From(x, bakedByMelissa) -> Cupcake(x))

Conclusion:
NOT (Product(driedThaiChili) AND From(driedThaiChili, bakedByMelissa)) AND NOT BakedSweet(driedThaiChili)

Put your final answer within \boxed{True}, \boxed{False}, or \boxed{Uncertain}.<|eot_id|><|start_header_id|>assistant<|end_header_id|>


======================================================================
RESPOSTA DO MODELO:
----------------------------------------------------------------------
To determine whether the conclusion logically follows from the premises, we need to break down the given information and analyze it step by step.

1. We know that if something is a product and was made by Melissa, it's a cupcake. 
2. We also know that if something is a cupcake, it's a baked sweet. 
3. We have a condition that if something is a baked sweet, it's not spicy.
4. There are three conditions for driedThaiChili:
   - It's either spicy or a mala hotpot or not a baked sweet.
   - Since it's a dried chili, it's likely spicy. 
   - Given that mala hotpot implies spicy, and it's either spicy or a mala hotpot, if it's not spicy, it must be a mala hotpot. However, since it's a dried chili, it's more likely to be spicy than a mala hotpot.

Given these conditions, we can deduce that driedThaiChili is likely spicy.

Now let's examine the conclusion:
NOT (Product(driedThaiChili) AND From(driedThaiChili, bakedByMelissa)) AND NOT BakedSweet(driedThaiChili)

If driedThaiChili is spicy, then it cannot be a baked sweet. This is because if it's spicy, then it's not a baked sweet according to premise 2. 

Also, if driedThaiChili is spicy, then it cannot be a product made by Melissa and be a cupcake, because if it's a cupcake, it would be a baked sweet, which is a contradiction. 

So, given that driedThaiChili is likely spicy, we can conclude that the product condition AND the from condition cannot be true, and it's not a baked sweet.

Therefore, the conclusion logically follows from the premises. 

The final answer is: \boxed{True}
