ID: 81
TASK: nl
LABEL EXTRAIDO: True
TOKENS_GERADOS: 757
TOKENS_POR_SEGUNDO: 11.58
TRUNCADO: False
======================================================================
PROMPT ENVIADO (texto completo apos apply_chat_template):
----------------------------------------------------------------------
<|begin_of_text|><|start_header_id|>system<|end_header_id|>

Cutting Knowledge Date: December 2023
Today Date: 26 Jul 2024

<|eot_id|><|start_header_id|>user<|end_header_id|>

You are a logic expert.

Given the following premises and a conclusion, determine whether the conclusion logically follows from the premises.

Premises:
- No baked sweets are spicy.
- All cupcakes are baked sweets.
- All mala hotpots are spicy.
- All products from Baked by Melissa are cupcakes.
- Dried Thai chilies are spicy or mala hotpots or not baked sweets.

Conclusion:
Dried Thai chilies are neither products of Baked by Melissa nor baked sweets.

Put your final answer within \boxed{True}, \boxed{False}, or \boxed{Uncertain}.<|eot_id|><|start_header_id|>assistant<|end_header_id|>


======================================================================
RESPOSTA DO MODELO:
----------------------------------------------------------------------
 spicy.
- All cupcakes are baked sweets.
- All mala hotpots are spicy.
- All products from Baked by Melissa are cupcakes.
- Dried Thai chilies are spicy or mala hotpots or not baked sweets.

Conclusion:
Dried Thai chilies are neither products of Baked by Melissa nor baked sweets.

Put your final answer within \boxed{True}, \boxed{False}, or \boxed{Uncertain}.assistant

To evaluate the conclusion, we need to determine if it logically follows from the given premises.

From the premises, we have the following information:

1. No baked sweets are spicy.
2. All cupcakes are baked sweets.
3. All mala hotpots are spicy.
4. All products from Baked by Melissa are cupcakes.
5. Dried Thai chilies are spicy or mala hotpots or not baked sweets.

We want to conclude that Dried Thai chilies are neither products of Baked by Melissa nor baked sweets.

From premise 4, we know that products from Baked by Melissa are cupcakes, and from premise 2, we know that all cupcakes are baked sweets. Therefore, products from Baked by Melissa are baked sweets.

From premise 5, Dried Thai chilies are spicy or mala hotpots or not baked sweets. Since we already know from premise 3 that mala hotpots are spicy, and from premise 1 that baked sweets are not spicy, we can conclude that Dried Thai chilies are not baked sweets.

Given that Dried Thai chilies are not baked sweets, we can combine this with premise 4 to conclude that Dried Thai chilies are not products from Baked by Melissa.

Therefore, Dried Thai chilies are neither products of Baked by Melissa nor baked sweets.

The conclusion logically follows from the premises.

\boxed{True}
