ID: 84
TASK: junto
LABEL EXTRAIDO: True
TOKENS_GERADOS: 901
TOKENS_POR_SEGUNDO: 10.14
TRUNCADO: False
======================================================================
PROMPT ENVIADO (texto completo apos apply_chat_template):
----------------------------------------------------------------------
<|begin_of_text|><|start_header_id|>system<|end_header_id|>

Cutting Knowledge Date: December 2023
Today Date: 26 Jul 2024

<|eot_id|><|start_header_id|>user<|end_header_id|>

You are a logic expert.

Given the following premises and a conclusion, determine whether the conclusion logically follows from the premises.

Premises:
(forall x exists y (ListedIn(x, yelpRecommendation) -> NegativeReview(y) AND NOT Receive(x, y))) AND (forall x forall y (HaveRating(x, y) AND GreaterThan(y, 4) -> ListedIn(x, yelpRecommendation))) AND (exists x exists y (NOT Provide(x, takeOutService) -> NegativeReview(y) AND Receive(x, y))) AND (forall x forall y (PopularAmong(x, localResidents) -> HaveRating(x, y) AND GreaterThan(y, 4))) AND (forall x (HaveRating(hamdenPlazaSubway, x) AND GreaterThan(x, 4) XOR PopularAmong(hamdenPlazaSubway, localResidents)))

Conclusion:
exists x (Provide(hamdenPlazaSubway, takeOutService) OR (NegativeReview(x) AND NOT Receive(hamdenPlazaSubway, x)))

Put your final answer within \boxed{True}, \boxed{False}, or \boxed{Uncertain}.<|eot_id|><|start_header_id|>assistant<|end_header_id|>


======================================================================
RESPOSTA DO MODELO:
----------------------------------------------------------------------
assistant

To determine whether the conclusion logically follows from the premises, we need to analyze the logical structure of the premises and the conclusion.

The premises can be broken down as follows:

1. For every x, if x is listed in Yelp recommendations, then y is a negative review and x did not receive y.
2. For all x and y, if x has a rating y and y is greater than 4, then x is listed in Yelp recommendations.
3. There exists an x and a y such that if x does not provide take-out service, then y is a negative review and x received y.
4. For all x and y, if x is popular among local residents, then x has a rating y and y is greater than 4.
5. For all x, either hamdenPlazaSubway has a rating x greater than 4 or it is popular among local residents.

The conclusion is: There exists an x such that hamdenPlazaSubway provides take-out service or x is a negative review and hamdenPlazaSubway did not receive x.

To determine whether the conclusion logically follows from the premises, let's analyze the last premise. It states that either hamdenPlazaSubway has a rating greater than 4 or it is popular among local residents. This means that hamdenPlazaSubway is either listed in Yelp recommendations (from premise 2) or it is not popular among local residents (from premise 4).

Now, let's consider the first premise. It states that if x is listed in Yelp recommendations, then x did not receive y. This implies that hamdenPlazaSubway did not receive y for any y that is a negative review (from premise 1).

Now, let's analyze the third premise. It states that there exists an x and a y such that if x does not provide take-out service, then y is a negative review and x received y. However, this premise does not directly relate to hamdenPlazaSubway. 

However, we can use the second premise to determine that if hamdenPlazaSubway is listed in Yelp recommendations, then it has a rating greater than 4. From the first premise, we can infer that hamdenPlazaSubway did not receive any negative reviews.

Since hamdenPlazaSubway either has a rating greater than 4 or is not popular among local residents, we can conclude that hamdenPlazaSubway is listed in Yelp recommendations. Therefore, from the first premise, hamdenPlazaSubway did not receive any negative reviews.

Since there exists an x such that x is a negative review and hamdenPlazaSubway did not receive x, the conclusion logically follows from the premises.

The final answer is: \boxed{True}
