ID: 88
TASK: negation
LABEL EXTRAIDO: False
TOKENS_GERADOS: 374
TOKENS_POR_SEGUNDO: 10.69
TRUNCADO: False
======================================================================
PROMPT ENVIADO (texto completo apos apply_chat_template):
----------------------------------------------------------------------
<|begin_of_text|><|start_header_id|>system<|end_header_id|>

Cutting Knowledge Date: December 2023
Today Date: 26 Jul 2024

<|eot_id|><|start_header_id|>user<|end_header_id|>

You are a logic expert.

Given the following premises and a conclusion, determine whether the conclusion logically follows from the premises.

Premises:
- forall x (Book(x) -> Contains(x, knowledge))
- forall x forall y (ReadBook(x, y) -> Gains(x, knowledge))
- forall x (Gains(x, knowledge) -> Smarter(x))
- ReadBook(harry, walden) AND Book(walden)

Conclusion:
NOT (Smarter(harry))

Put your final answer within \boxed{True}, \boxed{False}, or \boxed{Uncertain}.<|eot_id|><|start_header_id|>assistant<|end_header_id|>


======================================================================
RESPOSTA DO MODELO:
----------------------------------------------------------------------
boxed{False}, or \boxed{Uncertain}.assistant

To determine whether the conclusion logically follows from the premises, let's analyze the given statements:

1. forall x (Book(x) -> Contains(x, knowledge)) 
   - This means that for all x, if x is a book, then x contains knowledge.

2. forall x forall y (ReadBook(x, y) -> Gains(x, knowledge))
   - This means that for all x and all y, if x reads book y, then x gains knowledge.

3. forall x (Gains(x, knowledge) -> Smarter(x))
   - This means that for all x, if x gains knowledge, then x becomes smarter.

4. ReadBook(harry, walden) AND Book(walden)
   - This means that Harry reads the book 'walden' and 'walden' is a book.

From the above premises, we can infer the following:

- Since Book(walden), then Contains(walden, knowledge) by premise 1.
- Since ReadBook(harry, walden) and Book(walden), then Gains(harry, knowledge) by premise 2.
- Since Gains(harry, knowledge), then Smarter(harry) by premise 3.

However, the conclusion is NOT (Smarter(harry)), which is the negation of what we inferred from the premises. Therefore, the conclusion does not logically follow from the premises.

The answer is: \boxed{False}
