ID: 84
TASK: contradiction
LABEL EXTRAIDO: False
TOKENS_GERADOS: 989
TOKENS_POR_SEGUNDO: 10.1
TRUNCADO: False
======================================================================
PROMPT ENVIADO (texto completo apos apply_chat_template):
----------------------------------------------------------------------
<|begin_of_text|><|start_header_id|>system<|end_header_id|>

Cutting Knowledge Date: December 2023
Today Date: 26 Jul 2024

<|eot_id|><|start_header_id|>user<|end_header_id|>

You are a logic expert.

Given the following premises and a conclusion, determine whether the conclusion logically follows from the premises.

Premises:
- forall x (HaveRating(hamdenPlazaSubway, x) AND GreaterThan(x, 4) XOR PopularAmong(hamdenPlazaSubway, localResidents))
- exists x exists y (NOT Provide(x, takeOutService) -> NegativeReview(y) AND Receive(x, y))
- forall x forall y (PopularAmong(x, localResidents) -> HaveRating(x, y) AND GreaterThan(y, 4))
- forall x forall y (HaveRating(x, y) AND GreaterThan(y, 4) -> ListedIn(x, yelpRecommendation))
- NOT (forall x exists y (ListedIn(x, yelpRecommendation) -> NegativeReview(y) AND NOT Receive(x, y)))
- forall x exists y (ListedIn(x, yelpRecommendation) -> NegativeReview(y) AND NOT Receive(x, y))

Conclusion:
exists x (Provide(hamdenPlazaSubway, takeOutService) OR (NegativeReview(x) AND NOT Receive(hamdenPlazaSubway, x)))

Put your final answer within \boxed{True}, \boxed{False}, or \boxed{Uncertain}.<|eot_id|><|start_header_id|>assistant<|end_header_id|>


======================================================================
RESPOSTA DO MODELO:
----------------------------------------------------------------------
To determine if the conclusion logically follows from the premises, we need to analyze each premise and the conclusion.

Premise 1: forall x (HaveRating(hamdenPlazaSubway, x) AND GreaterThan(x, 4) XOR PopularAmong(hamdenPlazaSubway, localResidents))

This premise states that either Hamden Plaza Subway has a high rating (greater than 4) or it's popular among local residents.

Premise 2: exists x exists y (NOT Provide(x, takeOutService) -> NegativeReview(y) AND Receive(x, y))

This premise implies that if a location does not provide take-out service, then there is a negative review and that review was received by that location.

Premise 3: forall x forall y (PopularAmong(x, localResidents) -> HaveRating(x, y) AND GreaterThan(y, 4))

This premise states that if a location is popular among local residents, then it has a high rating (greater than 4).

Premise 4: forall x forall y (HaveRating(x, y) AND GreaterThan(y, 4) -> ListedIn(x, yelpRecommendation))

This premise implies that if a location has a high rating, it will be listed in Yelp recommendations.

Premise 5: NOT (forall x exists y (ListedIn(x, yelpRecommendation) -> NegativeReview(y) AND NOT Receive(x, y)))

This premise is actually logically equivalent to Premise 6, which is:

Premise 6: forall x exists y (ListedIn(x, yelpRecommendation) -> NegativeReview(y) AND NOT Receive(x, y))

This premise implies that if a location is listed in Yelp recommendations, then there is a negative review and that review was not received by that location.

Conclusion: exists x (Provide(hamdenPlazaSubway, takeOutService) OR (NegativeReview(x) AND NOT Receive(hamdenPlazaSubway, x)))

The conclusion states that there exists a location (or a person) that either provides take-out service or has a negative review and did not receive a review from Hamden Plaza Subway.

To determine if the conclusion logically follows from the premises, we need to analyze the implications of each premise.

From Premise 1, we know that Hamden Plaza Subway is either popular among local residents or has a high rating.

If Hamden Plaza Subway is popular among local residents, then from Premise 3, it has a high rating (greater than 4). From Premise 4, if it has a high rating, then it will be listed in Yelp recommendations. However, from Premise 6, if it is listed in Yelp recommendations, then there is a negative review and that review was not received by Hamden Plaza Subway. This implies that there exists a negative review x such that NOT Receive(hamdenPlazaSubway, x).

On the other hand, if Hamden Plaza Subway does not have a high rating, then from Premise 1, it must be popular among local residents. From Premise 3, it has a high rating, which is a contradiction.

Therefore, if Hamden Plaza Subway is popular among local residents, then there exists a negative review x such that NOT Receive(hamdenPlazaSubway, x).

Now, let's consider the case where Hamden Plaza Subway does not provide take-out service. From Premise 2, if it does not provide take-out service, then there is a negative review y and Receive(hamdenPlazaSubway, y). However, from Premise 6, if it is listed in Yelp recommendations, then there is a negative review y such that NOT Receive(hamdenPlazaSubway, y), which is a contradiction. Therefore, Hamden Plaza Subway must provide take-out service.

However, we can't conclude that there exists a location that provides take-out service. We can only conclude that Hamden Plaza Subway provides take-out service.

Now, let's consider the case where Hamden Plaza Subway provides take-out service. From Premise 2, if it provides take-out service, then there is no negative review y such that Receive(hamdenPlazaSubway, y). However, from Premise 6, if it is listed in Yelp recommendations, then there is a negative review y such that NOT Receive(hamdenPlazaSubway, y), which is not a contradiction.

However, we can't conclude that there exists a negative review x such that NOT Receive(hamdenPlazaSubway, x). We can only conclude that there exists a location that provides take-out service and has a negative review x such that NOT Receive(hamdenPlazaSubway, x).

Therefore, the conclusion does not logically follow from the premises.

\boxed{False}
