ID: 88
TASK: irrelevant
LABEL EXTRAIDO: True
TOKENS_GERADOS: 365
TOKENS_POR_SEGUNDO: 10.25
TRUNCADO: False
======================================================================
PROMPT ENVIADO (texto completo apos apply_chat_template):
----------------------------------------------------------------------
<|begin_of_text|><|start_header_id|>system<|end_header_id|>

Cutting Knowledge Date: December 2023
Today Date: 26 Jul 2024

<|eot_id|><|start_header_id|>user<|end_header_id|>

You are a logic expert.

Given the following premises and a conclusion, determine whether the conclusion logically follows from the premises.

Premises:
- forall x (Book(x) -> Contains(x, knowledge))
- Metal(Gold).
- forall x forall y (ReadBook(x, y) -> Gains(x, knowledge))
- ReadBook(harry, walden) AND Book(walden)
- forall x (Gains(x, knowledge) -> Smarter(x))

Conclusion:
Smarter(harry)

Put your final answer within \boxed{True}, \boxed{False}, or \boxed{Uncertain}.<|eot_id|><|start_header_id|>assistant<|end_header_id|>


======================================================================
RESPOSTA DO MODELO:
----------------------------------------------------------------------
To determine if the conclusion logically follows from the premises, let's break down the given information step by step.

1. The first premise states that for all x, if x is a book, then x contains knowledge. 
   - This can be represented as: ∀x (Book(x) → Contains(x, knowledge))

2. The second premise states that metal is gold. 
   - This can be represented as: Metal(Gold)

   However, this premise is irrelevant to the conclusion and the other premises, as it doesn't mention anything about a person named Harry or the process of gaining knowledge through reading a book.

3. The third premise states that for all x and y, if x reads y, then x gains knowledge. 
   - This can be represented as: ∀x ∀y (ReadBook(x, y) → Gains(x, knowledge))

4. The fourth premise states that Harry reads Walden and Walden is a book. 
   - This can be represented as: ReadBook(harry, walden) ∧ Book(walden)

5. The fifth premise states that for all x, if x gains knowledge, then x is smarter. 
   - This can be represented as: ∀x (Gains(x, knowledge) → Smarter(x))

Now, let's connect the relevant premises to the conclusion:

- From premise 4, we know Harry reads Walden and Walden is a book.
- From premise 3, we can infer that since Harry reads Walden, he gains knowledge (Gains(harry, knowledge)).
- From premise 5, we can infer that since Harry gains knowledge, he is smarter (Smarter(harry)).

Therefore, the conclusion logically follows from the premises. The answer is:

\boxed{True}
