ID: 84
TASK: complex
LABEL EXTRAIDO: Uncertain
TOKENS_GERADOS: 596
TOKENS_POR_SEGUNDO: 10.08
TRUNCADO: False
======================================================================
PROMPT ENVIADO (texto completo apos apply_chat_template):
----------------------------------------------------------------------
<|begin_of_text|><|start_header_id|>system<|end_header_id|>

Cutting Knowledge Date: December 2023
Today Date: 26 Jul 2024

<|eot_id|><|start_header_id|>user<|end_header_id|>

You are a logic expert.

Given the following premises and a conclusion, determine whether the conclusion logically follows from the premises.

Premises:
- forall x forall y (HaveRating(x, y) AND GreaterThan(y, 4) -> ListedIn(x, yelpRecommendation))
- forall x exists y (ListedIn(x, yelpRecommendation) -> NegativeReview(y) AND NOT Receive(x, y))
- forall x exists y (ListedIn(x, yelpRecommendation) -> NegativeReview(y) AND NOT Receive(x, y))
- forall x forall y (PopularAmong(x, localResidents) -> HaveRating(x, y) AND GreaterThan(y, 4))
- exists x exists y (NOT Provide(x, takeOutService) -> NegativeReview(y) AND Receive(x, y))
- forall x forall y (HaveRating(x, y) AND GreaterThan(y, 4) -> ListedIn(x, yelpRecommendation))
- forall x (HaveRating(hamdenPlazaSubway, x) AND GreaterThan(x, 4) XOR PopularAmong(hamdenPlazaSubway, localResidents))

Conclusion:
exists x (Provide(hamdenPlazaSubway, takeOutService) OR (NegativeReview(x) AND NOT Receive(hamdenPlazaSubway, x)))

Put your final answer within \boxed{True}, \boxed{False}, or \boxed{Uncertain}.<|eot_id|><|start_header_id|>assistant<|end_header_id|>


======================================================================
RESPOSTA DO MODELO:
----------------------------------------------------------------------
To determine if the conclusion logically follows from the premises, let's analyze the given statements.

1.  The first premise states that if a business x has a rating y and y is greater than 4, then it is listed in yelpRecommendation. This implies that a business with a rating above 4 is listed in yelpRecommendation.

2.  The second premise states that if a business x is listed in yelpRecommendation, then there exists a review y that is negative and x did not receive y. However, there seems to be a duplicate premise. We will ignore the duplicate.

3.  The third premise is a duplicate of the second premise, so we ignore it as well.

4.  The fourth premise states that if a business x is popular among local residents, then it has a rating y and y is greater than 4. This implies that a popular business has a rating above 4.

5.  The fifth premise states that if a business x does not provide takeOutService, then there exists a review y that is negative and x receives y. However, this premise is irrelevant to the conclusion.

6.  The sixth premise is a duplicate of the first premise, so we ignore it.

7.  The seventh premise states that hamdenPlazaSubway either has a rating above 4 or is popular among local residents.

Now, let's break down the conclusion into two parts:

-   Part 1: Provide(hamdenPlazaSubway, takeOutService)
-   Part 2: (NegativeReview(x) AND NOT Receive(hamdenPlazaSubway, x))

From premise 7, we know that hamdenPlazaSubway either has a rating above 4 or is popular among local residents. If it has a rating above 4, then it is listed in yelpRecommendation (premise 1), which implies that there exists a review y that is negative and hamdenPlazaSubway did not receive y (premise 2). This supports part 2 of the conclusion.

If hamdenPlazaSubway is popular among local residents, then it has a rating above 4 (premise 4), which again implies that it is listed in yelpRecommendation (premise 1), and there exists a review y that is negative and hamdenPlazaSubway did not receive y (premise 2). This also supports part 2 of the conclusion.

Therefore, part 2 of the conclusion logically follows from the premises.

However, we cannot determine the truth of part 1 of the conclusion (Provide(hamdenPlazaSubway, takeOutService)) based on the premises.

Since part 2 of the conclusion logically follows from the premises, but part 1 does not, we cannot conclude that the entire conclusion logically follows from the premises. Therefore, the answer is \boxed{Uncertain}.
