ID: 88
TASK: complex
LABEL EXTRAIDO: True
TOKENS_GERADOS: 320
TOKENS_POR_SEGUNDO: 10.22
TRUNCADO: False
======================================================================
PROMPT ENVIADO (texto completo apos apply_chat_template):
----------------------------------------------------------------------
<|begin_of_text|><|start_header_id|>system<|end_header_id|>

Cutting Knowledge Date: December 2023
Today Date: 26 Jul 2024

<|eot_id|><|start_header_id|>user<|end_header_id|>

You are a logic expert.

Given the following premises and a conclusion, determine whether the conclusion logically follows from the premises.

Premises:
- forall x (Gains(x, knowledge) -> Smarter(x))
- forall x forall y (ReadBook(x, y) -> Gains(x, knowledge))
- forall x (Gains(x, knowledge) -> Smarter(x))
- forall x forall y (ReadBook(x, y) -> Gains(x, knowledge))
- ReadBook(harry, walden) AND Book(walden)
- forall x (Book(x) -> Contains(x, knowledge))

Conclusion:
Smarter(harry)

Put your final answer within \boxed{True}, \boxed{False}, or \boxed{Uncertain}.<|eot_id|><|start_header_id|>assistant<|end_header_id|>


======================================================================
RESPOSTA DO MODELO:
----------------------------------------------------------------------
To determine if the conclusion logically follows from the premises, we need to analyze the given statements.

Premises:
1. forall x (Gains(x, knowledge) -> Smarter(x))
2. forall x forall y (ReadBook(x, y) -> Gains(x, knowledge))
3. forall x (Gains(x, knowledge) -> Smarter(x)) (Duplicate of premise 1, can be ignored)
4. forall x forall y (ReadBook(x, y) -> Gains(x, knowledge)) (Duplicate of premise 2, can be ignored)
5. ReadBook(harry, walden)
6. Book(walden)
7. forall x (Book(x) -> Contains(x, knowledge))

Conclusion: Smarter(harry)

We can break down the given statements as follows:

From premise 5, we know that Harry read the book 'walden'. 
From premise 6, we know that 'walden' is a book.
From premise 7, we know that any book contains knowledge.
Therefore, 'walden' contains knowledge.

From premise 2, we know that reading a book implies gaining knowledge. 
So, reading 'walden' implies gaining knowledge.
From premise 5, we know that Harry read 'walden', so Harry gained knowledge.

Now, from premise 1, we know that gaining knowledge implies being smarter.
So, Harry gained knowledge, therefore Harry is smarter.

Therefore, the conclusion Smarter(harry) logically follows from the premises. 

The final answer is: \boxed{True}
