ID: 88
TASK: contradiction
LABEL EXTRAIDO: True
TOKENS_GERADOS: 358
TOKENS_POR_SEGUNDO: 10.23
TRUNCADO: False
======================================================================
PROMPT ENVIADO (texto completo apos apply_chat_template):
----------------------------------------------------------------------
<|begin_of_text|><|start_header_id|>system<|end_header_id|>

Cutting Knowledge Date: December 2023
Today Date: 26 Jul 2024

<|eot_id|><|start_header_id|>user<|end_header_id|>

You are a logic expert.

Given the following premises and a conclusion, determine whether the conclusion logically follows from the premises.

Premises:
- forall x (Book(x) -> Contains(x, knowledge))
- NOT (ReadBook(harry, walden) AND Book(walden))
- forall x (Gains(x, knowledge) -> Smarter(x))
- ReadBook(harry, walden) AND Book(walden)
- forall x forall y (ReadBook(x, y) -> Gains(x, knowledge))

Conclusion:
Smarter(harry)

Put your final answer within \boxed{True}, \boxed{False}, or \boxed{Uncertain}.<|eot_id|><|start_header_id|>assistant<|end_header_id|>


======================================================================
RESPOSTA DO MODELO:
----------------------------------------------------------------------
To determine if the conclusion logically follows from the premises, let's analyze each premise:

1. forall x (Book(x) -> Contains(x, knowledge)): This premise states that for all x, if x is a book, then it contains knowledge.

2. NOT (ReadBook(harry, walden) AND Book(walden)): This premise states that Harry did not read Walden and Walden is not a book. However, the second part of this premise is actually false, as we have a premise (ReadBook(harry, walden) AND Book(walden)) that contradicts the first part of this premise.

3. forall x (Gains(x, knowledge) -> Smarter(x)): This premise states that for all x, if x gains knowledge, then x becomes smarter.

4. ReadBook(harry, walden) AND Book(walden): This premise states that Harry read Walden and Walden is a book.

5. forall x forall y (ReadBook(x, y) -> Gains(x, knowledge)): This premise states that for all x and y, if x reads y, then x gains knowledge.

Since the second premise is false, we should ignore it as it contradicts other premises. Now let's analyze the given premises:

From premise 4, we know Harry read Walden, which is a book (from premise 1). From premise 5, we know that reading a book results in gaining knowledge. Therefore, from premise 3, we can conclude that Harry gains knowledge.

Since Harry gained knowledge (from the analysis above), we can conclude that Harry is smarter (from premise 3).

Therefore, the conclusion logically follows from the premises, and the answer is \boxed{True}.
