ID: 88
TASK: shuffled
LABEL EXTRAIDO: True
TOKENS_GERADOS: 370
TOKENS_POR_SEGUNDO: 10.39
TRUNCADO: False
======================================================================
PROMPT ENVIADO (texto completo apos apply_chat_template):
----------------------------------------------------------------------
<|begin_of_text|><|start_header_id|>system<|end_header_id|>

Cutting Knowledge Date: December 2023
Today Date: 26 Jul 2024

<|eot_id|><|start_header_id|>user<|end_header_id|>

You are a logic expert.

Given the following premises and a conclusion, determine whether the conclusion logically follows from the premises.

Premises:
- forall x (Book(x) -> Contains(x, knowledge))
- forall x (Gains(x, knowledge) -> Smarter(x))
- forall x forall y (ReadBook(x, y) -> Gains(x, knowledge))
- ReadBook(harry, walden) AND Book(walden)

Conclusion:
Smarter(harry)

Put your final answer within \boxed{True}, \boxed{False}, or \boxed{Uncertain}.<|eot_id|><|start_header_id|>assistant<|end_header_id|>


======================================================================
RESPOSTA DO MODELO:
----------------------------------------------------------------------
assistant

To determine if the conclusion logically follows from the premises, we can use a series of logical deductions.

Given the premises:

1. forall x (Book(x) -> Contains(x, knowledge))
2. forall x (Gains(x, knowledge) -> Smarter(x))
3. forall x forall y (ReadBook(x, y) -> Gains(x, knowledge))
4. ReadBook(harry, walden) AND Book(walden)

First, we can use the 4th premise to deduce:

- Since ReadBook(harry, walden), we can substitute y with walden in the 3rd premise.
- This gives us Gains(harry, knowledge).

Next, we can use the 2nd premise to deduce:
- Since Gains(harry, knowledge), we can conclude that Smarter(harry).

Therefore, the conclusion logically follows from the premises.

\boxed{True}
