ID: 84
TASK: irrelevant
LABEL EXTRAIDO: Uncertain
TOKENS_GERADOS: 898
TOKENS_POR_SEGUNDO: 10.11
TRUNCADO: False
======================================================================
PROMPT ENVIADO (texto completo apos apply_chat_template):
----------------------------------------------------------------------
<|begin_of_text|><|start_header_id|>system<|end_header_id|>

Cutting Knowledge Date: December 2023
Today Date: 26 Jul 2024

<|eot_id|><|start_header_id|>user<|end_header_id|>

You are a logic expert.

Given the following premises and a conclusion, determine whether the conclusion logically follows from the premises.

Premises:
- forall x forall y (PopularAmong(x, localResidents) -> HaveRating(x, y) AND GreaterThan(y, 4))
- exists x exists y (NOT Provide(x, takeOutService) -> NegativeReview(y) AND Receive(x, y))
- forall x (HaveRating(hamdenPlazaSubway, x) AND GreaterThan(x, 4) XOR PopularAmong(hamdenPlazaSubway, localResidents))
- In(Paris, France).
- forall x forall y (HaveRating(x, y) AND GreaterThan(y, 4) -> ListedIn(x, yelpRecommendation))
- forall x exists y (ListedIn(x, yelpRecommendation) -> NegativeReview(y) AND NOT Receive(x, y))

Conclusion:
exists x (Provide(hamdenPlazaSubway, takeOutService) OR (NegativeReview(x) AND NOT Receive(hamdenPlazaSubway, x)))

Put your final answer within \boxed{True}, \boxed{False}, or \boxed{Uncertain}.<|eot_id|><|start_header_id|>assistant<|end_header_id|>


======================================================================
RESPOSTA DO MODELO:
----------------------------------------------------------------------
To determine if the conclusion logically follows from the premises, we will analyze the premises and the conclusion step by step.

1. The first premise states that if something is popular among local residents, then it has a rating greater than 4. This does not directly relate to the conclusion, but it sets a condition for a restaurant's rating.

2. The second premise states that if a restaurant does not provide take-out service, then there exists a negative review and the restaurant receives that review. This premise does not directly relate to the conclusion either.

3. The third premise states that Hamden Plaza Subway either has a high rating (greater than 4) or is popular among local residents. This premise is crucial as it directly relates to the conclusion.

4. The fourth premise states that Paris is in France, but this does not provide any relevant information to the conclusion.

5. The fifth premise states that if a restaurant has a high rating (greater than 4), then it is listed in Yelp's recommendations. This premise is also crucial as it relates to the conclusion.

6. The sixth premise states that if a restaurant is listed in Yelp's recommendations, then there exists a negative review and the restaurant does not receive that review. This premise is also crucial as it relates to the conclusion.

Now, let's analyze the conclusion:

The conclusion states that there exists a restaurant x such that either it provides take-out service or there exists a negative review y and Hamden Plaza Subway does not receive that review.

From premise 3, we know that Hamden Plaza Subway either has a high rating (greater than 4) or is popular among local residents. If it has a high rating (greater than 4), then from premise 5, it is listed in Yelp's recommendations. From premise 6, if it is listed in Yelp's recommendations, then there exists a negative review y and Hamden Plaza Subway does not receive that review. This matches the second part of the conclusion.

However, we cannot directly conclude that Hamden Plaza Subway provides take-out service from the premises. The second part of the conclusion (NegativeReview(x) AND NOT Receive(hamdenPlazaSubway, x)) is supported by the premises, but the first part (Provide(hamdenPlazaSubway, takeOutService)) is not supported by the premises.

Therefore, the conclusion is partially supported by the premises, but the first part of the conclusion does not follow logically from the premises.

So, the answer is \boxed{Uncertain} because the first part of the conclusion does not follow logically from the premises, but the second part does.
