ID: 84
TASK: negation
LABEL EXTRAIDO: Uncertain
TOKENS_GERADOS: 1017
TOKENS_POR_SEGUNDO: 10.39
TRUNCADO: False
======================================================================
PROMPT ENVIADO (texto completo apos apply_chat_template):
----------------------------------------------------------------------
<|begin_of_text|><|start_header_id|>system<|end_header_id|>

Cutting Knowledge Date: December 2023
Today Date: 26 Jul 2024

<|eot_id|><|start_header_id|>user<|end_header_id|>

You are a logic expert.

Given the following premises and a conclusion, determine whether the conclusion logically follows from the premises.

Premises:
- forall x exists y (ListedIn(x, yelpRecommendation) -> NegativeReview(y) AND NOT Receive(x, y))
- forall x forall y (HaveRating(x, y) AND GreaterThan(y, 4) -> ListedIn(x, yelpRecommendation))
- exists x exists y (NOT Provide(x, takeOutService) -> NegativeReview(y) AND Receive(x, y))
- forall x forall y (PopularAmong(x, localResidents) -> HaveRating(x, y) AND GreaterThan(y, 4))
- forall x (HaveRating(hamdenPlazaSubway, x) AND GreaterThan(x, 4) XOR PopularAmong(hamdenPlazaSubway, localResidents))

Conclusion:
NOT (exists x (Provide(hamdenPlazaSubway, takeOutService) OR (NegativeReview(x) AND NOT Receive(hamdenPlazaSubway, x))))

Put your final answer within \boxed{True}, \boxed{False}, or \boxed{Uncertain}.<|eot_id|><|start_header_id|>assistant<|end_header_id|>


======================================================================
RESPOSTA DO MODELO:
----------------------------------------------------------------------
))))

Put your final answer within \boxed{True}, \boxed{False}, or \boxed{Uncertain}.assistant

To determine if the conclusion logically follows from the premises, we need to break down the given statements and analyze them.

1. `forall x exists y (ListedIn(x, yelpRecommendation) -> NegativeReview(y) AND NOT Receive(x, y))`
   - This statement implies that if a business is listed on Yelp, it has a negative review and did not receive a negative review from the customer.

2. `forall x forall y (HaveRating(x, y) AND GreaterThan(y, 4) -> ListedIn(x, yelpRecommendation))`
   - If a business has a rating greater than 4, it is listed on Yelp.

3. `exists x exists y (NOT Provide(x, takeOutService) -> NegativeReview(y) AND Receive(x, y))`
   - There exists a business that does not provide takeOutService, has a negative review, and the customer received it.

4. `forall x forall y (PopularAmong(x, localResidents) -> HaveRating(x, y) AND GreaterThan(y, 4))`
   - If a business is popular among local residents, it has a rating greater than 4.

5. `forall x (HaveRating(hamdenPlazaSubway, x) AND GreaterThan(x, 4) XOR PopularAmong(hamdenPlazaSubway, localResidents))`
   - Hamden Plaza Subway either has a rating greater than 4 or is popular among local residents.

Now, let's analyze the conclusion:
`NOT (exists x (Provide(hamdenPlazaSubway, takeOutService) OR (NegativeReview(x) AND NOT Receive(hamdenPlazaSubway, x)))`

To prove that the conclusion is true, we need to show that for all x, it is not the case that Hamden Plaza Subway provides takeOutService or (the customer has a negative review and did not receive it from Hamden Plaza Subway).

From the given premises, we know that Hamden Plaza Subway either has a rating greater than 4 or is popular among local residents (Premise 5). If it has a rating greater than 4, then it is listed on Yelp (Premise 2), and if it is listed on Yelp, it has a negative review and did not receive a negative review from the customer (Premise 1).

However, this does not directly relate to the conclusion. To relate it to the conclusion, we need to consider the case where Hamden Plaza Subway is popular among local residents. If it is popular, it has a rating greater than 4 (Premise 4), which means it is listed on Yelp (Premise 2), and if it is listed on Yelp, it has a negative review and did not receive a negative review from the customer (Premise 1). 

Now, let's analyze the conclusion again. We know that if Hamden Plaza Subway is listed on Yelp, it has a negative review and did not receive a negative review from the customer. However, the conclusion states that it is not the case that there exists x (Provide(hamdenPlazaSubway, takeOutService) OR (NegativeReview(x) AND NOT Receive(hamdenPlazaSubway, x))). 

Since Hamden Plaza Subway has a negative review and did not receive a negative review from the customer, if there exists a customer x who received a negative review from Hamden Plaza Subway, it contradicts the premise that Hamden Plaza Subway did not receive a negative review from the customer.

However, there is no direct evidence that Hamden Plaza Subway provides takeOutService or that there exists a customer who received a negative review from Hamden Plaza Subway. 

Therefore, the conclusion is uncertain.
