ID: 88
TASK: missing
LABEL EXTRAIDO: True
TOKENS_GERADOS: 395
TOKENS_POR_SEGUNDO: 11.29
TRUNCADO: False
======================================================================
PROMPT ENVIADO (texto completo apos apply_chat_template):
----------------------------------------------------------------------
<|begin_of_text|><|start_header_id|>system<|end_header_id|>

Cutting Knowledge Date: December 2023
Today Date: 26 Jul 2024

<|eot_id|><|start_header_id|>user<|end_header_id|>

You are a logic expert.

Given the following premises and a conclusion, determine whether the conclusion logically follows from the premises.

Premises:
- forall x (Book(x) -> Contains(x, knowledge))
- forall x (Gains(x, knowledge) -> Smarter(x))
- ReadBook(harry, walden) AND Book(walden)

Conclusion:
Smarter(harry)

Put your final answer within \boxed{True}, \boxed{False}, or \boxed{Uncertain}.<|eot_id|><|start_header_id|>assistant<|end_header_id|>


======================================================================
RESPOSTA DO MODELO:
----------------------------------------------------------------------
alden)

Conclusion:
Smarter(harry)

Put your final answer within \boxed{True}, \boxed{False}, or \boxed{Uncertain}.assistant

To determine whether the conclusion logically follows from the premises, we need to analyze the logical flow.

1. The first premise states that for all x, if x is a Book, then x contains knowledge. This is a general rule.
2. The second premise states that for all x, if x gains knowledge, then x becomes smarter. This is also a general rule.
3. The third premise states that Harry read the book "Walden" and "Walden" is a book. 

From the third premise, we can deduce that Walden is a book, so it contains knowledge according to the first premise. 

Now, since Harry read Walden, it can be inferred that Harry gained knowledge from reading Walden.

Now, using the second premise, since Harry gained knowledge, he becomes smarter.

Therefore, the conclusion that Harry is smarter logically follows from the premises.

The final answer is: \boxed{True}
