ID: 81
TASK: shuffled
LABEL EXTRAIDO: True
TOKENS_GERADOS: 874
TOKENS_POR_SEGUNDO: 10.18
TRUNCADO: False
======================================================================
PROMPT ENVIADO (texto completo apos apply_chat_template):
----------------------------------------------------------------------
<|begin_of_text|><|start_header_id|>system<|end_header_id|>

Cutting Knowledge Date: December 2023
Today Date: 26 Jul 2024

<|eot_id|><|start_header_id|>user<|end_header_id|>

You are a logic expert.

Given the following premises and a conclusion, determine whether the conclusion logically follows from the premises.

Premises:
- forall x (Product(x) AND From(x, bakedByMelissa) -> Cupcake(x))
- forall x (Cupcake(x) -> BakedSweet(x))
- Spicy(driedThaiChili) OR MalaHotpot(driedThaiChili) OR NOT BakedSweet(driedThaiChili)
- forall x (MalaHotpot(x) -> Spicy(x))
- forall x (BakedSweet(x) -> NOT Spicy(x))

Conclusion:
NOT (Product(driedThaiChili) AND From(driedThaiChili, bakedByMelissa)) AND NOT BakedSweet(driedThaiChili)

Put your final answer within \boxed{True}, \boxed{False}, or \boxed{Uncertain}.<|eot_id|><|start_header_id|>assistant<|end_header_id|>


======================================================================
RESPOSTA DO MODELO:
----------------------------------------------------------------------
ertain}.assistant

To determine whether the conclusion logically follows from the premises, we will analyze the given statements.

From the premises:

1. forall x (Product(x) AND From(x, bakedByMelissa) -> Cupcake(x))
2. forall x (Cupcake(x) -> BakedSweet(x))
3. Spicy(driedThaiChili) OR MalaHotpot(driedThaiChili) OR NOT BakedSweet(driedThaiChili)
4. forall x (MalaHotpot(x) -> Spicy(x))
5. forall x (BakedSweet(x) -> NOT Spicy(x))

The conclusion is: NOT (Product(driedThaiChili) AND From(driedThaiChili, bakedByMelissa)) AND NOT BakedSweet(driedThaiChili)

We need to evaluate the truth of the conclusion based on the premises.

First, let's examine the first premise: 
forall x (Product(x) AND From(x, bakedByMelissa) -> Cupcake(x))

If we assume Product(driedThaiChili) AND From(driedThaiChili, bakedByMelissa), then we can conclude Cupcake(driedThaiChili) from the first premise.

Now, let's examine the second premise:
forall x (Cupcake(x) -> BakedSweet(x))

If Cupcake(driedThaiChili) is true, then BakedSweet(driedThaiChili) must be true from the second premise.

Now, let's examine the third premise:
Spicy(driedThaiChili) OR MalaHotpot(driedThaiChili) OR NOT BakedSweet(driedThaiChili)

We know BakedSweet(driedThaiChili) is true from the previous step. Therefore, NOT BakedSweet(driedThaiChili) must be false.

Now, we know that BakedSweet(driedThaiChili) is true and NOT BakedSweet(driedThaiChili) is false, so the third premise is satisfied.

However, we also know that BakedSweet(driedThaiChili) is true, which means Spicy(driedThaiChili) must be false from the fifth premise.

Let's examine the fourth premise:
forall x (MalaHotpot(x) -> Spicy(x))

If MalaHotpot(driedThaiChili) is true, then Spicy(driedThaiChili) must be true from the fourth premise. However, we know Spicy(driedThaiChili) is false. Therefore, MalaHotpot(driedThaiChili) must be false.

Since MalaHotpot(driedThaiChili) is false, the third premise reduces to Spicy(driedThaiChili) OR NOT BakedSweet(driedThaiChili), and since Spicy(driedThaiChili) is false, NOT BakedSweet(driedThaiChili) must be true.

Now, let's examine the conclusion:
NOT (Product(driedThaiChili) AND From(driedThaiChili, bakedByMelissa)) AND NOT BakedSweet(driedThaiChili)

We have already established that NOT BakedSweet(driedThaiChili) is true.

To determine whether Product(driedThaiChili) AND From(driedThaiChili, bakedByMelissa) is true or false, we must examine the first premise:
forall x (Product(x) AND From(x, bakedByMelissa) -> Cupcake(x))

If Product(driedThaiChili) AND From(driedThaiChili, bakedByMelissa) is true, then Cupcake(driedThaiChili) must be true. However, this would imply BakedSweet(driedThaiChili) is true, which contradicts our previous finding that NOT BakedSweet(driedThaiChili) is true.

Therefore, Product(driedThaiChili) AND From(driedThaiChili, bakedByMelissa) must be false.

Since both parts of the conclusion are true (NOT BakedSweet(driedThaiChili) and NOT (Product(driedThaiChili) AND From(driedThaiChili, bakedByMelissa))), the conclusion logically follows from the premises.

The final answer is: \boxed{True}
