ID: 88
TASK: nl
LABEL EXTRAIDO: True
TOKENS_GERADOS: 368
TOKENS_POR_SEGUNDO: 11.76
TRUNCADO: False
======================================================================
PROMPT ENVIADO (texto completo apos apply_chat_template):
----------------------------------------------------------------------
<|begin_of_text|><|start_header_id|>system<|end_header_id|>

Cutting Knowledge Date: December 2023
Today Date: 26 Jul 2024

<|eot_id|><|start_header_id|>user<|end_header_id|>

You are a logic expert.

Given the following premises and a conclusion, determine whether the conclusion logically follows from the premises.

Premises:
- Books contain tons of knowledge.
- When a person reads a book, that person gains knowledge. 
- If a person gains knowledge, they become smarter.
- Harry read the book “Walden” by Henry Thoreau.

Conclusion:
Harry is smarter than before.

Put your final answer within \boxed{True}, \boxed{False}, or \boxed{Uncertain}.<|eot_id|><|start_header_id|>assistant<|end_header_id|>


======================================================================
RESPOSTA DO MODELO:
----------------------------------------------------------------------
 the book “Walden” by Henry Thoreau.

Conclusion:
Harry is smarter than before.

Put your final answer within \boxed{True}, \boxed{False}, or \boxed{Uncertain}.assistant

Based on the given premises, the conclusion logically follows.

Premise 1: Books contain tons of knowledge.
Premise 2: When a person reads a book, that person gains knowledge.
Premise 3: If a person gains knowledge, they become smarter.
Premise 4: Harry read the book “Walden” by Henry Thoreau.

From Premise 4, we know that Harry read a book. From Premise 1, we know that books contain knowledge. Therefore, from Premise 2, we can conclude that Harry gained knowledge.

From Premise 3, we know that gaining knowledge leads to becoming smarter. Since Harry gained knowledge, it logically follows that Harry became smarter.

Therefore, the conclusion logically follows from the premises: \boxed{True}.
