ID: 81
TASK: original
LABEL EXTRAIDO: Uncertain
TOKENS_GERADOS: 698
TOKENS_POR_SEGUNDO: 10.68
TRUNCADO: False
======================================================================
PROMPT ENVIADO (texto completo apos apply_chat_template):
----------------------------------------------------------------------
<|begin_of_text|><|start_header_id|>system<|end_header_id|>

Cutting Knowledge Date: December 2023
Today Date: 26 Jul 2024

<|eot_id|><|start_header_id|>user<|end_header_id|>

You are a logic expert.

Given the following premises and a conclusion, determine whether the conclusion logically follows from the premises.

Premises:
- forall x (BakedSweet(x) -> NOT Spicy(x))
- forall x (Cupcake(x) -> BakedSweet(x))
- forall x (MalaHotpot(x) -> Spicy(x))
- forall x (Product(x) AND From(x, bakedByMelissa) -> Cupcake(x))
- Spicy(driedThaiChili) OR MalaHotpot(driedThaiChili) OR NOT BakedSweet(driedThaiChili)

Conclusion:
NOT (Product(driedThaiChili) AND From(driedThaiChili, bakedByMelissa)) AND NOT BakedSweet(driedThaiChili)

Put your final answer within \boxed{True}, \boxed{False}, or \boxed{Uncertain}.<|eot_id|><|start_header_id|>assistant<|end_header_id|>


======================================================================
RESPOSTA DO MODELO:
----------------------------------------------------------------------
 BakedSweet(driedThaiChili)

Put your final answer within \boxed{True}, \boxed{False}, or \boxed{Uncertain}.assistant

To determine if the conclusion logically follows from the premises, let's analyze the given information step by step.

1. From the first premise, we know that if something is BakedSweet, then it is not Spicy.
2. The second premise states that if something is a Cupcake, then it is BakedSweet.
3. The third premise tells us that if something is a MalaHotpot, then it is Spicy.
4. The fourth premise indicates that if something is a Product of Melissa's baking and it is From her, then it is a Cupcake.

Now, let's examine the conclusion: NOT (Product(driedThaiChili) AND From(driedThaiChili, bakedByMelissa)) AND NOT BakedSweet(driedThaiChili)

We need to determine if this conclusion logically follows from the given premises.

From the premises, we can deduce the following:

- If driedThaiChili is a Product of Melissa's baking, then it is a Cupcake (by the fourth premise).
- If driedThaiChili is a Cupcake, then it is BakedSweet (by the second premise).
- If driedThaiChili is BakedSweet, then it is not Spicy (by the first premise).

Given the last premise, we know that driedThaiChili is either Spicy, a MalaHotpot, or not BakedSweet.

If driedThaiChili is Spicy, then it cannot be a Cupcake (because if it were, it would be BakedSweet by the second premise, and then not Spicy by the first premise, which is a contradiction).

If driedThaiChili is a MalaHotpot, then it is Spicy (by the third premise), which again leads to a contradiction with the first premise if it were a Cupcake.

So, if driedThaiChili is either Spicy or a MalaHotpot, it cannot be a Cupcake, and hence it cannot be a Product of Melissa's baking.

From the last premise, we also know that driedThaiChili is either Spicy, a MalaHotpot, or not BakedSweet. Therefore, if it is not BakedSweet, then the conclusion is true because the first part of the conclusion, NOT (Product(driedThaiChili) AND From(driedThaiChili, bakedByMelissa)), is true.

However, we can conclude that if driedThaiChili is not BakedSweet, then the conclusion is true.

But we cannot conclude that driedThaiChili is not BakedSweet from the premises. In fact, we can conclude the opposite: if driedThaiChili is a Cupcake, then it is BakedSweet.

However, we can also deduce that if driedThaiChili is a Cupcake, then the conclusion is false because the first part of the conclusion, NOT (Product(driedThaiChili) AND From(driedThaiChili, bakedByMelissa)), is false.

Since we cannot conclude that driedThaiChili is not BakedSweet and we cannot conclude that it is a Cupcake, we cannot conclude that the conclusion is true or false for all cases.

Therefore, the answer is \boxed{Uncertain}.
