ID: 81
TASK: negation
LABEL EXTRAIDO: True
TOKENS_GERADOS: 833
TOKENS_POR_SEGUNDO: 10.32
TRUNCADO: False
======================================================================
PROMPT ENVIADO (texto completo apos apply_chat_template):
----------------------------------------------------------------------
<|begin_of_text|><|start_header_id|>system<|end_header_id|>

Cutting Knowledge Date: December 2023
Today Date: 26 Jul 2024

<|eot_id|><|start_header_id|>user<|end_header_id|>

You are a logic expert.

Given the following premises and a conclusion, determine whether the conclusion logically follows from the premises.

Premises:
- forall x (BakedSweet(x) -> NOT Spicy(x))
- forall x (Cupcake(x) -> BakedSweet(x))
- forall x (MalaHotpot(x) -> Spicy(x))
- forall x (Product(x) AND From(x, bakedByMelissa) -> Cupcake(x))
- Spicy(driedThaiChili) OR MalaHotpot(driedThaiChili) OR NOT BakedSweet(driedThaiChili)

Conclusion:
NOT (NOT (Product(driedThaiChili) AND From(driedThaiChili, bakedByMelissa)) AND NOT BakedSweet(driedThaiChili))

Put your final answer within \boxed{True}, \boxed{False}, or \boxed{Uncertain}.<|eot_id|><|start_header_id|>assistant<|end_header_id|>


======================================================================
RESPOSTA DO MODELO:
----------------------------------------------------------------------
boxed{True}, \boxed{False}, or \boxed{Uncertain}.assistant

To determine if the conclusion logically follows from the premises, let's break down the premises and the conclusion.

Premises:

1. BakedSweet(x) -> NOT Spicy(x)
2. Cupcake(x) -> BakedSweet(x)
3. MalaHotpot(x) -> Spicy(x)
4. Product(x) AND From(x, bakedByMelissa) -> Cupcake(x)
5. Spicy(driedThaiChili) OR MalaHotpot(driedThaiChili) OR NOT BakedSweet(driedThaiChili)

Conclusion:
NOT (Product(driedThaiChili) AND From(driedThaiChili, bakedByMelissa)) AND NOT BakedSweet(driedThaiChili)

First, we need to determine if driedThaiChili is a product baked by Melissa. We can use premise 4 to do this, but we need to know if driedThaiChili is a product. We can't directly determine this from the premises, so we'll come back to it.

Now let's examine the conclusion. It seems to be a negation of a conjunction. To negate a conjunction, we need to negate both parts. So the conclusion is equivalent to:

NOT (Product(driedThaiChili) AND From(driedThaiChili, bakedByMelissa)) = (NOT Product(driedThaiChili)) OR (NOT From(driedThaiChili, bakedByMelilla))
OR 
(NOT Product(driedThaiChili)) OR (NOT BakedSweet(driedThaiChili))

The second part of the conclusion is now simplified to the original second part of the conjunction in the conclusion.

To determine if the conclusion logically follows from the premises, we need to find a way to link the premises to the conclusion.

From premise 5, we know that either Spicy(driedThaiChili), MalaHotpot(driedThaiChili), or NOT BakedSweet(driedThaiChili) is true.

Now let's consider each case.

- If Spicy(driedThaiChili) is true, then from premise 1, we know NOT BakedSweet(driedThaiChili) is true. From premise 4, we know Product(driedThaiChili) AND From(driedThaiChili, bakedByMelissa) -> Cupcake(driedThaiChili), which is false because NOT BakedSweet(driedThaiChili) is true. So, Product(driedThaiChili) AND From(driedThaiChili, bakedByMelissa) must be false. Therefore, the conclusion is true.

- If MalaHotpot(driedThaiChili) is true, then from premise 3, we know Spicy(driedThaiChili) is true. We already know that Spicy(driedThaiChili) implies NOT BakedSweet(driedThaiChili) from premise 1. Therefore, we have the same result as the first case: Product(driedThaiChili) AND From(driedThaiChili, bakedByMelissa) is false, and the conclusion is true.

- If NOT BakedSweet(driedThaiChili) is true, we know from premise 4 that Product(driedThaiChili) AND From(driedThaiChili, bakedByMelissa) -> Cupcake(driedThaiChili) is false. So, Product(driedThaiChili) AND From(driedThaiChili, bakedByMelissa) must be false. Therefore, the conclusion is true.

In all cases, the conclusion logically follows from the premises. 

So, the answer is \boxed{True}.
