ID: 81
TASK: irrelevant
LABEL EXTRAIDO: True
TOKENS_GERADOS: 867
TOKENS_POR_SEGUNDO: 10.1
TRUNCADO: False
======================================================================
PROMPT ENVIADO (texto completo apos apply_chat_template):
----------------------------------------------------------------------
<|begin_of_text|><|start_header_id|>system<|end_header_id|>

Cutting Knowledge Date: December 2023
Today Date: 26 Jul 2024

<|eot_id|><|start_header_id|>user<|end_header_id|>

You are a logic expert.

Given the following premises and a conclusion, determine whether the conclusion logically follows from the premises.

Premises:
- forall x (Cupcake(x) -> BakedSweet(x))
- forall x (Product(x) AND From(x, bakedByMelissa) -> Cupcake(x))
- In(Paris, France).
- forall x (BakedSweet(x) -> NOT Spicy(x))
- Spicy(driedThaiChili) OR MalaHotpot(driedThaiChili) OR NOT BakedSweet(driedThaiChili)
- forall x (MalaHotpot(x) -> Spicy(x))

Conclusion:
NOT (Product(driedThaiChili) AND From(driedThaiChili, bakedByMelissa)) AND NOT BakedSweet(driedThaiChili)

Put your final answer within \boxed{True}, \boxed{False}, or \boxed{Uncertain}.<|eot_id|><|start_header_id|>assistant<|end_header_id|>


======================================================================
RESPOSTA DO MODELO:
----------------------------------------------------------------------
To determine whether the conclusion logically follows from the premises, we need to analyze the given information and the conclusion.

The conclusion states: NOT (Product(driedThaiChili) AND From(driedThaiChili, bakedByMelissa)) AND NOT BakedSweet(driedThaiChili)

Let's break it down step by step:

1. From premise 2, we know that forall x (Product(x) AND From(x, bakedByMelissa) -> Cupcake(x)). This means that if something is a product and was baked by Melissa, then it is a cupcake.

2. From premise 1, we know that forall x (Cupcake(x) -> BakedSweet(x)). This means that if something is a cupcake, then it is a baked sweet.

3. From premise 4, we know that forall x (BakedSweet(x) -> NOT Spicy(x)). This means that if something is a baked sweet, then it is not spicy.

4. From premise 5, we know that Spicy(driedThaiChili) OR MalaHotpot(driedThaiChili) OR NOT BakedSweet(driedThaiChili). 

   However, we also know that MalaHotpot(x) -> Spicy(x) (from premise 6). 
   Thus, if MalaHotpot(driedThaiChili), then Spicy(driedThaiChili) which would make the statement Spicy(driedThaiChili) OR MalaHotpot(driedThaiChili) OR NOT BakedSweet(driedThaiChili) redundant as it would result in a contradiction with premise 4.

   Therefore, we can conclude that NOT BakedSweet(driedThaiChili) because if it was a baked sweet, then it would not be spicy, but it is either spicy or MalaHotpot.

5. Since we've established that NOT BakedSweet(driedThaiChili), we can use premise 1 to infer that NOT Cupcake(driedThaiChili), because if it was a cupcake, then it would be a baked sweet.

6. From premise 2, we know that Product(x) AND From(x, bakedByMelissa) -> Cupcake(x). Therefore, if Product(driedThaiChili) AND From(driedThaiChili, bakedByMelissa), then Cupcake(driedThaiChili), which contradicts the fact that NOT Cupcake(driedThaiChili).

7. Therefore, we can conclude that NOT (Product(driedThaiChili) AND From(driedThaiChili, bakedByMelissa)), because if it was a product baked by Melissa, then it would be a cupcake, but it is not a cupcake.

The conclusion logically follows from the premises: \boxed{True}
