ID: 88
TASK: original
LABEL EXTRAIDO: True
TOKENS_GERADOS: 354
TOKENS_POR_SEGUNDO: 11.31
TRUNCADO: False
======================================================================
PROMPT ENVIADO (texto completo apos apply_chat_template):
----------------------------------------------------------------------
<|begin_of_text|><|start_header_id|>system<|end_header_id|>

Cutting Knowledge Date: December 2023
Today Date: 26 Jul 2024

<|eot_id|><|start_header_id|>user<|end_header_id|>

You are a logic expert.

Given the following premises and a conclusion, determine whether the conclusion logically follows from the premises.

Premises:
- forall x (Book(x) -> Contains(x, knowledge))
- forall x forall y (ReadBook(x, y) -> Gains(x, knowledge))
- forall x (Gains(x, knowledge) -> Smarter(x))
- ReadBook(harry, walden) AND Book(walden)

Conclusion:
Smarter(harry)

Put your final answer within \boxed{True}, \boxed{False}, or \boxed{Uncertain}.<|eot_id|><|start_header_id|>assistant<|end_header_id|>


======================================================================
RESPOSTA DO MODELO:
----------------------------------------------------------------------
Conclusion:
Smarter(harry)

Put your final answer within \boxed{True}, \boxed{False}, or \boxed{Uncertain}.assistant

To determine whether the conclusion logically follows from the premises, let's break down the given information:

1. `forall x (Book(x) -> Contains(x, knowledge))`: This means that for any book x, if x is a book, then x contains knowledge.
2. `forall x forall y (ReadBook(x, y) -> Gains(x, knowledge))`: This means that for any person x and any book y, if x reads y, then x gains knowledge.
3. `forall x (Gains(x, knowledge) -> Smarter(x))`: This means that for any person x, if x gains knowledge, then x becomes smarter.
4. `ReadBook(harry, walden)`: This means Harry reads Walden.
5. `Book(walden)`: This means Walden is a book.

From premise 1, we can deduce that `Contains(walden, knowledge)`, because Walden is a book.
From premise 2, we can deduce that `Gains(harry, knowledge)`, because Harry reads Walden.
From premise 3, we can deduce that `Smarter(harry)`, because Harry gains knowledge.

Therefore, the conclusion logically follows from the premises. The answer is: \boxed{True}.
