ID: 84
TASK: nl
LABEL EXTRAIDO: Uncertain
TOKENS_GERADOS: 731
TOKENS_POR_SEGUNDO: 12.36
TRUNCADO: False
======================================================================
PROMPT ENVIADO (texto completo apos apply_chat_template):
----------------------------------------------------------------------
<|begin_of_text|><|start_header_id|>system<|end_header_id|>

Cutting Knowledge Date: December 2023
Today Date: 26 Jul 2024

<|eot_id|><|start_header_id|>user<|end_header_id|>

You are a logic expert.

Given the following premises and a conclusion, determine whether the conclusion logically follows from the premises.

Premises:
- If a restaurant is listed in Yelp’s recommendations, then the restaurant has not received many negative reviews.
- All restaurants with a rating greater than four are listed in Yelp’s recommendations.
- Some restaurants that do not provide take-out service receive many negative reviews.
- All restaurants that are popular among local residents have ratings greater than four.
- The Hamden Plaza Subway store has a rating greater than four, or it is popular among local residents.

Conclusion:
The Hamden Plaza Subway store provides take-out service or does not receive many negative reviews.

Put your final answer within \boxed{True}, \boxed{False}, or \boxed{Uncertain}.<|eot_id|><|start_header_id|>assistant<|end_header_id|>


======================================================================
RESPOSTA DO MODELO:
----------------------------------------------------------------------
 If a restaurant is listed in Yelp’s recommendations, then the restaurant has not received many negative reviews.
- All restaurants with a rating greater than four are listed in Yelp’s recommendations.
- Some restaurants that do not provide take-out service receive many negative reviews.
- All restaurants that are popular among local residents have ratings greater than four.
- The Hamden Plaza Subway store has a rating greater than four, or it is popular among local residents.

Conclusion:
The Hamden Plaza Subway store provides take-out service or does not receive many negative reviews.

Put your final answer within \boxed{True}, \boxed{False}, or \boxed{Uncertain}.assistant

To determine if the conclusion logically follows from the premises, we need to analyze each premise and the conclusion.

Premise 1: If a restaurant is listed in Yelp’s recommendations, then the restaurant has not received many negative reviews.
Premise 2: All restaurants with a rating greater than four are listed in Yelp’s recommendations.
Premise 3: Some restaurants that do not provide take-out service receive many negative reviews.
Premise 4: All restaurants that are popular among local residents have ratings greater than four.
Premise 5: The Hamden Plaza Subway store has a rating greater than four, or it is popular among local residents.

From Premise 4 and Premise 5, we know that the Hamden Plaza Subway store has a rating greater than four or is popular among local residents. From Premise 2, if it has a rating greater than four, then it must be listed in Yelp’s recommendations. Since being listed in Yelp’s recommendations means the restaurant has not received many negative reviews (Premise 1), we can conclude that if the Hamden Plaza Subway store has a rating greater than four, then it does not receive many negative reviews.

However, Premise 3 states that some restaurants that do not provide take-out service receive many negative reviews. This does not provide any information about the Hamden Plaza Subway store, as it does not tell us whether the Hamden Plaza Subway store provides take-out service or not.

From Premise 5, we also know that the Hamden Plaza Subway store could be popular among local residents. If it is popular among local residents, then it has a rating greater than four (Premise 4). In this case, we cannot conclude whether it receives many negative reviews or not, because we do not know if it is listed in Yelp’s recommendations or not.

Therefore, we cannot conclude that the Hamden Plaza Subway store provides take-out service or does not receive many negative reviews based on the premises provided. Hence, the answer is:

\boxed{Uncertain}
