ID: 81
TASK: junto
LABEL EXTRAIDO: True
TOKENS_GERADOS: 870
TOKENS_POR_SEGUNDO: 10.13
TRUNCADO: False
======================================================================
PROMPT ENVIADO (texto completo apos apply_chat_template):
----------------------------------------------------------------------
<|begin_of_text|><|start_header_id|>system<|end_header_id|>

Cutting Knowledge Date: December 2023
Today Date: 26 Jul 2024

<|eot_id|><|start_header_id|>user<|end_header_id|>

You are a logic expert.

Given the following premises and a conclusion, determine whether the conclusion logically follows from the premises.

Premises:
(forall x (BakedSweet(x) -> NOT Spicy(x))) AND (forall x (Cupcake(x) -> BakedSweet(x))) AND (forall x (MalaHotpot(x) -> Spicy(x))) AND (forall x (Product(x) AND From(x, bakedByMelissa) -> Cupcake(x))) AND (Spicy(driedThaiChili) OR MalaHotpot(driedThaiChili) OR NOT BakedSweet(driedThaiChili))

Conclusion:
NOT (Product(driedThaiChili) AND From(driedThaiChili, bakedByMelissa)) AND NOT BakedSweet(driedThaiChili)

Put your final answer within \boxed{True}, \boxed{False}, or \boxed{Uncertain}.<|eot_id|><|start_header_id|>assistant<|end_header_id|>


======================================================================
RESPOSTA DO MODELO:
----------------------------------------------------------------------
assistant

To determine whether the conclusion logically follows from the premises, let's analyze the given information step by step.

1. The first premise states that if something is a baked sweet, then it is not spicy.
2. The second premise states that if something is a cupcake, then it is a baked sweet.
3. The third premise states that if something is a Mala hotpot, then it is spicy.
4. The fourth premise states that if something is a product and was made by Melissa, then it is a cupcake.
5. The fifth premise states that dried Thai chili is either spicy, a Mala hotpot, or not a baked sweet.

From the fifth premise, we can infer that dried Thai chili is either spicy or not a baked sweet.

Now, let's consider the conclusion: NOT (Product(driedThaiChili) AND From(driedThaiChili, bakedByMelissa)) AND NOT BakedSweet(driedThaiChili)

We need to find out if this conclusion logically follows from the premises.

From the fourth premise, we know that if dried Thai chili is a product made by Melissa, then it is a cupcake. However, the conclusion states that it is not a product made by Melissa, which is consistent with the premises.

The second premise states that if something is a cupcake, then it is a baked sweet. However, the conclusion states that dried Thai chili is not a baked sweet. This is consistent with the premises because we know that dried Thai chili is either spicy or not a baked sweet from the fifth premise.

The first premise states that if something is a baked sweet, then it is not spicy. If dried Thai chili is not a baked sweet, then it can be spicy, which is consistent with the fifth premise.

Therefore, the conclusion logically follows from the premises.

The final answer is: \boxed{True}
