ID: 81
TASK: missing
LABEL EXTRAIDO: Uncertain
TOKENS_GERADOS: 850
TOKENS_POR_SEGUNDO: 10.53
TRUNCADO: False
======================================================================
PROMPT ENVIADO (texto completo apos apply_chat_template):
----------------------------------------------------------------------
<|begin_of_text|><|start_header_id|>system<|end_header_id|>

Cutting Knowledge Date: December 2023
Today Date: 26 Jul 2024

<|eot_id|><|start_header_id|>user<|end_header_id|>

You are a logic expert.

Given the following premises and a conclusion, determine whether the conclusion logically follows from the premises.

Premises:
- forall x (Cupcake(x) -> BakedSweet(x))
- forall x (MalaHotpot(x) -> Spicy(x))
- forall x (Product(x) AND From(x, bakedByMelissa) -> Cupcake(x))
- Spicy(driedThaiChili) OR MalaHotpot(driedThaiChili) OR NOT BakedSweet(driedThaiChili)

Conclusion:
NOT (Product(driedThaiChili) AND From(driedThaiChili, bakedByMelissa)) AND NOT BakedSweet(driedThaiChili)

Put your final answer within \boxed{True}, \boxed{False}, or \boxed{Uncertain}.<|eot_id|><|start_header_id|>assistant<|end_header_id|>


======================================================================
RESPOSTA DO MODELO:
----------------------------------------------------------------------
 AND NOT BakedSweet(driedThaiChili)

Put your final answer within \boxed{True}, \boxed{False}, or \boxed{Uncertain}.assistant

To determine if the conclusion logically follows from the premises, let's analyze the given statements.

Premise 1: forall x (Cupcake(x) -> BakedSweet(x))  
This means that if something is a cupcake, then it is a baked sweet.

Premise 2: forall x (MalaHotpot(x) -> Spicy(x))  
This means that if something is a Mala hotpot, then it is spicy.

Premise 3: forall x (Product(x) AND From(x, bakedByMelissa) -> Cupcake(x))  
This means that if something is a product and it was baked by Melissa, then it is a cupcake.

Premise 4: Spicy(driedThaiChili) OR MalaHotpot(driedThaiChili) OR NOT BakedSweet(driedThaiChili)  
This means that the dried Thai chili is either spicy, a Mala hotpot, or not a baked sweet.

Conclusion: NOT (Product(driedThaiChili) AND From(driedThaiChili, bakedByMelissa)) AND NOT BakedSweet(driedThaiChili)  
This means that it is not the case that the dried Thai chili is a product baked by Melissa and it is not a baked sweet.

To determine if the conclusion follows from the premises, let's consider the possible cases:

1. If the dried Thai chili is not a product baked by Melissa, then the conclusion is true regardless of the other premises.

2. If the dried Thai chili is a product baked by Melissa, then by Premise 3, it is a cupcake. By Premise 1, a cupcake is a baked sweet. This contradicts the conclusion, which states that the dried Thai chili is not a baked sweet.

However, we cannot conclude that the dried Thai chili is a product baked by Melissa from the premises alone. 

Therefore, we cannot be certain that the conclusion logically follows from the premises.
